Component: ARM Compiler 5.06 update 1 (build 61) Tool: armlink [4d35a8]

==============================================================================

Section Cross References

    startup_stm32f103xb.o(RESET) refers to startup_stm32f103xb.o(STACK) for __initial_sp
    startup_stm32f103xb.o(RESET) refers to startup_stm32f103xb.o(.text) for Reset_Handler
    startup_stm32f103xb.o(RESET) refers to stm32f1xx_it.o(i.NMI_Handler) for NMI_Handler
    startup_stm32f103xb.o(RESET) refers to stm32f1xx_it.o(i.HardFault_Handler) for HardFault_Handler
    startup_stm32f103xb.o(RESET) refers to stm32f1xx_it.o(i.MemManage_Handler) for MemManage_Handler
    startup_stm32f103xb.o(RESET) refers to stm32f1xx_it.o(i.BusFault_Handler) for BusFault_Handler
    startup_stm32f103xb.o(RESET) refers to stm32f1xx_it.o(i.UsageFault_Handler) for UsageFault_Handler
    startup_stm32f103xb.o(RESET) refers to port.o(.emb_text) for SVC_Handler
    startup_stm32f103xb.o(RESET) refers to stm32f1xx_it.o(i.DebugMon_Handler) for DebugMon_Handler
    startup_stm32f103xb.o(RESET) refers to port.o(i.SysTick_Handler) for SysTick_Handler
    startup_stm32f103xb.o(RESET) refers to stm32f1xx_it.o(i.DMA1_Channel3_IRQHandler) for DMA1_Channel3_IRQHandler
    startup_stm32f103xb.o(RESET) refers to stm32f1xx_it.o(i.DMA1_Channel6_IRQHandler) for DMA1_Channel6_IRQHandler
    startup_stm32f103xb.o(RESET) refers to stm32f1xx_it.o(i.DMA1_Channel7_IRQHandler) for DMA1_Channel7_IRQHandler
    startup_stm32f103xb.o(RESET) refers to stm32f1xx_it.o(i.TIM1_UP_IRQHandler) for TIM1_UP_IRQHandler
    startup_stm32f103xb.o(RESET) refers to stm32f1xx_it.o(i.USART2_IRQHandler) for USART2_IRQHandler
    startup_stm32f103xb.o(RESET) refers to stm32f1xx_it.o(i.USART3_IRQHandler) for USART3_IRQHandler
    startup_stm32f103xb.o(.text) refers to system_stm32f1xx.o(i.SystemInit) for SystemInit
    startup_stm32f103xb.o(.text) refers to entry.o(.ARM.Collect$$$$00000000) for __main
    user_key.o(i.KeyFunction) refers to stm32f1xx_hal_gpio.o(i.HAL_GPIO_ReadPin) for HAL_GPIO_ReadPin
    user_key.o(i.StartKeyTask) refers to user_key.o(i.KeyFunction) for KeyFunction
    user_key.o(i.StartKeyTask) refers to cmsis_os.o(i.osDelay) for osDelay
    user_key.o(i.StartKeyTask) refers to user_key.o(.data) for KeyRamSW1
    user_key.o(i.StartKeyTask) refers to main.o(.bss) for SysRam
    user_fun.o(i.Ods_Cfg) refers to stm32f1xx_hal_uart.o(i.HAL_UART_Transmit) for HAL_UART_Transmit
    user_fun.o(i.Ods_Cfg) refers to cmsis_os.o(i.osDelay) for osDelay
    user_fun.o(i.Ods_Cfg) refers to user_fun.o(.conststring) for .conststring
    user_fun.o(i.StartFunTask) refers to stm32f1xx_hal_tim.o(i.HAL_TIM_PWM_Start) for HAL_TIM_PWM_Start
    user_fun.o(i.StartFunTask) refers to stm32f1xx_hal_gpio.o(i.HAL_GPIO_WritePin) for HAL_GPIO_WritePin
    user_fun.o(i.StartFunTask) refers to stm32f1xx_hal_tim.o(i.HAL_TIM_PWM_Stop) for HAL_TIM_PWM_Stop
    user_fun.o(i.StartFunTask) refers to cmsis_os.o(i.osDelay) for osDelay
    user_fun.o(i.StartFunTask) refers to stm32f1xx_hal_gpio.o(i.HAL_GPIO_TogglePin) for HAL_GPIO_TogglePin
    user_fun.o(i.StartFunTask) refers to tim.o(.bss) for htim3
    user_fun.o(i.StartFunTask) refers to main.o(.bss) for SysRam
    main.o(i.HAL_TIM_PeriodElapsedCallback) refers to stm32f1xx_hal.o(i.HAL_IncTick) for HAL_IncTick
    main.o(i.SystemClock_Config) refers to memseta.o(.text) for __aeabi_memclr4
    main.o(i.SystemClock_Config) refers to stm32f1xx_hal_rcc.o(i.HAL_RCC_OscConfig) for HAL_RCC_OscConfig
    main.o(i.SystemClock_Config) refers to main.o(i.Error_Handler) for Error_Handler
    main.o(i.SystemClock_Config) refers to stm32f1xx_hal_rcc.o(i.HAL_RCC_ClockConfig) for HAL_RCC_ClockConfig
    main.o(i.main) refers to stm32f1xx_hal.o(i.HAL_Init) for HAL_Init
    main.o(i.main) refers to main.o(i.SystemClock_Config) for SystemClock_Config
    main.o(i.main) refers to gpio.o(i.MX_GPIO_Init) for MX_GPIO_Init
    main.o(i.main) refers to dma.o(i.MX_DMA_Init) for MX_DMA_Init
    main.o(i.main) refers to usart.o(i.MX_USART2_UART_Init) for MX_USART2_UART_Init
    main.o(i.main) refers to usart.o(i.MX_USART3_UART_Init) for MX_USART3_UART_Init
    main.o(i.main) refers to tim.o(i.MX_TIM3_Init) for MX_TIM3_Init
    main.o(i.main) refers to usart.o(i.MX_USART1_UART_Init) for MX_USART1_UART_Init
    main.o(i.main) refers to freertos.o(i.MX_FREERTOS_Init) for MX_FREERTOS_Init
    main.o(i.main) refers to cmsis_os.o(i.osKernelStart) for osKernelStart
    main.o(i.main) refers to stm32f1xx_hal_uart.o(i.HAL_UART_Transmit) for HAL_UART_Transmit
    main.o(i.main) refers to stm32f1xx_hal.o(i.HAL_Delay) for HAL_Delay
    main.o(i.main) refers to usart.o(.bss) for huart2
    gpio.o(i.MX_GPIO_Init) refers to stm32f1xx_hal_gpio.o(i.HAL_GPIO_WritePin) for HAL_GPIO_WritePin
    gpio.o(i.MX_GPIO_Init) refers to stm32f1xx_hal_gpio.o(i.HAL_GPIO_Init) for HAL_GPIO_Init
    freertos.o(i.MX_FREERTOS_Init) refers to memcpya.o(.text) for __aeabi_memcpy4
[...]
    Removing queue.o(i.xQueueGenericCreate), (94 bytes).
    Removing queue.o(i.xQueueGenericCreateStatic), (222 bytes).
    Removing queue.o(i.xQueueGenericReset), (152 bytes).
    Removing queue.o(i.xQueueGenericSend), (424 bytes).
    Removing queue.o(i.xQueueGenericSendFromISR), (248 bytes).
    Removing queue.o(i.xQueueGiveFromISR), (224 bytes).
    Removing queue.o(i.xQueueIsQueueEmptyFromISR), (38 bytes).
    Removing queue.o(i.xQueueIsQueueFullFromISR), (42 bytes).
    Removing queue.o(i.xQueuePeek), (368 bytes).
    Removing queue.o(i.xQueuePeekFromISR), (176 bytes).
    Removing queue.o(i.xQueueReceive), (360 bytes).
    Removing queue.o(i.xQueueReceiveFromISR), (202 bytes).
    Removing queue.o(i.xQueueSemaphoreTake), (440 bytes).
    Removing queue.o(.bss), (64 bytes).
    Removing stream_buffer.o(i.prvBytesInBuffer), (24 bytes).
    Removing stream_buffer.o(i.prvInitialiseNewStreamBuffer), (96 bytes).
    Removing stream_buffer.o(i.prvReadBytesFromBuffer), (202 bytes).
    Removing stream_buffer.o(i.prvReadMessageFromBuffer), (72 bytes).
    Removing stream_buffer.o(i.prvWriteBytesToBuffer), (186 bytes).
    Removing stream_buffer.o(i.prvWriteMessageToBuffer), (92 bytes).
    Removing stream_buffer.o(i.vStreamBufferDelete), (56 bytes).
    Removing stream_buffer.o(i.xStreamBufferBytesAvailable), (42 bytes).
    Removing stream_buffer.o(i.xStreamBufferGenericCreate), (114 bytes).
    Removing stream_buffer.o(i.xStreamBufferGenericCreateStatic), (222 bytes).
    Removing stream_buffer.o(i.xStreamBufferIsEmpty), (46 bytes).
    Removing stream_buffer.o(i.xStreamBufferIsFull), (64 bytes).
    Removing stream_buffer.o(i.xStreamBufferReceive), (254 bytes).
    Removing stream_buffer.o(i.xStreamBufferReceiveCompletedFromISR), (102 bytes).
    Removing stream_buffer.o(i.xStreamBufferReceiveFromISR), (184 bytes).
    Removing stream_buffer.o(i.xStreamBufferReset), (74 bytes).
    Removing stream_buffer.o(i.xStreamBufferSend), (274 bytes).
    Removing stream_buffer.o(i.xStreamBufferSendCompletedFromISR), (102 bytes).
    Removing stream_buffer.o(i.xStreamBufferSendFromISR), (184 bytes).
    Removing stream_buffer.o(i.xStreamBufferSetTriggerLevel), (50 bytes).
    Removing stream_buffer.o(i.xStreamBufferSpacesAvailable), (54 bytes).
    Removing tasks.o(i.pcTaskGetName), (48 bytes).
    Removing tasks.o(i.prvTaskIsTaskSuspended), (88 bytes).
    Removing tasks.o(i.pvTaskIncrementMutexHeldCount), (32 bytes).
    Removing tasks.o(i.ulTaskNotifyTake), (116 bytes).
    Removing tasks.o(i.uxTaskGetNumberOfTasks), (12 bytes).
    Removing tasks.o(i.uxTaskPriorityGet), (36 bytes).
    Removing tasks.o(i.uxTaskPriorityGetFromISR), (68 bytes).
    Removing tasks.o(i.uxTaskResetEventItemValue), (28 bytes).
    Removing tasks.o(i.vTaskDelete), (244 bytes).
    Removing tasks.o(i.vTaskEndScheduler), (36 bytes).
    Removing tasks.o(i.vTaskInternalSetTimeOutState), (24 bytes).
    Removing tasks.o(i.vTaskMissedYield), (12 bytes).
    Removing tasks.o(i.vTaskNotifyGiveFromISR), (240 bytes).
    Removing tasks.o(i.vTaskPlaceOnEventList), (56 bytes).
    Removing tasks.o(i.vTaskPlaceOnUnorderedEventList), (108 bytes).
    Removing tasks.o(i.vTaskPriorityDisinheritAfterTimeout), (244 bytes).
    Removing tasks.o(i.vTaskPrioritySet), (276 bytes).
    Removing tasks.o(i.vTaskRemoveFromUnorderedEventList), (164 bytes).
    Removing tasks.o(i.vTaskResume), (144 bytes).
    Removing tasks.o(i.vTaskSetTimeOutState), (60 bytes).
    Removing tasks.o(i.vTaskSuspend), (244 bytes).
    Removing tasks.o(i.xTaskCheckForTimeOut), (140 bytes).
    Removing tasks.o(i.xTaskGenericNotify), (260 bytes).
    Removing tasks.o(i.xTaskGenericNotifyFromISR), (324 bytes).
    Removing tasks.o(i.xTaskGetCurrentTaskHandle), (12 bytes).
    Removing tasks.o(i.xTaskGetSchedulerState), (32 bytes).
    Removing tasks.o(i.xTaskGetTickCount), (12 bytes).
    Removing tasks.o(i.xTaskGetTickCountFromISR), (20 bytes).
    Removing tasks.o(i.xTaskNotifyStateClear), (52 bytes).
    Removing tasks.o(i.xTaskNotifyWait), (160 bytes).
    Removing tasks.o(i.xTaskPriorityDisinherit), (200 bytes).
    Removing tasks.o(i.xTaskPriorityInherit), (200 bytes).
    Removing tasks.o(i.xTaskRemoveFromEventList), (152 bytes).
    Removing tasks.o(i.xTaskResumeFromISR), (180 bytes).
    Removing cmsis_os.o(.rev16_text), (4 bytes).
    Removing cmsis_os.o(.revsh_text), (4 bytes).
    Removing cmsis_os.o(.rrx_text), (6 bytes).
    Removing cmsis_os.o(i.inHandlerMode), (16 bytes).
    Removing cmsis_os.o(i.makeCmsisPriority), (18 bytes).
    Removing cmsis_os.o(i.osAbortDelay), (6 bytes).
    Removing cmsis_os.o(i.osDelayUntil), (6 bytes).
    Removing cmsis_os.o(i.osKernelRunning), (18 bytes).
    Removing cmsis_os.o(i.osKernelSysTick), (20 bytes).
    Removing cmsis_os.o(i.osMailAlloc), (24 bytes).
    Removing cmsis_os.o(i.osMailCAlloc), (44 bytes).
    Removing cmsis_os.o(i.osMailCreate), (122 bytes).
    Removing cmsis_os.o(i.osMailFree), (22 bytes).
    Removing cmsis_os.o(i.osMailGet), (152 bytes).
    Removing cmsis_os.o(i.osMailPut), (96 bytes).
    Removing cmsis_os.o(i.osMessageAvailableSpace), (12 bytes).
    Removing cmsis_os.o(i.osMessageCreate), (40 bytes).
    Removing cmsis_os.o(i.osMessageDelete), (24 bytes).
    Removing cmsis_os.o(i.osMessageGet), (156 bytes).
    Removing cmsis_os.o(i.osMessagePeek), (86 bytes).
    Removing cmsis_os.o(i.osMessagePut), (96 bytes).
    Removing cmsis_os.o(i.osMessageWaiting), (26 bytes).
    Removing cmsis_os.o(i.osMutexCreate), (26 bytes).
    Removing cmsis_os.o(i.osMutexDelete), (24 bytes).
    Removing cmsis_os.o(i.osMutexRelease), (80 bytes).
    Removing cmsis_os.o(i.osMutexWait), (104 bytes).
    Removing cmsis_os.o(i.osPoolAlloc), (124 bytes).
    Removing cmsis_os.o(i.osPoolCAlloc), (22 bytes).
    Removing cmsis_os.o(i.osPoolCreate), (112 bytes).
    Removing cmsis_os.o(i.osPoolFree), (74 bytes).
    Removing cmsis_os.o(i.osRecursiveMutexCreate), (6 bytes).
    Removing cmsis_os.o(i.osRecursiveMutexRelease), (6 bytes).
    Removing cmsis_os.o(i.osRecursiveMutexWait), (6 bytes).
    Removing cmsis_os.o(i.osSemaphoreCreate), (74 bytes).
    Removing cmsis_os.o(i.osSemaphoreDelete), (24 bytes).
    Removing cmsis_os.o(i.osSemaphoreGetCount), (12 bytes).
    Removing cmsis_os.o(i.osSemaphoreRelease), (80 bytes).
    Removing cmsis_os.o(i.osSemaphoreWait), (104 bytes).
    Removing cmsis_os.o(i.osSignalSet), (96 bytes).
    Removing cmsis_os.o(i.osSignalWait), (98 bytes).
    Removing cmsis_os.o(i.osSystickHandler), (16 bytes).
    Removing cmsis_os.o(i.osThreadGetId), (8 bytes).
    Removing cmsis_os.o(i.osThreadGetPriority), (38 bytes).
    Removing cmsis_os.o(i.osThreadList), (6 bytes).
    Removing cmsis_os.o(i.osThreadResume), (52 bytes).
    Removing cmsis_os.o(i.osThreadResumeAll), (18 bytes).
    Removing cmsis_os.o(i.osThreadSetPriority), (26 bytes).
    Removing cmsis_os.o(i.osThreadSuspend), (14 bytes).
    Removing cmsis_os.o(i.osThreadSuspendAll), (10 bytes).
    Removing cmsis_os.o(i.osThreadTerminate), (14 bytes).
    Removing cmsis_os.o(i.osThreadYield), (24 bytes).
    Removing cmsis_os.o(i.osTimerCreate), (6 bytes).
    Removing cmsis_os.o(i.osTimerDelete), (8 bytes).
    Removing cmsis_os.o(i.osTimerStart), (8 bytes).
    Removing cmsis_os.o(i.osTimerStop), (8 bytes).
    Removing heap_4.o(i.vPortInitialiseBlocks), (2 bytes).
    Removing heap_4.o(i.xPortGetFreeHeapSize), (12 bytes).
    Removing heap_4.o(i.xPortGetMinimumEverFreeHeapSize), (12 bytes).
    Removing port.o(i.vPortEndScheduler), (48 bytes).
    Removing port.o(i.vPortValidateInterruptPriority), (120 bytes).

534 unused section(s) (total 44430 bytes) removed from the image.

==============================================================================

Image Symbol Table

    Local Symbols

    Symbol Name                              Value     Ov Type        Size  Object(Section)

    ../Core/Src/dma.c                        0x00000000   Number         0  dma.o ABSOLUTE
    ../Core/Src/freertos.c                   0x00000000   Number         0  freertos.o ABSOLUTE
    ../Core/Src/gpio.c                       0x00000000   Number         0  gpio.o ABSOLUTE
    ../Core/Src/main.c                       0x00000000   Number         0  main.o ABSOLUTE
    ../Core/Src/stm32f1xx_hal_msp.c          0x00000000   Number         0  stm32f1xx_hal_msp.o ABSOLUTE
    ../Core/Src/stm32f1xx_hal_timebase_tim.c 0x00000000   Number         0  stm32f1xx_hal_timebase_tim.o ABSOLUTE
    ../Core/Src/stm32f1xx_it.c               0x00000000   Number         0  stm32f1xx_it.o ABSOLUTE
    ../Core/Src/system_stm32f1xx.c           0x00000000   Number         0  system_stm32f1xx.o ABSOLUTE
    ../Core/Src/tim.c                        0x00000000   Number         0  tim.o ABSOLUTE
    ../Core/Src/usart.c                      0x00000000   Number         0  usart.o ABSOLUTE
    ../Drivers/STM32F1xx_HAL_Driver/Src/stm32f1xx_hal.c 0x00000000   Number         0  stm32f1xx_hal.o ABSOLUTE
    ../Drivers/STM32F1xx_HAL_Driver/Src/stm32f1xx_hal_cortex.c 0x00000000   Number         0  stm32f1xx_hal_cortex.o ABSOLUTE
    ../Drivers/STM32F1xx_HAL_Driver/Src/stm32f1xx_hal_dma.c 0x00000000   Number         0  stm32f1xx_hal_dma.o ABSOLUTE
    ../Drivers/STM32F1xx_HAL_Driver/Src/stm32f1xx_hal_exti.c 0x00000000   Number         0  stm32f1xx_hal_exti.o ABSOLUTE
    ../Drivers/STM32F1xx_HAL_Driver/Src/stm32f1xx_hal_flash.c 0x00000000   Number         0  stm32f1xx_hal_flash.o ABSOLUTE
    ../Drivers/STM32F1xx_HAL_Driver/Src/stm32f1xx_hal_flash_ex.c 0x00000000   Number         0  stm32f1xx_hal_flash_ex.o ABSOLUTE
    ../Drivers/STM32F1xx_HAL_Driver/Src/stm32f1xx_hal_gpio.c 0x00000000   Number         0  stm32f1xx_hal_gpio.o ABSOLUTE
    ../Drivers/STM32F1xx_HAL_Driver/Src/stm32f1xx_hal_gpio_ex.c 0x00000000   Number         0  stm32f1xx_hal_gpio_ex.o ABSOLUTE
    ../Drivers/STM32F1xx_HAL_Driver/Src/stm32f1xx_hal_pwr.c 0x00000000   Number         0  stm32f1xx_hal_pwr.o ABSOLUTE
    ../Drivers/STM32F1xx_HAL_Driver/Src/stm32f1xx_hal_rcc.c 0x00000000   Number         0  stm32f1xx_hal_rcc.o ABSOLUTE
    ../Drivers/STM32F1xx_HAL_Driver/Src/stm32f1xx_hal_rcc_ex.c 0x00000000   Number         0  stm32f1xx_hal_rcc_ex.o ABSOLUTE
    ../Drivers/STM32F1xx_HAL_Driver/Src/stm32f1xx_hal_tim.c 0x00000000   Number         0  stm32f1xx_hal_tim.o ABSOLUTE
    ../Drivers/STM32F1xx_HAL_Driver/Src/stm32f1xx_hal_tim_ex.c 0x00000000   Number         0  stm32f1xx_hal_tim_ex.o ABSOLUTE
    ../Drivers/STM32F1xx_HAL_Driver/Src/stm32f1xx_hal_uart.c 0x00000000   Number         0  stm32f1xx_hal_uart.o ABSOLUTE
    ../Middlewares/Third_Party/FreeRTOS/Source/CMSIS_RTOS/cmsis_os.c 0x00000000   Number         0  cmsis_os.o ABSOLUTE
    ../Middlewares/Third_Party/FreeRTOS/Source/croutine.c 0x00000000   Number         0  croutine.o ABSOLUTE
    ../Middlewares/Third_Party/FreeRTOS/Source/event_groups.c 0x00000000   Number         0  event_groups.o ABSOLUTE
    ../Middlewares/Third_Party/FreeRTOS/Source/list.c 0x00000000   Number         0  list.o ABSOLUTE
    ../Middlewares/Third_Party/FreeRTOS/Source/portable/MemMang/heap_4.c 0x00000000   Number         0  heap_4.o ABSOLUTE
    ../Middlewares/Third_Party/FreeRTOS/Source/portable/RVDS/ARM_CM3/port.c 0x00000000   Number         0  port.o ABSOLUTE
    ../Middlewares/Third_Party/FreeRTOS/Source/queue.c 0x00000000   Number         0  queue.o ABSOLUTE
    ../Middlewares/Third_Party/FreeRTOS/Source/stream_buffer.c 0x00000000   Number         0  stream_buffer.o ABSOLUTE
    ../Middlewares/Third_Party/FreeRTOS/Source/tasks.c 0x00000000   Number         0  tasks.o ABSOLUTE
    ../Middlewares/Third_Party/FreeRTOS/Source/timers.c 0x00000000   Number         0  timers.o ABSOLUTE
    ../clib/microlib/init/entry.s            0x00000000   Number         0  entry8a.o ABSOLUTE
    ../clib/microlib/init/entry.s            0x00000000   Number         0  entry7b.o ABSOLUTE
    ../clib/microlib/init/entry.s            0x00000000   Number         0  entry10a.o ABSOLUTE
    ../clib/microlib/init/entry.s            0x00000000   Number         0  entry11b.o ABSOLUTE
    ../clib/microlib/init/entry.s            0x00000000   Number         0  entry11a.o ABSOLUTE
    ../clib/microlib/init/entry.s            0x00000000   Number         0  entry5.o ABSOLUTE
    ../clib/microlib/init/entry.s            0x00000000   Number         0  entry.o ABSOLUTE
    ../clib/microlib/init/entry.s            0x00000000   Number         0  entry10b.o ABSOLUTE
    ../clib/microlib/init/entry.s            0x00000000   Number         0  entry9b.o ABSOLUTE
    ../clib/microlib/init/entry.s            0x00000000   Number         0  entry2.o ABSOLUTE
    ../clib/microlib/init/entry.s            0x00000000   Number         0  entry9a.o ABSOLUTE
    ../clib/microlib/init/entry.s            0x00000000   Number         0  entry7a.o ABSOLUTE
    ../clib/microlib/init/entry.s            0x00000000   Number         0  entry8b.o ABSOLUTE
    ../clib/microlib/longlong.c              0x00000000   Number         0  llushr.o ABSOLUTE
    ../clib/microlib/string/memcpy.c         0x00000000   Number         0  memcpya.o ABSOLUTE
    ../clib/microlib/string/memcpy.c         0x00000000   Number         0  memcpyb.o ABSOLUTE
    ../clib/microlib/string/memset.c         0x00000000   Number         0  memseta.o ABSOLUTE
    ../clib/microlib/string/memset.c         0x00000000   Number         0  memset.o ABSOLUTE
    ..\Core\Src\dma.c                        0x00000000   Number         0  dma.o ABSOLUTE
    ..\Core\Src\freertos.c                   0x00000000   Number         0  freertos.o ABSOLUTE
    ..\Core\Src\gpio.c                       0x00000000   Number         0  gpio.o ABSOLUTE
    ..\Core\Src\main.c                       0x00000000   Number         0  main.o ABSOLUTE
    ..\Core\Src\stm32f1xx_hal_msp.c          0x00000000   Number         0  stm32f1xx_hal_msp.o ABSOLUTE
    ..\Core\Src\stm32f1xx_hal_timebase_tim.c 0x00000000   Number         0  stm32f1xx_hal_timebase_tim.o ABSOLUTE
    ..\Core\Src\stm32f1xx_it.c               0x00000000   Number         0  stm32f1xx_it.o ABSOLUTE
    ..\Core\Src\system_stm32f1xx.c           0x00000000   Number         0  system_stm32f1xx.o ABSOLUTE
    ..\Core\Src\tim.c                        0x00000000   Number         0  tim.o ABSOLUTE
    ..\Core\Src\usart.c                      0x00000000   Number         0  usart.o ABSOLUTE
    ..\Core\Src\user_fun.c                   0x00000000   Number         0  user_fun.o ABSOLUTE
    ..\Core\Src\user_key.c                   0x00000000   Number         0  user_key.o ABSOLUTE
    ..\Core\Src\user_radar.c                 0x00000000   Number         0  user_radar.o ABSOLUTE
    ..\Drivers\STM32F1xx_HAL_Driver\Src\stm32f1xx_hal.c 0x00000000   Number         0  stm32f1xx_hal.o ABSOLUTE
    ..\Drivers\STM32F1xx_HAL_Driver\Src\stm32f1xx_hal_cortex.c 0x00000000   Number         0  stm32f1xx_hal_cortex.o ABSOLUTE
    ..\Drivers\STM32F1xx_HAL_Driver\Src\stm32f1xx_hal_dma.c 0x00000000   Number         0  stm32f1xx_hal_dma.o ABSOLUTE
    ..\Drivers\STM32F1xx_HAL_Driver\Src\stm32f1xx_hal_exti.c 0x00000000   Number         0  stm32f1xx_hal_exti.o ABSOLUTE
    ..\Drivers\STM32F1xx_HAL_Driver\Src\stm32f1xx_hal_flash.c 0x00000000   Number         0  stm32f1xx_hal_flash.o ABSOLUTE
    ..\Drivers\STM32F1xx_HAL_Driver\Src\stm32f1xx_hal_flash_ex.c 0x00000000   Number         0  stm32f1xx_hal_flash_ex.o ABSOLUTE
    ..\Drivers\STM32F1xx_HAL_Driver\Src\stm32f1xx_hal_gpio.c 0x00000000   Number         0  stm32f1xx_hal_gpio.o ABSOLUTE
    ..\Drivers\STM32F1xx_HAL_Driver\Src\stm32f1xx_hal_gpio_ex.c 0x00000000   Number         0  stm32f1xx_hal_gpio_ex.o ABSOLUTE
    ..\Drivers\STM32F1xx_HAL_Driver\Src\stm32f1xx_hal_pwr.c 0x00000000   Number         0  stm32f1xx_hal_pwr.o ABSOLUTE
    ..\Drivers\STM32F1xx_HAL_Driver\Src\stm32f1xx_hal_rcc.c 0x00000000   Number         0  stm32f1xx_hal_rcc.o ABSOLUTE
    ..\Drivers\STM32F1xx_HAL_Driver\Src\stm32f1xx_hal_rcc_ex.c 0x00000000   Number         0  stm32f1xx_hal_rcc_ex.o ABSOLUTE
    ..\Drivers\STM32F1xx_HAL_Driver\Src\stm32f1xx_hal_tim.c 0x00000000   Number         0  stm32f1xx_hal_tim.o ABSOLUTE
    ..\Drivers\STM32F1xx_HAL_Driver\Src\stm32f1xx_hal_tim_ex.c 0x00000000   Number         0  stm32f1xx_hal_tim_ex.o ABSOLUTE
    ..\Drivers\STM32F1xx_HAL_Driver\Src\stm32f1xx_hal_uart.c 0x00000000   Number         0  stm32f1xx_hal_uart.o ABSOLUTE
    ..\Middlewares\Third_Party\FreeRTOS\Source\CMSIS_RTOS\cmsis_os.c 0x00000000   Number         0  cmsis_os.o ABSOLUTE
    ..\Middlewares\Third_Party\FreeRTOS\Source\portable\RVDS\ARM_CM3\port.c 0x00000000   Number         0  port.o ABSOLUTE
    ..\\Core\\Src\\user_fun.c                0x00000000   Number         0  user_fun.o ABSOLUTE
    ..\\Core\\Src\\user_key.c                0x00000000   Number         0  user_key.o ABSOLUTE
    ..\\Core\\Src\\user_radar.c              0x00000000   Number         0  user_radar.o ABSOLUTE
    dc.s                                     0x00000000   Number         0  dc.o ABSOLUTE
    handlers.s                               0x00000000   Number         0  handlers.o ABSOLUTE
    init.s                                   0x00000000   Number         0  init.o ABSOLUTE
    startup_stm32f103xb.s                    0x00000000   Number         0  startup_stm32f103xb.o ABSOLUTE
    RESET                                    0x08000000   Section      236  startup_stm32f103xb.o(RESET)
    .ARM.Collect$$$$00000000                 0x080000ec   Section        0  entry.o(.ARM.Collect$$$$00000000)
    .ARM.Collect$$$$00000001                 0x080000ec   Section        4  entry2.o(.ARM.Collect$$$$00000001)
    .ARM.Collect$$$$00000004                 0x080000f0   Section        4  entry5.o(.ARM.Collect$$$$00000004)
    .ARM.Collect$$$$00000008                 0x080000f4   Section        0  entry7b.o(.ARM.Collect$$$$00000008)
    .ARM.Collect$$$$0000000A                 0x080000f4   Section        0  entry8b.o(.ARM.Collect$$$$0000000A)
    .ARM.Collect$$$$0000000B                 0x080000f4   Section        8  entry9a.o(.ARM.Collect$$$$0000000B)
    .ARM.Collect$$$$0000000D                 0x080000fc   Section        0  entry10a.o(.ARM.Collect$$$$0000000D)
    .ARM.Collect$$$$0000000F                 0x080000fc   Section        0  entry11a.o(.ARM.Collect$$$$0000000F)
    .ARM.Collect$$$$00002712                 0x080000fc   Section        4  entry2.o(.ARM.Collect$$$$00002712)
    __lit__00000000                          0x080000fc   Data           4  entry2.o(.ARM.Collect$$$$00002712)
    .emb_text                                0x08000100   Section      150  port.o(.emb_text)
    .text                                    0x08000198   Section       36  startup_stm32f103xb.o(.text)
    .text                                    0x080001bc   Section        0  memcpya.o(.text)
    .text                                    0x080001e0   Section        0  memseta.o(.text)
    .text                                    0x08000204   Section       36  init.o(.text)
    i.BusFault_Handler                       0x08000228   Section        0  stm32f1xx_it.o(i.BusFault_Handler)
    i.DMA1_Channel3_IRQHandler               0x0800022c   Section        0  stm32f1xx_it.o(i.DMA1_Channel3_IRQHandler)
    i.DMA1_Channel6_IRQHandler               0x0800023c   Section        0  stm32f1xx_it.o(i.DMA1_Channel6_IRQHandler)
    i.DMA1_Channel7_IRQHandler               0x0800024c   Section        0  stm32f1xx_it.o(i.DMA1_Channel7_IRQHandler)
    i.DMA_SetConfig                          0x0800025c   Section        0  stm32f1xx_hal_dma.o(i.DMA_SetConfig)
    DMA_SetConfig                            0x0800025d   Thumb Code    44  stm32f1xx_hal_dma.o(i.DMA_SetConfig)
    i.DebugMon_Handler                       0x08000288   Section        0  stm32f1xx_it.o(i.DebugMon_Handler)
    i.Error_Handler                          0x0800028a   Section        0  main.o(i.Error_Handler)
    i.HAL_DMA_Abort                          0x08000290   Section        0  stm32f1xx_hal_dma.o(i.HAL_DMA_Abort)
    i.HAL_DMA_Abort_IT                       0x080002e8   Section        0  stm32f1xx_hal_dma.o(i.HAL_DMA_Abort_IT)
    i.HAL_DMA_IRQHandler                     0x08000398   Section        0  stm32f1xx_hal_dma.o(i.HAL_DMA_IRQHandler)
    i.HAL_DMA_Init                           0x08000534   Section        0  stm32f1xx_hal_dma.o(i.HAL_DMA_Init)
    i.HAL_DMA_Start_IT                       0x0800059c   Section        0  stm32f1xx_hal_dma.o(i.HAL_DMA_Start_IT)
    i.HAL_Delay                              0x08000638   Section        0  stm32f1xx_hal.o(i.HAL_Delay)
    i.HAL_GPIO_Init                          0x08000660   Section        0  stm32f1xx_hal_gpio.o(i.HAL_GPIO_Init)
    i.HAL_GPIO_ReadPin                       0x08000980   Section        0  stm32f1xx_hal_gpio.o(i.HAL_GPIO_ReadPin)
    i.HAL_GPIO_TogglePin                     0x08000990   Section        0  stm32f1xx_hal_gpio.o(i.HAL_GPIO_TogglePin)
    i.HAL_GPIO_WritePin                      0x080009a4   Section        0  stm32f1xx_hal_gpio.o(i.HAL_GPIO_WritePin)
    i.HAL_GetTick                            0x080009b0   Section        0  stm32f1xx_hal.o(i.HAL_GetTick)
    i.HAL_IncTick                            0x080009bc   Section        0  stm32f1xx_hal.o(i.HAL_IncTick)
    i.HAL_Init                               0x080009d4   Section        0  stm32f1xx_hal.o(i.HAL_Init)
    i.HAL_InitTick                           0x080009fc   Section        0  stm32f1xx_hal_timebase_tim.o(i.HAL_InitTick)
    i.HAL_MspInit                            0x08000a9c   Section        0  stm32f1xx_hal_msp.o(i.HAL_MspInit)
    i.HAL_NVIC_EnableIRQ                     0x08000afc   Section        0  stm32f1xx_hal_cortex.o(i.HAL_NVIC_EnableIRQ)
    i.HAL_NVIC_SetPriority                   0x08000b1c   Section        0  stm32f1xx_hal_cortex.o(i.HAL_NVIC_SetPriority)
    i.HAL_NVIC_SetPriorityGrouping           0x08000b98   Section        0  stm32f1xx_hal_cortex.o(i.HAL_NVIC_SetPriorityGrouping)
    i.HAL_RCC_ClockConfig                    0x08000bc0   Section        0  stm32f1xx_hal_rcc.o(i.HAL_RCC_ClockConfig)
    i.HAL_RCC_GetClockConfig                 0x08000d4c   Section        0  stm32f1xx_hal_rcc.o(i.HAL_RCC_GetClockConfig)
    i.HAL_RCC_GetHCLKFreq                    0x08000d90   Section        0  stm32f1xx_hal_rcc.o(i.HAL_RCC_GetHCLKFreq)
    i.HAL_RCC_GetPCLK1Freq                   0x08000d9c   Section        0  stm32f1xx_hal_rcc.o(i.HAL_RCC_GetPCLK1Freq)
    i.HAL_RCC_GetPCLK2Freq                   0x08000dbc   Section        0  stm32f1xx_hal_rcc.o(i.HAL_RCC_GetPCLK2Freq)
    i.HAL_RCC_GetSysClockFreq                0x08000ddc   Section        0  stm32f1xx_hal_rcc.o(i.HAL_RCC_GetSysClockFreq)
    i.HAL_RCC_OscConfig                      0x08000e70   Section        0  stm32f1xx_hal_rcc.o(i.HAL_RCC_OscConfig)
    i.HAL_TIMEx_BreakCallback                0x080012d4   Section        0  stm32f1xx_hal_tim_ex.o(i.HAL_TIMEx_BreakCallback)
    i.HAL_TIMEx_CommutCallback               0x080012d6   Section        0  stm32f1xx_hal_tim_ex.o(i.HAL_TIMEx_CommutCallback)
    i.HAL_TIMEx_MasterConfigSynchronization  0x080012d8   Section        0  stm32f1xx_hal_tim_ex.o(i.HAL_TIMEx_MasterConfigSynchronization)
    i.HAL_TIM_Base_Init                      0x0800135c   Section        0  stm32f1xx_hal_tim.o(i.HAL_TIM_Base_Init)
    i.HAL_TIM_Base_MspInit                   0x080013c2   Section        0  stm32f1xx_hal_tim.o(i.HAL_TIM_Base_MspInit)
    i.HAL_TIM_Base_Start_IT                  0x080013c4   Section        0  stm32f1xx_hal_tim.o(i.HAL_TIM_Base_Start_IT)
    i.HAL_TIM_IC_CaptureCallback             0x0800143c   Section        0  stm32f1xx_hal_tim.o(i.HAL_TIM_IC_CaptureCallback)
    i.HAL_TIM_IRQHandler                     0x0800143e   Section        0  stm32f1xx_hal_tim.o(i.HAL_TIM_IRQHandler)
    i.HAL_TIM_MspPostInit                    0x080015d4   Section        0  tim.o(i.HAL_TIM_MspPostInit)
    i.HAL_TIM_OC_DelayElapsedCallback        0x0800162c   Section        0  stm32f1xx_hal_tim.o(i.HAL_TIM_OC_DelayElapsedCallback)
    i.HAL_TIM_PWM_ConfigChannel              0x0800162e   Section        0  stm32f1xx_hal_tim.o(i.HAL_TIM_PWM_ConfigChannel)
    i.HAL_TIM_PWM_Init                       0x0800172a   Section        0  stm32f1xx_hal_tim.o(i.HAL_TIM_PWM_Init)
    i.HAL_TIM_PWM_MspInit                    0x08001790   Section        0  tim.o(i.HAL_TIM_PWM_MspInit)
    i.HAL_TIM_PWM_PulseFinishedCallback      0x080017c0   Section        0  stm32f1xx_hal_tim.o(i.HAL_TIM_PWM_PulseFinishedCallback)
    i.HAL_TIM_PWM_Start                      0x080017c4   Section        0  stm32f1xx_hal_tim.o(i.HAL_TIM_PWM_Start)
    i.HAL_TIM_PWM_Stop                       0x08001898   Section        0  stm32f1xx_hal_tim.o(i.HAL_TIM_PWM_Stop)
    i.HAL_TIM_PeriodElapsedCallback          0x08001934   Section        0  main.o(i.HAL_TIM_PeriodElapsedCallback)
    i.HAL_TIM_TriggerCallback                0x0800194c   Section        0  stm32f1xx_hal_tim.o(i.HAL_TIM_TriggerCallback)
    i.HAL_UARTEx_ReceiveToIdle_DMA           0x0800194e   Section        0  stm32f1xx_hal_uart.o(i.HAL_UARTEx_ReceiveToIdle_DMA)
    i.HAL_UARTEx_ReceiveToIdle_IT            0x080019c0   Section        0  stm32f1xx_hal_uart.o(i.HAL_UARTEx_ReceiveToIdle_IT)
    i.HAL_UARTEx_RxEventCallback             0x08001a32   Section        0  stm32f1xx_hal_uart.o(i.HAL_UARTEx_RxEventCallback)
    i.HAL_UART_ErrorCallback                 0x08001a34   Section        0  stm32f1xx_hal_uart.o(i.HAL_UART_ErrorCallback)
    i.HAL_UART_IRQHandler                    0x08001a38   Section        0  stm32f1xx_hal_uart.o(i.HAL_UART_IRQHandler)
    i.HAL_UART_Init                          0x08001c84   Section        0  stm32f1xx_hal_uart.o(i.HAL_UART_Init)
    i.HAL_UART_MspInit                       0x08001cf8   Section        0  usart.o(i.HAL_UART_MspInit)
    i.HAL_UART_RxCpltCallback                0x08001f10   Section        0  stm32f1xx_hal_uart.o(i.HAL_UART_RxCpltCallback)
    i.HAL_UART_RxHalfCpltCallback            0x08001f12   Section        0  stm32f1xx_hal_uart.o(i.HAL_UART_RxHalfCpltCallback)
    i.HAL_UART_Transmit                      0x08001f14   Section        0  stm32f1xx_hal_uart.o(i.HAL_UART_Transmit)
    i.HAL_UART_Transmit_DMA                  0x08001fe8   Section        0  stm32f1xx_hal_uart.o(i.HAL_UART_Transmit_DMA)
    i.HAL_UART_TxCpltCallback                0x08002084   Section        0  stm32f1xx_hal_uart.o(i.HAL_UART_TxCpltCallback)
    i.HAL_UART_TxHalfCpltCallback            0x08002086   Section        0  stm32f1xx_hal_uart.o(i.HAL_UART_TxHalfCpltCallback)
    i.HardFault_Handler                      0x08002088   Section        0  stm32f1xx_it.o(i.HardFault_Handler)
    i.KeyFunction                            0x0800208c   Section        0  user_key.o(i.KeyFunction)
    i.MX_DMA_Init                            0x08002130   Section        0  dma.o(i.MX_DMA_Init)
    i.MX_FREERTOS_Init                       0x08002184   Section        0  freertos.o(i.MX_FREERTOS_Init)
    i.MX_GPIO_Init                           0x08002200   Section        0  gpio.o(i.MX_GPIO_Init)
    i.MX_TIM3_Init                           0x08002300   Section        0  tim.o(i.MX_TIM3_Init)
    i.MX_USART1_UART_Init                    0x0800237c   Section        0  usart.o(i.MX_USART1_UART_Init)
    i.MX_USART2_UART_Init                    0x080023b4   Section        0  usart.o(i.MX_USART2_UART_Init)
    i.MX_USART3_UART_Init                    0x080023ec   Section        0  usart.o(i.MX_USART3_UART_Init)
    i.MemManage_Handler                      0x08002424   Section        0  stm32f1xx_it.o(i.MemManage_Handler)
    i.NMI_Handler                            0x08002428   Section        0  stm32f1xx_it.o(i.NMI_Handler)
    i.Ods_Cfg                                0x0800242c   Section        0  user_fun.o(i.Ods_Cfg)
    i.RCC_Delay                              0x08002b50   Section        0  stm32f1xx_hal_rcc.o(i.RCC_Delay)
    RCC_Delay                                0x08002b51   Thumb Code    36  stm32f1xx_hal_rcc.o(i.RCC_Delay)
    i.Radar_Resolver                         0x08002b78   Section        0  user_radar.o(i.Radar_Resolver)
    i.StartDefaultTask                       0x08002bdc   Section        0  freertos.o(i.StartDefaultTask)
    i.StartFunTask                           0x08002be8   Section        0  user_fun.o(i.StartFunTask)
    i.StartKeyTask                           0x08002c78   Section        0  user_key.o(i.StartKeyTask)
    i.StartRadarTask                         0x08002cd8   Section        0  user_radar.o(i.StartRadarTask)
    i.SysTick_Handler                        0x08002d90   Section        0  port.o(i.SysTick_Handler)
    i.SystemClock_Config                     0x08002dc4   Section        0  main.o(i.SystemClock_Config)
    i.SystemInit                             0x08002e2c   Section        0  system_stm32f1xx.o(i.SystemInit)
    i.TIM1_UP_IRQHandler                     0x08002e30   Section        0  stm32f1xx_it.o(i.TIM1_UP_IRQHandler)
    i.TIM_Base_SetConfig                     0x08002e40   Section        0  stm32f1xx_hal_tim.o(i.TIM_Base_SetConfig)
    i.TIM_CCxChannelCmd                      0x08002eb4   Section        0  stm32f1xx_hal_tim.o(i.TIM_CCxChannelCmd)
    i.TIM_OC1_SetConfig                      0x08002ed8   Section        0  stm32f1xx_hal_tim.o(i.TIM_OC1_SetConfig)
    TIM_OC1_SetConfig                        0x08002ed9   Thumb Code    90  stm32f1xx_hal_tim.o(i.TIM_OC1_SetConfig)
    i.TIM_OC2_SetConfig                      0x08002f38   Section        0  stm32f1xx_hal_tim.o(i.TIM_OC2_SetConfig)
    i.TIM_OC3_SetConfig                      0x08002fa0   Section        0  stm32f1xx_hal_tim.o(i.TIM_OC3_SetConfig)
    TIM_OC3_SetConfig                        0x08002fa1   Thumb Code    98  stm32f1xx_hal_tim.o(i.TIM_OC3_SetConfig)
    i.TIM_OC4_SetConfig                      0x08003008   Section        0  stm32f1xx_hal_tim.o(i.TIM_OC4_SetConfig)
    TIM_OC4_SetConfig                        0x08003009   Thumb Code    68  stm32f1xx_hal_tim.o(i.TIM_OC4_SetConfig)
    i.UART_DMAAbortOnError                   0x08003050   Section        0  stm32f1xx_hal_uart.o(i.UART_DMAAbortOnError)
    UART_DMAAbortOnError                     0x08003051   Thumb Code    20  stm32f1xx_hal_uart.o(i.UART_DMAAbortOnError)
    i.UART_DMAError                          0x08003064   Section        0  stm32f1xx_hal_uart.o(i.UART_DMAError)
    UART_DMAError                            0x08003065   Thumb Code    80  stm32f1xx_hal_uart.o(i.UART_DMAError)
    i.UART_DMAReceiveCplt                    0x080030b4   Section        0  stm32f1xx_hal_uart.o(i.UART_DMAReceiveCplt)
    UART_DMAReceiveCplt                      0x080030b5   Thumb Code   104  stm32f1xx_hal_uart.o(i.UART_DMAReceiveCplt)
    i.UART_DMARxHalfCplt                     0x0800311c   Section        0  stm32f1xx_hal_uart.o(i.UART_DMARxHalfCplt)
    UART_DMARxHalfCplt                       0x0800311d   Thumb Code    32  stm32f1xx_hal_uart.o(i.UART_DMARxHalfCplt)
    i.UART_DMATransmitCplt                   0x0800313c   Section        0  stm32f1xx_hal_uart.o(i.UART_DMATransmitCplt)
    UART_DMATransmitCplt                     0x0800313d   Thumb Code    54  stm32f1xx_hal_uart.o(i.UART_DMATransmitCplt)
    i.UART_DMATxHalfCplt                     0x08003172   Section        0  stm32f1xx_hal_uart.o(i.UART_DMATxHalfCplt)
    UART_DMATxHalfCplt                       0x08003173   Thumb Code    14  stm32f1xx_hal_uart.o(i.UART_DMATxHalfCplt)
    i.UART_EndRxTransfer                     0x08003180   Section        0  stm32f1xx_hal_uart.o(i.UART_EndRxTransfer)
    UART_EndRxTransfer                       0x08003181   Thumb Code    54  stm32f1xx_hal_uart.o(i.UART_EndRxTransfer)
    i.UART_EndTransmit_IT                    0x080031b6   Section        0  stm32f1xx_hal_uart.o(i.UART_EndTransmit_IT)
    UART_EndTransmit_IT                      0x080031b7   Thumb Code    32  stm32f1xx_hal_uart.o(i.UART_EndTransmit_IT)
    i.UART_EndTxTransfer                     0x080031d6   Section        0  stm32f1xx_hal_uart.o(i.UART_EndTxTransfer)
    UART_EndTxTransfer                       0x080031d7   Thumb Code    20  stm32f1xx_hal_uart.o(i.UART_EndTxTransfer)
    i.UART_Receive_IT                        0x080031ea   Section        0  stm32f1xx_hal_uart.o(i.UART_Receive_IT)
    UART_Receive_IT                          0x080031eb   Thumb Code   228  stm32f1xx_hal_uart.o(i.UART_Receive_IT)
    i.UART_SetConfig                         0x080032d0   Section        0  stm32f1xx_hal_uart.o(i.UART_SetConfig)
    UART_SetConfig                           0x080032d1   Thumb Code   248  stm32f1xx_hal_uart.o(i.UART_SetConfig)
    i.UART_Start_Receive_DMA                 0x080033cc   Section        0  stm32f1xx_hal_uart.o(i.UART_Start_Receive_DMA)
    i.UART_Start_Receive_IT                  0x08003464   Section        0  stm32f1xx_hal_uart.o(i.UART_Start_Receive_IT)
    i.UART_Transmit_IT                       0x080034aa   Section        0  stm32f1xx_hal_uart.o(i.UART_Transmit_IT)
    UART_Transmit_IT                         0x080034ab   Thumb Code    96  stm32f1xx_hal_uart.o(i.UART_Transmit_IT)
    i.UART_WaitOnFlagUntilTimeout            0x0800350a   Section        0  stm32f1xx_hal_uart.o(i.UART_WaitOnFlagUntilTimeout)
    UART_WaitOnFlagUntilTimeout              0x0800350b   Thumb Code   108  stm32f1xx_hal_uart.o(i.UART_WaitOnFlagUntilTimeout)
    i.USART2_IRQHandler                      0x08003578   Section        0  stm32f1xx_it.o(i.USART2_IRQHandler)
    i.USART3_IRQHandler                      0x08003588   Section        0  stm32f1xx_it.o(i.USART3_IRQHandler)
    i.UsageFault_Handler                     0x080035b4   Section        0  stm32f1xx_it.o(i.UsageFault_Handler)
    i.__NVIC_GetPriorityGrouping             0x080035b8   Section        0  stm32f1xx_hal_cortex.o(i.__NVIC_GetPriorityGrouping)
    __NVIC_GetPriorityGrouping               0x080035b9   Thumb Code    10  stm32f1xx_hal_cortex.o(i.__NVIC_GetPriorityGrouping)
    i.__NVIC_SetPriority                     0x080035c8   Section        0  stm32f1xx_hal_cortex.o(i.__NVIC_SetPriority)
    __NVIC_SetPriority                       0x080035c9   Thumb Code    32  stm32f1xx_hal_cortex.o(i.__NVIC_SetPriority)
    i.__scatterload_copy                     0x080035f0   Section       14  handlers.o(i.__scatterload_copy)
    i.__scatterload_null                     0x080035fe   Section        2  handlers.o(i.__scatterload_null)
    i.__scatterload_zeroinit                 0x08003600   Section       14  handlers.o(i.__scatterload_zeroinit)
    i.main                                   0x08003610   Section        0  main.o(i.main)
    i.makeFreeRtosPriority                   0x08003668   Section        0  cmsis_os.o(i.makeFreeRtosPriority)
    makeFreeRtosPriority                     0x08003669   Thumb Code    14  cmsis_os.o(i.makeFreeRtosPriority)
    i.osDelay                                0x08003676   Section        0  cmsis_os.o(i.osDelay)
    i.osKernelStart                          0x0800368e   Section        0  cmsis_os.o(i.osKernelStart)
    i.osThreadCreate                         0x08003698   Section        0  cmsis_os.o(i.osThreadCreate)
    i.prvAddCurrentTaskToDelayedList         0x080036f8   Section        0  tasks.o(i.prvAddCurrentTaskToDelayedList)
    prvAddCurrentTaskToDelayedList           0x080036f9   Thumb Code   124  tasks.o(i.prvAddCurrentTaskToDelayedList)
    i.prvAddNewTaskToReadyList               0x08003790   Section        0  tasks.o(i.prvAddNewTaskToReadyList)
    prvAddNewTaskToReadyList                 0x08003791   Thumb Code   150  tasks.o(i.prvAddNewTaskToReadyList)
    i.prvCheckTasksWaitingTermination        0x08003844   Section        0  tasks.o(i.prvCheckTasksWaitingTermination)
    prvCheckTasksWaitingTermination          0x08003845   Thumb Code    60  tasks.o(i.prvCheckTasksWaitingTermination)
    i.prvDeleteTCB                           0x0800388c   Section        0  tasks.o(i.prvDeleteTCB)
    prvDeleteTCB                             0x0800388d   Thumb Code    80  tasks.o(i.prvDeleteTCB)
    i.prvHeapInit                            0x080038dc   Section        0  heap_4.o(i.prvHeapInit)
    prvHeapInit                              0x080038dd   Thumb Code    98  heap_4.o(i.prvHeapInit)
    i.prvIdleTask                            0x08003958   Section        0  tasks.o(i.prvIdleTask)
    prvIdleTask                              0x08003959   Thumb Code    32  tasks.o(i.prvIdleTask)
    i.prvInitialiseNewTask                   0x08003980   Section        0  tasks.o(i.prvInitialiseNewTask)
    prvInitialiseNewTask                     0x08003981   Thumb Code   170  tasks.o(i.prvInitialiseNewTask)
    i.prvInitialiseTaskLists                 0x08003a2c   Section        0  tasks.o(i.prvInitialiseTaskLists)
    prvInitialiseTaskLists                   0x08003a2d   Thumb Code    70  tasks.o(i.prvInitialiseTaskLists)
    i.prvInsertBlockIntoFreeList             0x08003a94   Section        0  heap_4.o(i.prvInsertBlockIntoFreeList)
    prvInsertBlockIntoFreeList               0x08003a95   Thumb Code    96  heap_4.o(i.prvInsertBlockIntoFreeList)
    i.prvResetNextTaskUnblockTime            0x08003afc   Section        0  tasks.o(i.prvResetNextTaskUnblockTime)
    prvResetNextTaskUnblockTime              0x08003afd   Thumb Code    42  tasks.o(i.prvResetNextTaskUnblockTime)
    i.prvTaskExitError                       0x08003b30   Section        0  port.o(i.prvTaskExitError)
    prvTaskExitError                         0x08003b31   Thumb Code    60  port.o(i.prvTaskExitError)
    i.pvPortMalloc                           0x08003b70   Section        0  heap_4.o(i.pvPortMalloc)
    i.pxPortInitialiseStack                  0x08003cac   Section        0  port.o(i.pxPortInitialiseStack)
    i.uxListRemove                           0x08003cd0   Section        0  list.o(i.uxListRemove)
    i.vApplicationGetIdleTaskMemory          0x08003cf8   Section        0  freertos.o(i.vApplicationGetIdleTaskMemory)
    i.vListInitialise                        0x08003d10   Section        0  list.o(i.vListInitialise)
    i.vListInitialiseItem                    0x08003d2a   Section        0  list.o(i.vListInitialiseItem)
    i.vListInsert                            0x08003d30   Section        0  list.o(i.vListInsert)
    i.vListInsertEnd                         0x08003d64   Section        0  list.o(i.vListInsertEnd)
    i.vPortEnterCritical                     0x08003d7c   Section        0  port.o(i.vPortEnterCritical)
    i.vPortExitCritical                      0x08003dd0   Section        0  port.o(i.vPortExitCritical)
    i.vPortFree                              0x08003e0c   Section        0  heap_4.o(i.vPortFree)
    i.vPortSetupTimerInterrupt               0x08003ea0   Section        0  port.o(i.vPortSetupTimerInterrupt)
    i.vTaskDelay                             0x08003ec8   Section        0  tasks.o(i.vTaskDelay)
    i.vTaskStartScheduler                    0x08003f24   Section        0  tasks.o(i.vTaskStartScheduler)
    i.vTaskSuspendAll                        0x08003fd4   Section        0  tasks.o(i.vTaskSuspendAll)
    i.vTaskSwitchContext                     0x08003fe4   Section        0  tasks.o(i.vTaskSwitchContext)
    i.xPortStartScheduler                    0x08004070   Section        0  port.o(i.xPortStartScheduler)
    i.xTaskCreate                            0x08004168   Section        0  tasks.o(i.xTaskCreate)
    i.xTaskCreateStatic                      0x080041cc   Section        0  tasks.o(i.xTaskCreateStatic)
    i.xTaskIncrementTick                     0x08004284   Section        0  tasks.o(i.xTaskIncrementTick)
    i.xTaskResumeAll                         0x080043cc   Section        0  tasks.o(i.xTaskResumeAll)
    .constdata                               0x080044d0   Section      112  freertos.o(.constdata)
    .constdata                               0x08004540   Section       24  system_stm32f1xx.o(.constdata)
    .conststring                             0x08004558   Section      155  user_fun.o(.conststring)
    .conststring                             0x080045f4   Section       40  freertos.o(.conststring)
    .data                                    0x20000000   Section        8  user_key.o(.data)
    .data                                    0x20000008   Section       16  freertos.o(.data)
    .data                                    0x20000018   Section        9  stm32f1xx_hal.o(.data)
    .data                                    0x20000024   Section        4  system_stm32f1xx.o(.data)
    .data                                    0x20000028   Section       60  tasks.o(.data)
    pxDelayedTaskList                        0x2000002c   Data           4  tasks.o(.data)
    pxOverflowDelayedTaskList                0x20000030   Data           4  tasks.o(.data)
    uxDeletedTasksWaitingCleanUp             0x20000034   Data           4  tasks.o(.data)
    uxCurrentNumberOfTasks                   0x20000038   Data           4  tasks.o(.data)
    xTickCount                               0x2000003c   Data           4  tasks.o(.data)
    uxTopReadyPriority                       0x20000040   Data           4  tasks.o(.data)
    xSchedulerRunning                        0x20000044   Data           4  tasks.o(.data)
    uxPendedTicks                            0x20000048   Data           4  tasks.o(.data)
    xYieldPending                            0x2000004c   Data           4  tasks.o(.data)
    xNumOfOverflows                          0x20000050   Data           4  tasks.o(.data)
    uxTaskNumber                             0x20000054   Data           4  tasks.o(.data)
    xNextTaskUnblockTime                     0x20000058   Data           4  tasks.o(.data)
    xIdleTaskHandle                          0x2000005c   Data           4  tasks.o(.data)
    uxSchedulerSuspended                     0x20000060   Data           4  tasks.o(.data)
    .data                                    0x20000064   Section       24  heap_4.o(.data)
    xStart                                   0x20000064   Data           8  heap_4.o(.data)
    pxEnd                                    0x2000006c   Data           4  heap_4.o(.data)
    xFreeBytesRemaining                      0x20000070   Data           4  heap_4.o(.data)
    xMinimumEverFreeBytesRemaining           0x20000074   Data           4  heap_4.o(.data)
    xBlockAllocatedBit                       0x20000078   Data           4  heap_4.o(.data)
    .data                                    0x2000007c   Section       12  port.o(.data)
    uxCriticalNesting                        0x2000007c   Data           4  port.o(.data)
    ucMaxSysCallPriority                     0x20000080   Data           1  port.o(.data)
    ulMaxPRIGROUPValue                       0x20000084   Data           4  port.o(.data)
    .bss                                     0x20000088   Section     1040  main.o(.bss)
    .bss                                     0x20000498   Section      596  freertos.o(.bss)
    xIdleTaskTCBBuffer                       0x20000498   Data          84  freertos.o(.bss)
    xIdleStack                               0x200004ec   Data         512  freertos.o(.bss)
    .bss                                     0x200006ec   Section       72  tim.o(.bss)
    .bss                                     0x20000734   Section      408  usart.o(.bss)
    .bss                                     0x200008cc   Section       72  stm32f1xx_hal_timebase_tim.o(.bss)
    .bss                                     0x20000918   Section       32  user_radar.o(.bss)
    .bss                                     0x20000938   Section      240  tasks.o(.bss)
    pxReadyTasksLists                        0x20000938   Data         140  tasks.o(.bss)
    xDelayedTaskList1                        0x200009c4   Data          20  tasks.o(.bss)
    xDelayedTaskList2                        0x200009d8   Data          20  tasks.o(.bss)
    xPendingReadyList                        0x200009ec   Data          20  tasks.o(.bss)
    xTasksWaitingTermination                 0x20000a00   Data          20  tasks.o(.bss)
    xSuspendedTaskList                       0x20000a14   Data          20  tasks.o(.bss)
    .bss                                     0x20000a28   Section     3072  heap_4.o(.bss)
    ucHeap                                   0x20000a28   Data        3072  heap_4.o(.bss)
    STACK                                    0x20001628   Section     1024  startup_stm32f103xb.o(STACK)

    Global Symbols

    Symbol Name                              Value     Ov Type        Size  Object(Section)

    BuildAttributes$$THM_ISAv4$P$D$K$B$S$PE$A:L22UL41UL21$X:L11$S22US41US21$IEEE1$IW$USESV6$~STKCKD$USESV7$~SHL$OSPACE$EBA8$MICROLIB$REQ8$PRES8$EABIv2 0x00000000   Number         0  anon$$obj.o ABSOLUTE
    __ARM_use_no_argv                        0x00000000   Number         0  main.o ABSOLUTE
    __cpp_initialize__aeabi_                  - Undefined Weak Reference
    __cxa_finalize                            - Undefined Weak Reference
    __decompress                              - Undefined Weak Reference
    _clock_init                               - Undefined Weak Reference
    _microlib_exit                            - Undefined Weak Reference
    __Vectors_Size                           0x000000ec   Number         0  startup_stm32f103xb.o ABSOLUTE
    __Vectors                                0x08000000   Data           4  startup_stm32f103xb.o(RESET)
    __Vectors_End                            0x080000ec   Data           0  startup_stm32f103xb.o(RESET)
    __main                                   0x080000ed   Thumb Code     0  entry.o(.ARM.Collect$$$$00000000)
    _main_stk                                0x080000ed   Thumb Code     0  entry2.o(.ARM.Collect$$$$00000001)
    _main_scatterload                        0x080000f1   Thumb Code     0  entry5.o(.ARM.Collect$$$$00000004)
    __main_after_scatterload                 0x080000f5   Thumb Code     0  entry5.o(.ARM.Collect$$$$00000004)
    _main_clock                              0x080000f5   Thumb Code     0  entry7b.o(.ARM.Collect$$$$00000008)
    _main_cpp_init                           0x080000f5   Thumb Code     0  entry8b.o(.ARM.Collect$$$$0000000A)
    _main_init                               0x080000f5   Thumb Code     0  entry9a.o(.ARM.Collect$$$$0000000B)
    __rt_final_cpp                           0x080000fd   Thumb Code     0  entry10a.o(.ARM.Collect$$$$0000000D)
    __rt_final_exit                          0x080000fd   Thumb Code     0  entry11a.o(.ARM.Collect$$$$0000000F)
    SVC_Handler                              0x08000101   Thumb Code    32  port.o(.emb_text)
    __asm___6_port_c_39a90d8d__prvStartFirstTask 0x08000125   Thumb Code    28  port.o(.emb_text)
    PendSV_Handler                           0x08000145   Thumb Code    72  port.o(.emb_text)
    vPortGetIPSR                             0x08000191   Thumb Code     6  port.o(.emb_text)
    Reset_Handler                            0x08000199   Thumb Code     8  startup_stm32f103xb.o(.text)
    ADC1_2_IRQHandler                        0x080001b3   Thumb Code     0  startup_stm32f103xb.o(.text)
    CAN1_RX1_IRQHandler                      0x080001b3   Thumb Code     0  startup_stm32f103xb.o(.text)
    CAN1_SCE_IRQHandler                      0x080001b3   Thumb Code     0  startup_stm32f103xb.o(.text)
    DMA1_Channel1_IRQHandler                 0x080001b3   Thumb Code     0  startup_stm32f103xb.o(.text)
    DMA1_Channel2_IRQHandler                 0x080001b3   Thumb Code     0  startup_stm32f103xb.o(.text)
    DMA1_Channel4_IRQHandler                 0x080001b3   Thumb Code     0  startup_stm32f103xb.o(.text)
    DMA1_Channel5_IRQHandler                 0x080001b3   Thumb Code     0  startup_stm32f103xb.o(.text)
    EXTI0_IRQHandler                         0x080001b3   Thumb Code     0  startup_stm32f103xb.o(.text)
    EXTI15_10_IRQHandler                     0x080001b3   Thumb Code     0  startup_stm32f103xb.o(.text)
    EXTI1_IRQHandler                         0x080001b3   Thumb Code     0  startup_stm32f103xb.o(.text)
    EXTI2_IRQHandler                         0x080001b3   Thumb Code     0  startup_stm32f103xb.o(.text)
    EXTI3_IRQHandler                         0x080001b3   Thumb Code     0  startup_stm32f103xb.o(.text)
    EXTI4_IRQHandler                         0x080001b3   Thumb Code     0  startup_stm32f103xb.o(.text)
    EXTI9_5_IRQHandler                       0x080001b3   Thumb Code     0  startup_stm32f103xb.o(.text)
    FLASH_IRQHandler                         0x080001b3   Thumb Code     0  startup_stm32f103xb.o(.text)
    I2C1_ER_IRQHandler                       0x080001b3   Thumb Code     0  startup_stm32f103xb.o(.text)
    I2C1_EV_IRQHandler                       0x080001b3   Thumb Code     0  startup_stm32f103xb.o(.text)
    I2C2_ER_IRQHandler                       0x080001b3   Thumb Code     0  startup_stm32f103xb.o(.text)
    I2C2_EV_IRQHandler                       0x080001b3   Thumb Code     0  startup_stm32f103xb.o(.text)
    PVD_IRQHandler                           0x080001b3   Thumb Code     0  startup_stm32f103xb.o(.text)
    RCC_IRQHandler                           0x080001b3   Thumb Code     0  startup_stm32f103xb.o(.text)
    RTC_Alarm_IRQHandler                     0x080001b3   Thumb Code     0  startup_stm32f103xb.o(.text)
    RTC_IRQHandler                           0x080001b3   Thumb Code     0  startup_stm32f103xb.o(.text)
    SPI1_IRQHandler                          0x080001b3   Thumb Code     0  startup_stm32f103xb.o(.text)
    SPI2_IRQHandler                          0x080001b3   Thumb Code     0  startup_stm32f103xb.o(.text)
    TAMPER_IRQHandler                        0x080001b3   Thumb Code     0  startup_stm32f103xb.o(.text)
    TIM1_BRK_IRQHandler                      0x080001b3   Thumb Code     0  startup_stm32f103xb.o(.text)
    TIM1_CC_IRQHandler                       0x080001b3   Thumb Code     0  startup_stm32f103xb.o(.text)
    TIM1_TRG_COM_IRQHandler                  0x080001b3   Thumb Code     0  startup_stm32f103xb.o(.text)
    TIM2_IRQHandler                          0x080001b3   Thumb Code     0  startup_stm32f103xb.o(.text)
    TIM3_IRQHandler                          0x080001b3   Thumb Code     0  startup_stm32f103xb.o(.text)
    TIM4_IRQHandler                          0x080001b3   Thumb Code     0  startup_stm32f103xb.o(.text)
    USART1_IRQHandler                        0x080001b3   Thumb Code     0  startup_stm32f103xb.o(.text)
    USBWakeUp_IRQHandler                     0x080001b3   Thumb Code     0  startup_stm32f103xb.o(.text)
    USB_HP_CAN1_TX_IRQHandler                0x080001b3   Thumb Code     0  startup_stm32f103xb.o(.text)
    USB_LP_CAN1_RX0_IRQHandler               0x080001b3   Thumb Code     0  startup_stm32f103xb.o(.text)
    WWDG_IRQHandler                          0x080001b3   Thumb Code     0  startup_stm32f103xb.o(.text)
    __aeabi_memcpy                           0x080001bd   Thumb Code    36  memcpya.o(.text)
    __aeabi_memcpy4                          0x080001bd   Thumb Code     0  memcpya.o(.text)
    __aeabi_memcpy8                          0x080001bd   Thumb Code     0  memcpya.o(.text)
    __aeabi_memset                           0x080001e1   Thumb Code    14  memseta.o(.text)
    __aeabi_memset4                          0x080001e1   Thumb Code     0  memseta.o(.text)
    __aeabi_memset8                          0x080001e1   Thumb Code     0  memseta.o(.text)
    __aeabi_memclr                           0x080001ef   Thumb Code     4  memseta.o(.text)
    __aeabi_memclr4                          0x080001ef   Thumb Code     0  memseta.o(.text)
    __aeabi_memclr8                          0x080001ef   Thumb Code     0  memseta.o(.text)
    memset                                   0x080001f3   Thumb Code    18  memseta.o(.text)
    __scatterload                            0x08000205   Thumb Code    28  init.o(.text)
    __scatterload_rt2                        0x08000205   Thumb Code     0  init.o(.text)
    BusFault_Handler                         0x08000229   Thumb Code     4  stm32f1xx_it.o(i.BusFault_Handler)
    DMA1_Channel3_IRQHandler                 0x0800022d   Thumb Code    10  stm32f1xx_it.o(i.DMA1_Channel3_IRQHandler)
    DMA1_Channel6_IRQHandler                 0x0800023d   Thumb Code    10  stm32f1xx_it.o(i.DMA1_Channel6_IRQHandler)
    DMA1_Channel7_IRQHandler                 0x0800024d   Thumb Code    10  stm32f1xx_it.o(i.DMA1_Channel7_IRQHandler)
    DebugMon_Handler                         0x08000289   Thumb Code     2  stm32f1xx_it.o(i.DebugMon_Handler)
    Error_Handler                            0x0800028b   Thumb Code     6  main.o(i.Error_Handler)
    HAL_DMA_Abort                            0x08000291   Thumb Code    86  stm32f1xx_hal_dma.o(i.HAL_DMA_Abort)
    HAL_DMA_Abort_IT                         0x080002e9   Thumb Code   172  stm32f1xx_hal_dma.o(i.HAL_DMA_Abort_IT)
    HAL_DMA_IRQHandler                       0x08000399   Thumb Code   408  stm32f1xx_hal_dma.o(i.HAL_DMA_IRQHandler)
    HAL_DMA_Init                             0x08000535   Thumb Code   100  stm32f1xx_hal_dma.o(i.HAL_DMA_Init)
    HAL_DMA_Start_IT                         0x0800059d   Thumb Code   156  stm32f1xx_hal_dma.o(i.HAL_DMA_Start_IT)
    HAL_Delay                                0x08000639   Thumb Code    36  stm32f1xx_hal.o(i.HAL_Delay)
    HAL_GPIO_Init                            0x08000661   Thumb Code   766  stm32f1xx_hal_gpio.o(i.HAL_GPIO_Init)
    HAL_GPIO_ReadPin                         0x08000981   Thumb Code    16  stm32f1xx_hal_gpio.o(i.HAL_GPIO_ReadPin)
    HAL_GPIO_TogglePin                       0x08000991   Thumb Code    20  stm32f1xx_hal_gpio.o(i.HAL_GPIO_TogglePin)
    HAL_GPIO_WritePin                        0x080009a5   Thumb Code    12  stm32f1xx_hal_gpio.o(i.HAL_GPIO_WritePin)
    HAL_GetTick                              0x080009b1   Thumb Code     6  stm32f1xx_hal.o(i.HAL_GetTick)
    HAL_IncTick                              0x080009bd   Thumb Code    16  stm32f1xx_hal.o(i.HAL_IncTick)
    HAL_Init                                 0x080009d5   Thumb Code    34  stm32f1xx_hal.o(i.HAL_Init)
    HAL_InitTick                             0x080009fd   Thumb Code   138  stm32f1xx_hal_timebase_tim.o(i.HAL_InitTick)
    HAL_MspInit                              0x08000a9d   Thumb Code    86  stm32f1xx_hal_msp.o(i.HAL_MspInit)
    HAL_NVIC_EnableIRQ                       0x08000afd   Thumb Code    32  stm32f1xx_hal_cortex.o(i.HAL_NVIC_EnableIRQ)
    HAL_NVIC_SetPriority                     0x08000b1d   Thumb Code   124  stm32f1xx_hal_cortex.o(i.HAL_NVIC_SetPriority)
    HAL_NVIC_SetPriorityGrouping             0x08000b99   Thumb Code    32  stm32f1xx_hal_cortex.o(i.HAL_NVIC_SetPriorityGrouping)
    HAL_RCC_ClockConfig                      0x08000bc1   Thumb Code   376  stm32f1xx_hal_rcc.o(i.HAL_RCC_ClockConfig)
    HAL_RCC_GetClockConfig                   0x08000d4d   Thumb Code    58  stm32f1xx_hal_rcc.o(i.HAL_RCC_GetClockConfig)
    HAL_RCC_GetHCLKFreq                      0x08000d91   Thumb Code     6  stm32f1xx_hal_rcc.o(i.HAL_RCC_GetHCLKFreq)
    HAL_RCC_GetPCLK1Freq                     0x08000d9d   Thumb Code    22  stm32f1xx_hal_rcc.o(i.HAL_RCC_GetPCLK1Freq)
    HAL_RCC_GetPCLK2Freq                     0x08000dbd   Thumb Code    22  stm32f1xx_hal_rcc.o(i.HAL_RCC_GetPCLK2Freq)
    HAL_RCC_GetSysClockFreq                  0x08000ddd   Thumb Code   116  stm32f1xx_hal_rcc.o(i.HAL_RCC_GetSysClockFreq)
    HAL_RCC_OscConfig                        0x08000e71   Thumb Code  1114  stm32f1xx_hal_rcc.o(i.HAL_RCC_OscConfig)
    HAL_TIMEx_BreakCallback                  0x080012d5   Thumb Code     2  stm32f1xx_hal_tim_ex.o(i.HAL_TIMEx_BreakCallback)
    HAL_TIMEx_CommutCallback                 0x080012d7   Thumb Code     2  stm32f1xx_hal_tim_ex.o(i.HAL_TIMEx_CommutCallback)
    HAL_TIMEx_MasterConfigSynchronization    0x080012d9   Thumb Code   118  stm32f1xx_hal_tim_ex.o(i.HAL_TIMEx_MasterConfigSynchronization)
    HAL_TIM_Base_Init                        0x0800135d   Thumb Code   102  stm32f1xx_hal_tim.o(i.HAL_TIM_Base_Init)
    HAL_TIM_Base_MspInit                     0x080013c3   Thumb Code     2  stm32f1xx_hal_tim.o(i.HAL_TIM_Base_MspInit)
    HAL_TIM_Base_Start_IT                    0x080013c5   Thumb Code   106  stm32f1xx_hal_tim.o(i.HAL_TIM_Base_Start_IT)
    HAL_TIM_IC_CaptureCallback               0x0800143d   Thumb Code     2  stm32f1xx_hal_tim.o(i.HAL_TIM_IC_CaptureCallback)
    HAL_TIM_IRQHandler                       0x0800143f   Thumb Code   406  stm32f1xx_hal_tim.o(i.HAL_TIM_IRQHandler)
    HAL_TIM_MspPostInit                      0x080015d5   Thumb Code    74  tim.o(i.HAL_TIM_MspPostInit)
    HAL_TIM_OC_DelayElapsedCallback          0x0800162d   Thumb Code     2  stm32f1xx_hal_tim.o(i.HAL_TIM_OC_DelayElapsedCallback)
    HAL_TIM_PWM_ConfigChannel                0x0800162f   Thumb Code   252  stm32f1xx_hal_tim.o(i.HAL_TIM_PWM_ConfigChannel)
    HAL_TIM_PWM_Init                         0x0800172b   Thumb Code   102  stm32f1xx_hal_tim.o(i.HAL_TIM_PWM_Init)
    HAL_TIM_PWM_MspInit                      0x08001791   Thumb Code    40  tim.o(i.HAL_TIM_PWM_MspInit)
    HAL_TIM_PWM_PulseFinishedCallback        0x080017c1   Thumb Code     2  stm32f1xx_hal_tim.o(i.HAL_TIM_PWM_PulseFinishedCallback)
    HAL_TIM_PWM_Start                        0x080017c5   Thumb Code   198  stm32f1xx_hal_tim.o(i.HAL_TIM_PWM_Start)
    HAL_TIM_PWM_Stop                         0x08001899   Thumb Code   152  stm32f1xx_hal_tim.o(i.HAL_TIM_PWM_Stop)
    HAL_TIM_PeriodElapsedCallback            0x08001935   Thumb Code    18  main.o(i.HAL_TIM_PeriodElapsedCallback)
    HAL_TIM_TriggerCallback                  0x0800194d   Thumb Code     2  stm32f1xx_hal_tim.o(i.HAL_TIM_TriggerCallback)
    HAL_UARTEx_ReceiveToIdle_DMA             0x0800194f   Thumb Code   114  stm32f1xx_hal_uart.o(i.HAL_UARTEx_ReceiveToIdle_DMA)
    HAL_UARTEx_ReceiveToIdle_IT              0x080019c1   Thumb Code   114  stm32f1xx_hal_uart.o(i.HAL_UARTEx_ReceiveToIdle_IT)
    HAL_UARTEx_RxEventCallback               0x08001a33   Thumb Code     2  stm32f1xx_hal_uart.o(i.HAL_UARTEx_RxEventCallback)
    HAL_UART_ErrorCallback                   0x08001a35   Thumb Code     2  stm32f1xx_hal_uart.o(i.HAL_UART_ErrorCallback)
    HAL_UART_IRQHandler                      0x08001a39   Thumb Code   582  stm32f1xx_hal_uart.o(i.HAL_UART_IRQHandler)
    HAL_UART_Init                            0x08001c85   Thumb Code   114  stm32f1xx_hal_uart.o(i.HAL_UART_Init)
    HAL_UART_MspInit                         0x08001cf9   Thumb Code   494  usart.o(i.HAL_UART_MspInit)
    HAL_UART_RxCpltCallback                  0x08001f11   Thumb Code     2  stm32f1xx_hal_uart.o(i.HAL_UART_RxCpltCallback)
    HAL_UART_RxHalfCpltCallback              0x08001f13   Thumb Code     2  stm32f1xx_hal_uart.o(i.HAL_UART_RxHalfCpltCallback)
    HAL_UART_Transmit                        0x08001f15   Thumb Code   210  stm32f1xx_hal_uart.o(i.HAL_UART_Transmit)
    HAL_UART_Transmit_DMA                    0x08001fe9   Thumb Code   142  stm32f1xx_hal_uart.o(i.HAL_UART_Transmit_DMA)
    HAL_UART_TxCpltCallback                  0x08002085   Thumb Code     2  stm32f1xx_hal_uart.o(i.HAL_UART_TxCpltCallback)
    HAL_UART_TxHalfCpltCallback              0x08002087   Thumb Code     2  stm32f1xx_hal_uart.o(i.HAL_UART_TxHalfCpltCallback)
    HardFault_Handler                        0x08002089   Thumb Code     4  stm32f1xx_it.o(i.HardFault_Handler)
    KeyFunction                              0x0800208d   Thumb Code   162  user_key.o(i.KeyFunction)
    MX_DMA_Init                              0x08002131   Thumb Code    80  dma.o(i.MX_DMA_Init)
    MX_FREERTOS_Init                         0x08002185   Thumb Code   102  freertos.o(i.MX_FREERTOS_Init)
    MX_GPIO_Init                             0x08002201   Thumb Code   244  gpio.o(i.MX_GPIO_Init)
    MX_TIM3_Init                             0x08002301   Thumb Code   114  tim.o(i.MX_TIM3_Init)
    MX_USART1_UART_Init                      0x0800237d   Thumb Code    46  usart.o(i.MX_USART1_UART_Init)
    MX_USART2_UART_Init                      0x080023b5   Thumb Code    46  usart.o(i.MX_USART2_UART_Init)
    MX_USART3_UART_Init                      0x080023ed   Thumb Code    46  usart.o(i.MX_USART3_UART_Init)
    MemManage_Handler                        0x08002425   Thumb Code     4  stm32f1xx_it.o(i.MemManage_Handler)
    NMI_Handler                              0x08002429   Thumb Code     4  stm32f1xx_it.o(i.NMI_Handler)
    Ods_Cfg                                  0x0800242d   Thumb Code  1810  user_fun.o(i.Ods_Cfg)
    Radar_Resolver                           0x08002b79   Thumb Code    92  user_radar.o(i.Radar_Resolver)
    StartDefaultTask                         0x08002bdd   Thumb Code    10  freertos.o(i.StartDefaultTask)
    StartFunTask                             0x08002be9   Thumb Code   132  user_fun.o(i.StartFunTask)
    StartKeyTask                             0x08002c79   Thumb Code    84  user_key.o(i.StartKeyTask)
    StartRadarTask                           0x08002cd9   Thumb Code   158  user_radar.o(i.StartRadarTask)
    SysTick_Handler                          0x08002d91   Thumb Code    46  port.o(i.SysTick_Handler)
    SystemClock_Config                       0x08002dc5   Thumb Code   104  main.o(i.SystemClock_Config)
    SystemInit                               0x08002e2d   Thumb Code     2  system_stm32f1xx.o(i.SystemInit)
    TIM1_UP_IRQHandler                       0x08002e31   Thumb Code    10  stm32f1xx_it.o(i.TIM1_UP_IRQHandler)
    TIM_Base_SetConfig                       0x08002e41   Thumb Code   104  stm32f1xx_hal_tim.o(i.TIM_Base_SetConfig)
    TIM_CCxChannelCmd                        0x08002eb5   Thumb Code    34  stm32f1xx_hal_tim.o(i.TIM_CCxChannelCmd)
    TIM_OC2_SetConfig                        0x08002f39   Thumb Code   100  stm32f1xx_hal_tim.o(i.TIM_OC2_SetConfig)
    UART_Start_Receive_DMA                   0x080033cd   Thumb Code   138  stm32f1xx_hal_uart.o(i.UART_Start_Receive_DMA)
    UART_Start_Receive_IT                    0x08003465   Thumb Code    70  stm32f1xx_hal_uart.o(i.UART_Start_Receive_IT)
    USART2_IRQHandler                        0x08003579   Thumb Code    10  stm32f1xx_it.o(i.USART2_IRQHandler)
    USART3_IRQHandler                        0x08003589   Thumb Code    30  stm32f1xx_it.o(i.USART3_IRQHandler)
    UsageFault_Handler                       0x080035b5   Thumb Code     4  stm32f1xx_it.o(i.UsageFault_Handler)
    __scatterload_copy                       0x080035f1   Thumb Code    14  handlers.o(i.__scatterload_copy)
    __scatterload_null                       0x080035ff   Thumb Code     2  handlers.o(i.__scatterload_null)
    __scatterload_zeroinit                   0x08003601   Thumb Code    14  handlers.o(i.__scatterload_zeroinit)
    main                                     0x08003611   Thumb Code    66  main.o(i.main)
    osDelay                                  0x08003677   Thumb Code    24  cmsis_os.o(i.osDelay)
    osKernelStart                            0x0800368f   Thumb Code    10  cmsis_os.o(i.osKernelStart)
    osThreadCreate                           0x08003699   Thumb Code    94  cmsis_os.o(i.osThreadCreate)
    pvPortMalloc                             0x08003b71   Thumb Code   296  heap_4.o(i.pvPortMalloc)
    pxPortInitialiseStack                    0x08003cad   Thumb Code    30  port.o(i.pxPortInitialiseStack)
    uxListRemove                             0x08003cd1   Thumb Code    40  list.o(i.uxListRemove)
    vApplicationGetIdleTaskMemory            0x08003cf9   Thumb Code    14  freertos.o(i.vApplicationGetIdleTaskMemory)
    vListInitialise                          0x08003d11   Thumb Code    26  list.o(i.vListInitialise)
    vListInitialiseItem                      0x08003d2b   Thumb Code     6  list.o(i.vListInitialiseItem)
    vListInsert                              0x08003d31   Thumb Code    52  list.o(i.vListInsert)
    vListInsertEnd                           0x08003d65   Thumb Code    24  list.o(i.vListInsertEnd)
    vPortEnterCritical                       0x08003d7d   Thumb Code    76  port.o(i.vPortEnterCritical)
    vPortExitCritical                        0x08003dd1   Thumb Code    56  port.o(i.vPortExitCritical)
    vPortFree                                0x08003e0d   Thumb Code   140  heap_4.o(i.vPortFree)
    vPortSetupTimerInterrupt                 0x08003ea1   Thumb Code    36  port.o(i.vPortSetupTimerInterrupt)
    vTaskDelay                               0x08003ec9   Thumb Code    82  tasks.o(i.vTaskDelay)
    vTaskStartScheduler                      0x08003f25   Thumb Code   146  tasks.o(i.vTaskStartScheduler)
    vTaskSuspendAll                          0x08003fd5   Thumb Code    12  tasks.o(i.vTaskSuspendAll)
    vTaskSwitchContext                       0x08003fe5   Thumb Code   118  tasks.o(i.vTaskSwitchContext)
    xPortStartScheduler                      0x08004071   Thumb Code   228  port.o(i.xPortStartScheduler)
    xTaskCreate                              0x08004169   Thumb Code   100  tasks.o(i.xTaskCreate)
    xTaskCreateStatic                        0x080041cd   Thumb Code   184  tasks.o(i.xTaskCreateStatic)
    xTaskIncrementTick                       0x08004285   Thumb Code   282  tasks.o(i.xTaskIncrementTick)
    xTaskResumeAll                           0x080043cd   Thumb Code   224  tasks.o(i.xTaskResumeAll)
    AHBPrescTable                            0x08004540   Data          16  system_stm32f1xx.o(.constdata)
    APBPrescTable                            0x08004550   Data           8  system_stm32f1xx.o(.constdata)
    Region$$Table$$Base                      0x0800461c   Number         0  anon$$obj.o(Region$$Table)
    Region$$Table$$Limit                     0x0800463c   Number         0  anon$$obj.o(Region$$Table)
    KeyRamSW1                                0x20000000   Data           8  user_key.o(.data)
    keyTaskHandle                            0x20000008   Data           4  freertos.o(.data)
    funTaskHandle                            0x2000000c   Data           4  freertos.o(.data)
    RadarTaskHandle                          0x20000010   Data           4  freertos.o(.data)
    defaultTaskHandle                        0x20000014   Data           4  freertos.o(.data)
    uwTick                                   0x20000018   Data           4  stm32f1xx_hal.o(.data)
    uwTickPrio                               0x2000001c   Data           4  stm32f1xx_hal.o(.data)
    uwTickFreq                               0x20000020   Data           1  stm32f1xx_hal.o(.data)
    SystemCoreClock                          0x20000024   Data           4  system_stm32f1xx.o(.data)
    pxCurrentTCB                             0x20000028   Data           4  tasks.o(.data)
    SysRam                                   0x20000088   Data        1040  main.o(.bss)
    htim3                                    0x200006ec   Data          72  tim.o(.bss)
    huart1                                   0x20000734   Data          68  usart.o(.bss)
    huart2                                   0x20000778   Data          68  usart.o(.bss)
    huart3                                   0x200007bc   Data          68  usart.o(.bss)
    hdma_usart2_tx                           0x20000800   Data          68  usart.o(.bss)
    hdma_usart2_rx                           0x20000844   Data          68  usart.o(.bss)
    hdma_usart3_rx                           0x20000888   Data          68  usart.o(.bss)
    htim1                                    0x200008cc   Data          72  stm32f1xx_hal_timebase_tim.o(.bss)
    RadarRam                                 0x20000918   Data          32  user_radar.o(.bss)
    __initial_sp                             0x20001a28   Data           0  startup_stm32f103xb.o(STACK)



==============================================================================

Memory Map of the image

  Image Entry point : 0x080000ed

  Load Region LR_IROM1 (Base: 0x08000000, Size: 0x000046c4, Max: 0x00020000, ABSOLUTE)

    Execution Region ER_IROM1 (Exec base: 0x08000000, Load base: 0x08000000, Size: 0x0000463c, Max: 0x00020000, ABSOLUTE)

    Exec Addr    Load Addr    Size         Type   Attr      Idx    E Section Name        Object

    0x08000000   0x08000000   0x000000ec   Data   RO            3    RESET               startup_stm32f103xb.o
    0x080000ec   0x080000ec   0x00000000   Code   RO         4408  * .ARM.Collect$$$$00000000  mc_w.l(entry.o)
    0x080000ec   0x080000ec   0x00000004   Code   RO         4421    .ARM.Collect$$$$00000001  mc_w.l(entry2.o)
    0x080000f0   0x080000f0   0x00000004   Code   RO         4424    .ARM.Collect$$$$00000004  mc_w.l(entry5.o)
    0x080000f4   0x080000f4   0x00000000   Code   RO         4426    .ARM.Collect$$$$00000008  mc_w.l(entry7b.o)
    0x080000f4   0x080000f4   0x00000000   Code   RO         4428    .ARM.Collect$$$$0000000A  mc_w.l(entry8b.o)
    0x080000f4   0x080000f4   0x00000008   Code   RO         4429    .ARM.Collect$$$$0000000B  mc_w.l(entry9a.o)
    0x080000fc   0x080000fc   0x00000000   Code   RO         4431    .ARM.Collect$$$$0000000D  mc_w.l(entry10a.o)
    0x080000fc   0x080000fc   0x00000000   Code   RO         4433    .ARM.Collect$$$$0000000F  mc_w.l(entry11a.o)
    0x080000fc   0x080000fc   0x00000004   Code   RO         4422    .ARM.Collect$$$$00002712  mc_w.l(entry2.o)
    0x08000100   0x08000100   0x00000096   Code   RO         4331    .emb_text           port.o
    0x08000196   0x08000196   0x00000002   PAD
    0x08000198   0x08000198   0x00000024   Code   RO            4    .text               startup_stm32f103xb.o
    0x080001bc   0x080001bc   0x00000024   Code   RO         4413    .text               mc_w.l(memcpya.o)
    0x080001e0   0x080001e0   0x00000024   Code   RO         4417    .text               mc_w.l(memseta.o)
    0x08000204   0x08000204   0x00000024   Code   RO         4435    .text               mc_w.l(init.o)
    0x08000228   0x08000228   0x00000004   Code   RO          500    i.BusFault_Handler  stm32f1xx_it.o
    0x0800022c   0x0800022c   0x00000010   Code   RO          501    i.DMA1_Channel3_IRQHandler  stm32f1xx_it.o
    0x0800023c   0x0800023c   0x00000010   Code   RO          502    i.DMA1_Channel6_IRQHandler  stm32f1xx_it.o
    0x0800024c   0x0800024c   0x00000010   Code   RO          503    i.DMA1_Channel7_IRQHandler  stm32f1xx_it.o
    0x0800025c   0x0800025c   0x0000002c   Code   RO         1112    i.DMA_SetConfig     stm32f1xx_hal_dma.o
    0x08000288   0x08000288   0x00000002   Code   RO          504    i.DebugMon_Handler  stm32f1xx_it.o
    0x0800028a   0x0800028a   0x00000006   Code   RO          237    i.Error_Handler     main.o
    0x08000290   0x08000290   0x00000056   Code   RO         1113    i.HAL_DMA_Abort     stm32f1xx_hal_dma.o
    0x080002e6   0x080002e6   0x00000002   PAD
    0x080002e8   0x080002e8   0x000000b0   Code   RO         1114    i.HAL_DMA_Abort_IT  stm32f1xx_hal_dma.o
    0x08000398   0x08000398   0x0000019c   Code   RO         1118    i.HAL_DMA_IRQHandler  stm32f1xx_hal_dma.o
    0x08000534   0x08000534   0x00000068   Code   RO         1119    i.HAL_DMA_Init      stm32f1xx_hal_dma.o
    0x0800059c   0x0800059c   0x0000009c   Code   RO         1123    i.HAL_DMA_Start_IT  stm32f1xx_hal_dma.o
    0x08000638   0x08000638   0x00000028   Code   RO          736    i.HAL_Delay         stm32f1xx_hal.o
    0x08000660   0x08000660   0x00000320   Code   RO         1049    i.HAL_GPIO_Init     stm32f1xx_hal_gpio.o
    0x08000980   0x08000980   0x00000010   Code   RO         1051    i.HAL_GPIO_ReadPin  stm32f1xx_hal_gpio.o
    0x08000990   0x08000990   0x00000014   Code   RO         1052    i.HAL_GPIO_TogglePin  stm32f1xx_hal_gpio.o
    0x080009a4   0x080009a4   0x0000000c   Code   RO         1053    i.HAL_GPIO_WritePin  stm32f1xx_hal_gpio.o
    0x080009b0   0x080009b0   0x0000000c   Code   RO          740    i.HAL_GetTick       stm32f1xx_hal.o
    0x080009bc   0x080009bc   0x00000018   Code   RO          746    i.HAL_IncTick       stm32f1xx_hal.o
    0x080009d4   0x080009d4   0x00000028   Code   RO          747    i.HAL_Init          stm32f1xx_hal.o
    0x080009fc   0x080009fc   0x000000a0   Code   RO          618    i.HAL_InitTick      stm32f1xx_hal_timebase_tim.o
    0x08000a9c   0x08000a9c   0x00000060   Code   RO          594    i.HAL_MspInit       stm32f1xx_hal_msp.o
    0x08000afc   0x08000afc   0x00000020   Code   RO         1209    i.HAL_NVIC_EnableIRQ  stm32f1xx_hal_cortex.o
    0x08000b1c   0x08000b1c   0x0000007c   Code   RO         1215    i.HAL_NVIC_SetPriority  stm32f1xx_hal_cortex.o
    0x08000b98   0x08000b98   0x00000028   Code   RO         1216    i.HAL_NVIC_SetPriorityGrouping  stm32f1xx_hal_cortex.o
    0x08000bc0   0x08000bc0   0x0000018c   Code   RO          904    i.HAL_RCC_ClockConfig  stm32f1xx_hal_rcc.o
    0x08000d4c   0x08000d4c   0x00000044   Code   RO          908    i.HAL_RCC_GetClockConfig  stm32f1xx_hal_rcc.o
    0x08000d90   0x08000d90   0x0000000c   Code   RO          909    i.HAL_RCC_GetHCLKFreq  stm32f1xx_hal_rcc.o
    0x08000d9c   0x08000d9c   0x00000020   Code   RO          911    i.HAL_RCC_GetPCLK1Freq  stm32f1xx_hal_rcc.o
    0x08000dbc   0x08000dbc   0x00000020   Code   RO          912    i.HAL_RCC_GetPCLK2Freq  stm32f1xx_hal_rcc.o
    0x08000ddc   0x08000ddc   0x00000094   Code   RO          913    i.HAL_RCC_GetSysClockFreq  stm32f1xx_hal_rcc.o
    0x08000e70   0x08000e70   0x00000464   Code   RO          916    i.HAL_RCC_OscConfig  stm32f1xx_hal_rcc.o
    0x080012d4   0x080012d4   0x00000002   Code   RO         2452    i.HAL_TIMEx_BreakCallback  stm32f1xx_hal_tim_ex.o
    0x080012d6   0x080012d6   0x00000002   Code   RO         2453    i.HAL_TIMEx_CommutCallback  stm32f1xx_hal_tim_ex.o
    0x080012d8   0x080012d8   0x00000084   Code   RO         2471    i.HAL_TIMEx_MasterConfigSynchronization  stm32f1xx_hal_tim_ex.o
    0x0800135c   0x0800135c   0x00000066   Code   RO         1737    i.HAL_TIM_Base_Init  stm32f1xx_hal_tim.o
    0x080013c2   0x080013c2   0x00000002   Code   RO         1739    i.HAL_TIM_Base_MspInit  stm32f1xx_hal_tim.o
    0x080013c4   0x080013c4   0x00000078   Code   RO         1742    i.HAL_TIM_Base_Start_IT  stm32f1xx_hal_tim.o
    0x0800143c   0x0800143c   0x00000002   Code   RO         1771    i.HAL_TIM_IC_CaptureCallback  stm32f1xx_hal_tim.o
    0x0800143e   0x0800143e   0x00000196   Code   RO         1785    i.HAL_TIM_IRQHandler  stm32f1xx_hal_tim.o
    0x080015d4   0x080015d4   0x00000058   Code   RO          398    i.HAL_TIM_MspPostInit  tim.o
    0x0800162c   0x0800162c   0x00000002   Code   RO         1788    i.HAL_TIM_OC_DelayElapsedCallback  stm32f1xx_hal_tim.o
    0x0800162e   0x0800162e   0x000000fc   Code   RO         1809    i.HAL_TIM_PWM_ConfigChannel  stm32f1xx_hal_tim.o
    0x0800172a   0x0800172a   0x00000066   Code   RO         1812    i.HAL_TIM_PWM_Init  stm32f1xx_hal_tim.o
    0x08001790   0x08001790   0x00000030   Code   RO          400    i.HAL_TIM_PWM_MspInit  tim.o
    0x080017c0   0x080017c0   0x00000002   Code   RO         1815    i.HAL_TIM_PWM_PulseFinishedCallback  stm32f1xx_hal_tim.o
    0x080017c2   0x080017c2   0x00000002   PAD
    0x080017c4   0x080017c4   0x000000d4   Code   RO         1817    i.HAL_TIM_PWM_Start  stm32f1xx_hal_tim.o
    0x08001898   0x08001898   0x0000009c   Code   RO         1820    i.HAL_TIM_PWM_Stop  stm32f1xx_hal_tim.o
    0x08001934   0x08001934   0x00000018   Code   RO          238    i.HAL_TIM_PeriodElapsedCallback  main.o
    0x0800194c   0x0800194c   0x00000002   Code   RO         1828    i.HAL_TIM_TriggerCallback  stm32f1xx_hal_tim.o
    0x0800194e   0x0800194e   0x00000072   Code   RO         2728    i.HAL_UARTEx_ReceiveToIdle_DMA  stm32f1xx_hal_uart.o
    0x080019c0   0x080019c0   0x00000072   Code   RO         2729    i.HAL_UARTEx_ReceiveToIdle_IT  stm32f1xx_hal_uart.o
    0x08001a32   0x08001a32   0x00000002   Code   RO         2730    i.HAL_UARTEx_RxEventCallback  stm32f1xx_hal_uart.o
    0x08001a34   0x08001a34   0x00000002   Code   RO         2744    i.HAL_UART_ErrorCallback  stm32f1xx_hal_uart.o
    0x08001a36   0x08001a36   0x00000002   PAD
    0x08001a38   0x08001a38   0x0000024c   Code   RO         2747    i.HAL_UART_IRQHandler  stm32f1xx_hal_uart.o
    0x08001c84   0x08001c84   0x00000072   Code   RO         2748    i.HAL_UART_Init     stm32f1xx_hal_uart.o
    0x08001cf6   0x08001cf6   0x00000002   PAD
    0x08001cf8   0x08001cf8   0x00000218   Code   RO          447    i.HAL_UART_MspInit  usart.o
    0x08001f10   0x08001f10   0x00000002   Code   RO         2754    i.HAL_UART_RxCpltCallback  stm32f1xx_hal_uart.o
    0x08001f12   0x08001f12   0x00000002   Code   RO         2755    i.HAL_UART_RxHalfCpltCallback  stm32f1xx_hal_uart.o
    0x08001f14   0x08001f14   0x000000d2   Code   RO         2756    i.HAL_UART_Transmit  stm32f1xx_hal_uart.o
    0x08001fe6   0x08001fe6   0x00000002   PAD
    0x08001fe8   0x08001fe8   0x0000009c   Code   RO         2757    i.HAL_UART_Transmit_DMA  stm32f1xx_hal_uart.o
    0x08002084   0x08002084   0x00000002   Code   RO         2759    i.HAL_UART_TxCpltCallback  stm32f1xx_hal_uart.o
    0x08002086   0x08002086   0x00000002   Code   RO         2760    i.HAL_UART_TxHalfCpltCallback  stm32f1xx_hal_uart.o
    0x08002088   0x08002088   0x00000004   Code   RO          505    i.HardFault_Handler  stm32f1xx_it.o
    0x0800208c   0x0800208c   0x000000a2   Code   RO           13    i.KeyFunction       user_key.o
    0x0800212e   0x0800212e   0x00000002   PAD
    0x08002130   0x08002130   0x00000054   Code   RO          374    i.MX_DMA_Init       dma.o
    0x08002184   0x08002184   0x0000007c   Code   RO          324    i.MX_FREERTOS_Init  freertos.o
    0x08002200   0x08002200   0x00000100   Code   RO          300    i.MX_GPIO_Init      gpio.o
    0x08002300   0x08002300   0x0000007c   Code   RO          401    i.MX_TIM3_Init      tim.o
    0x0800237c   0x0800237c   0x00000038   Code   RO          448    i.MX_USART1_UART_Init  usart.o
    0x080023b4   0x080023b4   0x00000038   Code   RO          449    i.MX_USART2_UART_Init  usart.o
    0x080023ec   0x080023ec   0x00000038   Code   RO          450    i.MX_USART3_UART_Init  usart.o
    0x08002424   0x08002424   0x00000004   Code   RO          506    i.MemManage_Handler  stm32f1xx_it.o
    0x08002428   0x08002428   0x00000004   Code   RO          507    i.NMI_Handler       stm32f1xx_it.o
    0x0800242c   0x0800242c   0x00000724   Code   RO          202    i.Ods_Cfg           user_fun.o
    0x08002b50   0x08002b50   0x00000028   Code   RO          917    i.RCC_Delay         stm32f1xx_hal_rcc.o
    0x08002b78   0x08002b78   0x00000064   Code   RO          657    i.Radar_Resolver    user_radar.o
    0x08002bdc   0x08002bdc   0x0000000a   Code   RO          325    i.StartDefaultTask  freertos.o
    0x08002be6   0x08002be6   0x00000002   PAD
    0x08002be8   0x08002be8   0x00000090   Code   RO          203    i.StartFunTask      user_fun.o
    0x08002c78   0x08002c78   0x00000060   Code   RO           14    i.StartKeyTask      user_key.o
    0x08002cd8   0x08002cd8   0x000000b8   Code   RO          658    i.StartRadarTask    user_radar.o
    0x08002d90   0x08002d90   0x00000034   Code   RO         4332    i.SysTick_Handler   port.o
    0x08002dc4   0x08002dc4   0x00000068   Code   RO          239    i.SystemClock_Config  main.o
    0x08002e2c   0x08002e2c   0x00000002   Code   RO         3087    i.SystemInit        system_stm32f1xx.o
    0x08002e2e   0x08002e2e   0x00000002   PAD
    0x08002e30   0x08002e30   0x00000010   Code   RO          508    i.TIM1_UP_IRQHandler  stm32f1xx_it.o
    0x08002e40   0x08002e40   0x00000074   Code   RO         1830    i.TIM_Base_SetConfig  stm32f1xx_hal_tim.o
    0x08002eb4   0x08002eb4   0x00000022   Code   RO         1831    i.TIM_CCxChannelCmd  stm32f1xx_hal_tim.o
    0x08002ed6   0x08002ed6   0x00000002   PAD
    0x08002ed8   0x08002ed8   0x00000060   Code   RO         1843    i.TIM_OC1_SetConfig  stm32f1xx_hal_tim.o
    0x08002f38   0x08002f38   0x00000068   Code   RO         1844    i.TIM_OC2_SetConfig  stm32f1xx_hal_tim.o
    0x08002fa0   0x08002fa0   0x00000068   Code   RO         1845    i.TIM_OC3_SetConfig  stm32f1xx_hal_tim.o
    0x08003008   0x08003008   0x00000048   Code   RO         1846    i.TIM_OC4_SetConfig  stm32f1xx_hal_tim.o
    0x08003050   0x08003050   0x00000014   Code   RO         2761    i.UART_DMAAbortOnError  stm32f1xx_hal_uart.o
    0x08003064   0x08003064   0x00000050   Code   RO         2762    i.UART_DMAError     stm32f1xx_hal_uart.o
    0x080030b4   0x080030b4   0x00000068   Code   RO         2763    i.UART_DMAReceiveCplt  stm32f1xx_hal_uart.o
    0x0800311c   0x0800311c   0x00000020   Code   RO         2765    i.UART_DMARxHalfCplt  stm32f1xx_hal_uart.o
    0x0800313c   0x0800313c   0x00000036   Code   RO         2767    i.UART_DMATransmitCplt  stm32f1xx_hal_uart.o
    0x08003172   0x08003172   0x0000000e   Code   RO         2769    i.UART_DMATxHalfCplt  stm32f1xx_hal_uart.o
    0x08003180   0x08003180   0x00000036   Code   RO         2771    i.UART_EndRxTransfer  stm32f1xx_hal_uart.o
    0x080031b6   0x080031b6   0x00000020   Code   RO         2772    i.UART_EndTransmit_IT  stm32f1xx_hal_uart.o
    0x080031d6   0x080031d6   0x00000014   Code   RO         2773    i.UART_EndTxTransfer  stm32f1xx_hal_uart.o
    0x080031ea   0x080031ea   0x000000e4   Code   RO         2774    i.UART_Receive_IT   stm32f1xx_hal_uart.o
    0x080032ce   0x080032ce   0x00000002   PAD
    0x080032d0   0x080032d0   0x000000fc   Code   RO         2775    i.UART_SetConfig    stm32f1xx_hal_uart.o
    0x080033cc   0x080033cc   0x00000098   Code   RO         2776    i.UART_Start_Receive_DMA  stm32f1xx_hal_uart.o
    0x08003464   0x08003464   0x00000046   Code   RO         2777    i.UART_Start_Receive_IT  stm32f1xx_hal_uart.o
    0x080034aa   0x080034aa   0x00000060   Code   RO         2778    i.UART_Transmit_IT  stm32f1xx_hal_uart.o
    0x0800350a   0x0800350a   0x0000006c   Code   RO         2779    i.UART_WaitOnFlagUntilTimeout  stm32f1xx_hal_uart.o
    0x08003576   0x08003576   0x00000002   PAD
    0x08003578   0x08003578   0x00000010   Code   RO          509    i.USART2_IRQHandler  stm32f1xx_it.o
    0x08003588   0x08003588   0x0000002c   Code   RO          510    i.USART3_IRQHandler  stm32f1xx_it.o
    0x080035b4   0x080035b4   0x00000004   Code   RO          511    i.UsageFault_Handler  stm32f1xx_it.o
    0x080035b8   0x080035b8   0x00000010   Code   RO         1222    i.__NVIC_GetPriorityGrouping  stm32f1xx_hal_cortex.o
    0x080035c8   0x080035c8   0x00000028   Code   RO         1223    i.__NVIC_SetPriority  stm32f1xx_hal_cortex.o
    0x080035f0   0x080035f0   0x0000000e   Code   RO         4439    i.__scatterload_copy  mc_w.l(handlers.o)
    0x080035fe   0x080035fe   0x00000002   Code   RO         4440    i.__scatterload_null  mc_w.l(handlers.o)
    0x08003600   0x08003600   0x0000000e   Code   RO         4441    i.__scatterload_zeroinit  mc_w.l(handlers.o)
    0x0800360e   0x0800360e   0x00000002   PAD
    0x08003610   0x08003610   0x00000058   Code   RO          240    i.main              main.o
    0x08003668   0x08003668   0x0000000e   Code   RO         3903    i.makeFreeRtosPriority  cmsis_os.o
    0x08003676   0x08003676   0x00000018   Code   RO         3905    i.osDelay           cmsis_os.o
    0x0800368e   0x0800368e   0x0000000a   Code   RO         3908    i.osKernelStart     cmsis_os.o
    0x08003698   0x08003698   0x0000005e   Code   RO         3942    i.osThreadCreate    cmsis_os.o
    0x080036f6   0x080036f6   0x00000002   PAD
    0x080036f8   0x080036f8   0x00000098   Code   RO         3589    i.prvAddCurrentTaskToDelayedList  tasks.o
    0x08003790   0x08003790   0x000000b4   Code   RO         3590    i.prvAddNewTaskToReadyList  tasks.o
    0x08003844   0x08003844   0x00000048   Code   RO         3591    i.prvCheckTasksWaitingTermination  tasks.o
    0x0800388c   0x0800388c   0x00000050   Code   RO         3592    i.prvDeleteTCB      tasks.o
    0x080038dc   0x080038dc   0x0000007c   Code   RO         4270    i.prvHeapInit       heap_4.o
    0x08003958   0x08003958   0x00000028   Code   RO         3593    i.prvIdleTask       tasks.o
    0x08003980   0x08003980   0x000000aa   Code   RO         3594    i.prvInitialiseNewTask  tasks.o
    0x08003a2a   0x08003a2a   0x00000002   PAD
    0x08003a2c   0x08003a2c   0x00000068   Code   RO         3595    i.prvInitialiseTaskLists  tasks.o
    0x08003a94   0x08003a94   0x00000068   Code   RO         4271    i.prvInsertBlockIntoFreeList  heap_4.o
    0x08003afc   0x08003afc   0x00000034   Code   RO         3596    i.prvResetNextTaskUnblockTime  tasks.o
    0x08003b30   0x08003b30   0x00000040   Code   RO         4333    i.prvTaskExitError  port.o
    0x08003b70   0x08003b70   0x0000013c   Code   RO         4272    i.pvPortMalloc      heap_4.o
    0x08003cac   0x08003cac   0x00000024   Code   RO         4334    i.pxPortInitialiseStack  port.o
    0x08003cd0   0x08003cd0   0x00000028   Code   RO         3224    i.uxListRemove      list.o
    0x08003cf8   0x08003cf8   0x00000018   Code   RO          326    i.vApplicationGetIdleTaskMemory  freertos.o
    0x08003d10   0x08003d10   0x0000001a   Code   RO         3225    i.vListInitialise   list.o
    0x08003d2a   0x08003d2a   0x00000006   Code   RO         3226    i.vListInitialiseItem  list.o
    0x08003d30   0x08003d30   0x00000034   Code   RO         3227    i.vListInsert       list.o
    0x08003d64   0x08003d64   0x00000018   Code   RO         3228    i.vListInsertEnd    list.o
    0x08003d7c   0x08003d7c   0x00000054   Code   RO         4336    i.vPortEnterCritical  port.o
    0x08003dd0   0x08003dd0   0x0000003c   Code   RO         4337    i.vPortExitCritical  port.o
    0x08003e0c   0x08003e0c   0x00000094   Code   RO         4273    i.vPortFree         heap_4.o
    0x08003ea0   0x08003ea0   0x00000028   Code   RO         4338    i.vPortSetupTimerInterrupt  port.o
    0x08003ec8   0x08003ec8   0x0000005c   Code   RO         3604    i.vTaskDelay        tasks.o
    0x08003f24   0x08003f24   0x000000b0   Code   RO         3617    i.vTaskStartScheduler  tasks.o
    0x08003fd4   0x08003fd4   0x00000010   Code   RO         3619    i.vTaskSuspendAll   tasks.o
    0x08003fe4   0x08003fe4   0x0000008c   Code   RO         3620    i.vTaskSwitchContext  tasks.o
    0x08004070   0x08004070   0x000000f8   Code   RO         4340    i.xPortStartScheduler  port.o
    0x08004168   0x08004168   0x00000064   Code   RO         3622    i.xTaskCreate       tasks.o
    0x080041cc   0x080041cc   0x000000b8   Code   RO         3623    i.xTaskCreateStatic  tasks.o
    0x08004284   0x08004284   0x00000148   Code   RO         3630    i.xTaskIncrementTick  tasks.o
    0x080043cc   0x080043cc   0x00000104   Code   RO         3636    i.xTaskResumeAll    tasks.o
    0x080044d0   0x080044d0   0x00000070   Data   RO          328    .constdata          freertos.o
    0x08004540   0x08004540   0x00000018   Data   RO         3088    .constdata          system_stm32f1xx.o
    0x08004558   0x08004558   0x0000009b   Data   RO          204    .conststring        user_fun.o
    0x080045f3   0x080045f3   0x00000001   PAD
    0x080045f4   0x080045f4   0x00000028   Data   RO          329    .conststring        freertos.o
    0x0800461c   0x0800461c   0x00000020   Data   RO         4437    Region$$Table       anon$$obj.o


    Execution Region RW_IRAM1 (Exec base: 0x20000000, Load base: 0x0800463c, Size: 0x00001a28, Max: 0x00005000, ABSOLUTE)

    Exec Addr    Load Addr    Size         Type   Attr      Idx    E Section Name        Object

    0x20000000   0x0800463c   0x00000008   Data   RW           15    .data               user_key.o
    0x20000008   0x08004644   0x00000010   Data   RW          330    .data               freertos.o
    0x20000018   0x08004654   0x00000009   Data   RW          754    .data               stm32f1xx_hal.o
    0x20000021   0x0800465d   0x00000003   PAD
    0x20000024   0x08004660   0x00000004   Data   RW         3089    .data               system_stm32f1xx.o
    0x20000028   0x08004664   0x0000003c   Data   RW         3639    .data               tasks.o
    0x20000064   0x080046a0   0x00000018   Data   RW         4278    .data               heap_4.o
    0x2000007c   0x080046b8   0x0000000c   Data   RW         4341    .data               port.o
    0x20000088        -       0x00000410   Zero   RW          242    .bss                main.o
    0x20000498        -       0x00000254   Zero   RW          327    .bss                freertos.o
    0x200006ec        -       0x00000048   Zero   RW          402    .bss                tim.o
    0x20000734        -       0x00000198   Zero   RW          451    .bss                usart.o
    0x200008cc        -       0x00000048   Zero   RW          621    .bss                stm32f1xx_hal_timebase_tim.o
    0x20000914   0x080046c4   0x00000004   PAD
    0x20000918        -       0x00000020   Zero   RW          659    .bss                user_radar.o
    0x20000938        -       0x000000f0   Zero   RW         3638    .bss                tasks.o
    0x20000a28        -       0x00000c00   Zero   RW         4277    .bss                heap_4.o
    0x20001628        -       0x00000400   Zero   RW            1    STACK               startup_stm32f103xb.o


==============================================================================

Image component sizes


      Code (inc. data)   RO Data    RW Data    ZI Data      Debug   Object Name

       142          0          0          0          0      22051   cmsis_os.o
        84          4          0          0          0        742   dma.o
         0          0          0          0          0      18212   event_groups.o
       158         32        152         16        596       2622   freertos.o
       256         12          0          0          0        983   gpio.o
       692         62          0         24       3072       7195   heap_4.o
       148          0          0          0          0       3386   list.o
       222         28          0          0       1040       8469   main.o
       734         64          0         12          0      10312   port.o
        36          8        236          0       1024        796   startup_stm32f103xb.o
       116         24          0          9          0       5194   stm32f1xx_hal.o
       252         22          0          0          0      28638   stm32f1xx_hal_cortex.o
       978         12          0          0          0       4810   stm32f1xx_hal_dma.o
       848         34          0          0          0       3896   stm32f1xx_hal_gpio.o
        96         10          0          0          0        882   stm32f1xx_hal_msp.o
      1852        120          0          0          0       6561   stm32f1xx_hal_rcc.o
      1886         64          0          0          0      12488   stm32f1xx_hal_tim.o
       136         14          0          0          0       2365   stm32f1xx_hal_tim_ex.o
       160         22          0          0         72       1399   stm32f1xx_hal_timebase_tim.o
      2624         38          0          0          0      18814   stm32f1xx_hal_uart.o
       146         44          0          0          0       5367   stm32f1xx_it.o
         0          0          0          0          0        424   stream_buffer.o
         2          0         24          4          0       1095   system_stm32f1xx.o
      2146        270          0         60        240      16841   tasks.o
       260         32          0          0         72       2207   tim.o
       704         72          0          0        408       3125   usart.o
      1972       1052        155          0          0       1793   user_fun.o
       258         18          0          8          0     454137   user_key.o
       284         34          0          0         32       2129   user_radar.o

    ----------------------------------------------------------------------
     17220       2092        600        136       6560     646933   Object Totals
         0          0         32          0          0          0   (incl. Generated)
        28          0          1          3          4          0   (incl. Padding)

    ----------------------------------------------------------------------

      Code (inc. data)   RO Data    RW Data    ZI Data      Debug   Library Member Name

         0          0          0          0          0          0   entry.o
         0          0          0          0          0          0   entry10a.o
         0          0          0          0          0          0   entry11a.o
         8          4          0          0          0          0   entry2.o
         4          0          0          0          0          0   entry5.o
         0          0          0          0          0          0   entry7b.o
         0          0          0          0          0          0   entry8b.o
         8          4          0          0          0          0   entry9a.o
        30          0          0          0          0          0   handlers.o
        36          8          0          0          0         68   init.o
        36          0          0          0          0         68   memcpya.o
        36          0          0          0          0        108   memseta.o

    ----------------------------------------------------------------------
       160         16          0          0          0        244   Library Totals
         2          0          0          0          0          0   (incl. Padding)

    ----------------------------------------------------------------------

      Code (inc. data)   RO Data    RW Data    ZI Data      Debug   Library Name

       158         16          0          0          0        244   mc_w.l

    ----------------------------------------------------------------------
       160         16          0          0          0        244   Library Totals

    ----------------------------------------------------------------------

==============================================================================


      Code (inc. data)   RO Data    RW Data    ZI Data      Debug   

     17380       2108        600        136       6560     639789   Grand Totals
     17380       2108        600        136       6560     639789   ELF Image Totals
     17380       2108        600        136          0          0   ROM Totals

==============================================================================

    Total RO  Size (Code + RO Data)                17980 (  17.56kB)
    Total RW  Size (RW Data + ZI Data)              6696 (   6.54kB)
    Total ROM Size (Code + RO Data + RW Data)      18116 (  17.69kB)

==============================================================================

