Component: ARM Compiler 5.06 update 1 (build 61) Tool: armlink [4d35a8]

==============================================================================

Section Cross References

    startup_stm32f103xb.o(RESET) refers to startup_stm32f103xb.o(STACK) for __initial_sp
    startup_stm32f103xb.o(RESET) refers to startup_stm32f103xb.o(.text) for Reset_Handler
    startup_stm32f103xb.o(RESET) refers to stm32f1xx_it.o(i.NMI_Handler) for NMI_Handler
    startup_stm32f103xb.o(RESET) refers to stm32f1xx_it.o(i.HardFault_Handler) for HardFault_Handler
    startup_stm32f103xb.o(RESET) refers to stm32f1xx_it.o(i.MemManage_Handler) for MemManage_Handler
    startup_stm32f103xb.o(RESET) refers to stm32f1xx_it.o(i.BusFault_Handler) for BusFault_Handler
    startup_stm32f103xb.o(RESET) refers to stm32f1xx_it.o(i.UsageFault_Handler) for UsageFault_Handler
    startup_stm32f103xb.o(RESET) refers to port.o(.emb_text) for SVC_Handler
    startup_stm32f103xb.o(RESET) refers to stm32f1xx_it.o(i.DebugMon_Handler) for DebugMon_Handler
    startup_stm32f103xb.o(RESET) refers to port.o(i.SysTick_Handler) for SysTick_Handler
    startup_stm32f103xb.o(RESET) refers to stm32f1xx_it.o(i.DMA1_Channel3_IRQHandler) for DMA1_Channel3_IRQHandler
    startup_stm32f103xb.o(RESET) refers to stm32f1xx_it.o(i.DMA1_Channel6_IRQHandler) for DMA1_Channel6_IRQHandler
    startup_stm32f103xb.o(RESET) refers to stm32f1xx_it.o(i.DMA1_Channel7_IRQHandler) for DMA1_Channel7_IRQHandler
    startup_stm32f103xb.o(RESET) refers to stm32f1xx_it.o(i.TIM1_UP_IRQHandler) for TIM1_UP_IRQHandler
    startup_stm32f103xb.o(RESET) refers to stm32f1xx_it.o(i.USART2_IRQHandler) for USART2_IRQHandler
    startup_stm32f103xb.o(RESET) refers to stm32f1xx_it.o(i.USART3_IRQHandler) for USART3_IRQHandler
    startup_stm32f103xb.o(.text) refers to system_stm32f1xx.o(i.SystemInit) for SystemInit
    startup_stm32f103xb.o(.text) refers to entry.o(.ARM.Collect$$$$00000000) for __main
    user_key.o(i.KeyFunction) refers to stm32f1xx_hal_gpio.o(i.HAL_GPIO_ReadPin) for HAL_GPIO_ReadPin
    user_key.o(i.StartKeyTask) refers to user_key.o(i.KeyFunction) for KeyFunction
    user_key.o(i.StartKeyTask) refers to cmsis_os.o(i.osDelay) for osDelay
    user_key.o(i.StartKeyTask) refers to user_key.o(.data) for KeyRamSW1
    user_key.o(i.StartKeyTask) refers to main.o(.bss) for SysRam
    user_fun.o(i.StartFunTask) refers to stm32f1xx_hal_tim.o(i.HAL_TIM_PWM_Start) for HAL_TIM_PWM_Start
    user_fun.o(i.StartFunTask) refers to stm32f1xx_hal_gpio.o(i.HAL_GPIO_WritePin) for HAL_GPIO_WritePin
    user_fun.o(i.StartFunTask) refers to stm32f1xx_hal_tim.o(i.HAL_TIM_PWM_Stop) for HAL_TIM_PWM_Stop
    user_fun.o(i.StartFunTask) refers to cmsis_os.o(i.osDelay) for osDelay
    user_fun.o(i.StartFunTask) refers to stm32f1xx_hal_gpio.o(i.HAL_GPIO_TogglePin) for HAL_GPIO_TogglePin
    user_fun.o(i.StartFunTask) refers to stm32f1xx_hal_gpio.o(i.HAL_GPIO_ReadPin) for HAL_GPIO_ReadPin
    user_fun.o(i.StartFunTask) refers to tim.o(.bss) for htim3
    user_fun.o(i.StartFunTask) refers to main.o(.bss) for SysRam
    main.o(i.HAL_TIM_PeriodElapsedCallback) refers to stm32f1xx_hal.o(i.HAL_IncTick) for HAL_IncTick
    main.o(i.SystemClock_Config) refers to memseta.o(.text) for __aeabi_memclr4
    main.o(i.SystemClock_Config) refers to stm32f1xx_hal_rcc.o(i.HAL_RCC_OscConfig) for HAL_RCC_OscConfig
    main.o(i.SystemClock_Config) refers to main.o(i.Error_Handler) for Error_Handler
    main.o(i.SystemClock_Config) refers to stm32f1xx_hal_rcc.o(i.HAL_RCC_ClockConfig) for HAL_RCC_ClockConfig
    main.o(i.fputc) refers to stm32f1xx_hal_uart.o(i.HAL_UART_Transmit) for HAL_UART_Transmit
    main.o(i.fputc) refers to usart.o(.bss) for huart2
    main.o(i.main) refers to stm32f1xx_hal.o(i.HAL_Init) for HAL_Init
    main.o(i.main) refers to main.o(i.SystemClock_Config) for SystemClock_Config
    main.o(i.main) refers to gpio.o(i.MX_GPIO_Init) for MX_GPIO_Init
    main.o(i.main) refers to dma.o(i.MX_DMA_Init) for MX_DMA_Init
    main.o(i.main) refers to usart.o(i.MX_USART2_UART_Init) for MX_USART2_UART_Init
    main.o(i.main) refers to usart.o(i.MX_USART3_UART_Init) for MX_USART3_UART_Init
    main.o(i.main) refers to tim.o(i.MX_TIM3_Init) for MX_TIM3_Init
    main.o(i.main) refers to usart.o(i.MX_USART1_UART_Init) for MX_USART1_UART_Init
    main.o(i.main) refers to freertos.o(i.MX_FREERTOS_Init) for MX_FREERTOS_Init
    main.o(i.main) refers to cmsis_os.o(i.osKernelStart) for osKernelStart
    main.o(i.main) refers to printfa.o(i.__0printf) for __2printf
    main.o(i.main) refers to stm32f1xx_hal.o(i.HAL_Delay) for HAL_Delay
    gpio.o(i.MX_GPIO_Init) refers to stm32f1xx_hal_gpio.o(i.HAL_GPIO_WritePin) for HAL_GPIO_WritePin
    gpio.o(i.MX_GPIO_Init) refers to stm32f1xx_hal_gpio.o(i.HAL_GPIO_Init) for HAL_GPIO_Init
    freertos.o(i.MX_FREERTOS_Init) refers to memcpya.o(.text) for __aeabi_memcpy4
    freertos.o(i.MX_FREERTOS_Init) refers to cmsis_os.o(i.osThreadCreate) for osThreadCreate
[...]
    ../clib/microlib/printf/printf.c         0x00000000   Number         0  printfa.o ABSOLUTE
    ../clib/microlib/printf/printf.c         0x00000000   Number         0  printf0.o ABSOLUTE
    ../clib/microlib/printf/printf.c         0x00000000   Number         0  printfb.o ABSOLUTE
    ../clib/microlib/printf/printf.c         0x00000000   Number         0  printf1.o ABSOLUTE
    ../clib/microlib/printf/printf.c         0x00000000   Number         0  printf2.o ABSOLUTE
    ../clib/microlib/printf/printf.c         0x00000000   Number         0  printf3.o ABSOLUTE
    ../clib/microlib/printf/printf.c         0x00000000   Number         0  printf4.o ABSOLUTE
    ../clib/microlib/printf/printf.c         0x00000000   Number         0  printf5.o ABSOLUTE
    ../clib/microlib/printf/printf.c         0x00000000   Number         0  printf6.o ABSOLUTE
    ../clib/microlib/printf/printf.c         0x00000000   Number         0  printf7.o ABSOLUTE
    ../clib/microlib/printf/stubs.s          0x00000000   Number         0  stubs.o ABSOLUTE
    ../clib/microlib/stdio/streams.c         0x00000000   Number         0  stdout.o ABSOLUTE
    ../clib/microlib/string/memcpy.c         0x00000000   Number         0  memcpya.o ABSOLUTE
    ../clib/microlib/string/memcpy.c         0x00000000   Number         0  memcpyb.o ABSOLUTE
    ../clib/microlib/string/memset.c         0x00000000   Number         0  memset.o ABSOLUTE
    ../clib/microlib/string/memset.c         0x00000000   Number         0  memseta.o ABSOLUTE
    ../clib/microlib/stubs.s                 0x00000000   Number         0  iusefp.o ABSOLUTE
    ../fplib/microlib/d2f.c                  0x00000000   Number         0  d2f.o ABSOLUTE
    ../fplib/microlib/f2d.c                  0x00000000   Number         0  f2d.o ABSOLUTE
    ../fplib/microlib/fpadd.c                0x00000000   Number         0  dadd.o ABSOLUTE
    ../fplib/microlib/fpdiv.c                0x00000000   Number         0  ddiv.o ABSOLUTE
    ../fplib/microlib/fpepilogue.c           0x00000000   Number         0  fepilogue.o ABSOLUTE
    ../fplib/microlib/fpepilogue.c           0x00000000   Number         0  depilogue.o ABSOLUTE
    ../fplib/microlib/fpfix.c                0x00000000   Number         0  dfixul.o ABSOLUTE
    ../fplib/microlib/fpflt.c                0x00000000   Number         0  dfltui.o ABSOLUTE
    ../fplib/microlib/fpmul.c                0x00000000   Number         0  dmul.o ABSOLUTE
    ..\Core\Src\dma.c                        0x00000000   Number         0  dma.o ABSOLUTE
    ..\Core\Src\freertos.c                   0x00000000   Number         0  freertos.o ABSOLUTE
    ..\Core\Src\gpio.c                       0x00000000   Number         0  gpio.o ABSOLUTE
    ..\Core\Src\main.c                       0x00000000   Number         0  main.o ABSOLUTE
    ..\Core\Src\stm32f1xx_hal_msp.c          0x00000000   Number         0  stm32f1xx_hal_msp.o ABSOLUTE
    ..\Core\Src\stm32f1xx_hal_timebase_tim.c 0x00000000   Number         0  stm32f1xx_hal_timebase_tim.o ABSOLUTE
    ..\Core\Src\stm32f1xx_it.c               0x00000000   Number         0  stm32f1xx_it.o ABSOLUTE
    ..\Core\Src\system_stm32f1xx.c           0x00000000   Number         0  system_stm32f1xx.o ABSOLUTE
    ..\Core\Src\tim.c                        0x00000000   Number         0  tim.o ABSOLUTE
    ..\Core\Src\usart.c                      0x00000000   Number         0  usart.o ABSOLUTE
    ..\Core\Src\user_fun.c                   0x00000000   Number         0  user_fun.o ABSOLUTE
    ..\Core\Src\user_key.c                   0x00000000   Number         0  user_key.o ABSOLUTE
    ..\Core\Src\user_radar.c                 0x00000000   Number         0  user_radar.o ABSOLUTE
    ..\Drivers\STM32F1xx_HAL_Driver\Src\stm32f1xx_hal.c 0x00000000   Number         0  stm32f1xx_hal.o ABSOLUTE
    ..\Drivers\STM32F1xx_HAL_Driver\Src\stm32f1xx_hal_cortex.c 0x00000000   Number         0  stm32f1xx_hal_cortex.o ABSOLUTE
    ..\Drivers\STM32F1xx_HAL_Driver\Src\stm32f1xx_hal_dma.c 0x00000000   Number         0  stm32f1xx_hal_dma.o ABSOLUTE
    ..\Drivers\STM32F1xx_HAL_Driver\Src\stm32f1xx_hal_exti.c 0x00000000   Number         0  stm32f1xx_hal_exti.o ABSOLUTE
    ..\Drivers\STM32F1xx_HAL_Driver\Src\stm32f1xx_hal_flash.c 0x00000000   Number         0  stm32f1xx_hal_flash.o ABSOLUTE
    ..\Drivers\STM32F1xx_HAL_Driver\Src\stm32f1xx_hal_flash_ex.c 0x00000000   Number         0  stm32f1xx_hal_flash_ex.o ABSOLUTE
    ..\Drivers\STM32F1xx_HAL_Driver\Src\stm32f1xx_hal_gpio.c 0x00000000   Number         0  stm32f1xx_hal_gpio.o ABSOLUTE
    ..\Drivers\STM32F1xx_HAL_Driver\Src\stm32f1xx_hal_gpio_ex.c 0x00000000   Number         0  stm32f1xx_hal_gpio_ex.o ABSOLUTE
    ..\Drivers\STM32F1xx_HAL_Driver\Src\stm32f1xx_hal_pwr.c 0x00000000   Number         0  stm32f1xx_hal_pwr.o ABSOLUTE
    ..\Drivers\STM32F1xx_HAL_Driver\Src\stm32f1xx_hal_rcc.c 0x00000000   Number         0  stm32f1xx_hal_rcc.o ABSOLUTE
    ..\Drivers\STM32F1xx_HAL_Driver\Src\stm32f1xx_hal_rcc_ex.c 0x00000000   Number         0  stm32f1xx_hal_rcc_ex.o ABSOLUTE
    ..\Drivers\STM32F1xx_HAL_Driver\Src\stm32f1xx_hal_tim.c 0x00000000   Number         0  stm32f1xx_hal_tim.o ABSOLUTE
    ..\Drivers\STM32F1xx_HAL_Driver\Src\stm32f1xx_hal_tim_ex.c 0x00000000   Number         0  stm32f1xx_hal_tim_ex.o ABSOLUTE
    ..\Drivers\STM32F1xx_HAL_Driver\Src\stm32f1xx_hal_uart.c 0x00000000   Number         0  stm32f1xx_hal_uart.o ABSOLUTE
    ..\Middlewares\Third_Party\FreeRTOS\Source\CMSIS_RTOS\cmsis_os.c 0x00000000   Number         0  cmsis_os.o ABSOLUTE
    ..\Middlewares\Third_Party\FreeRTOS\Source\portable\RVDS\ARM_CM3\port.c 0x00000000   Number         0  port.o ABSOLUTE
    ..\\Core\\Src\\user_fun.c                0x00000000   Number         0  user_fun.o ABSOLUTE
    ..\\Core\\Src\\user_key.c                0x00000000   Number         0  user_key.o ABSOLUTE
    ..\\Core\\Src\\user_radar.c              0x00000000   Number         0  user_radar.o ABSOLUTE
    cdrcmple.s                               0x00000000   Number         0  cdrcmple.o ABSOLUTE
    dc.s                                     0x00000000   Number         0  dc.o ABSOLUTE
    handlers.s                               0x00000000   Number         0  handlers.o ABSOLUTE
    init.s                                   0x00000000   Number         0  init.o ABSOLUTE
    startup_stm32f103xb.s                    0x00000000   Number         0  startup_stm32f103xb.o ABSOLUTE
    RESET                                    0x08000000   Section      236  startup_stm32f103xb.o(RESET)
    .ARM.Collect$$$$00000000                 0x080000ec   Section        0  entry.o(.ARM.Collect$$$$00000000)
    .ARM.Collect$$$$00000001                 0x080000ec   Section        4  entry2.o(.ARM.Collect$$$$00000001)
    .ARM.Collect$$$$00000004                 0x080000f0   Section        4  entry5.o(.ARM.Collect$$$$00000004)
    .ARM.Collect$$$$00000008                 0x080000f4   Section        0  entry7b.o(.ARM.Collect$$$$00000008)
    .ARM.Collect$$$$0000000A                 0x080000f4   Section        0  entry8b.o(.ARM.Collect$$$$0000000A)
    .ARM.Collect$$$$0000000B                 0x080000f4   Section        8  entry9a.o(.ARM.Collect$$$$0000000B)
    .ARM.Collect$$$$0000000D                 0x080000fc   Section        0  entry10a.o(.ARM.Collect$$$$0000000D)
    .ARM.Collect$$$$0000000F                 0x080000fc   Section        0  entry11a.o(.ARM.Collect$$$$0000000F)
    .ARM.Collect$$$$00002712                 0x080000fc   Section        4  entry2.o(.ARM.Collect$$$$00002712)
    __lit__00000000                          0x080000fc   Data           4  entry2.o(.ARM.Collect$$$$00002712)
    .emb_text                                0x08000100   Section      150  port.o(.emb_text)
    .text                                    0x08000198   Section       36  startup_stm32f103xb.o(.text)
    .text                                    0x080001bc   Section        0  llushr.o(.text)
    .text                                    0x080001dc   Section        0  memcpya.o(.text)
    .text                                    0x08000200   Section        0  memseta.o(.text)
    .text                                    0x08000224   Section        0  dadd.o(.text)
    .text                                    0x08000372   Section        0  dmul.o(.text)
    .text                                    0x08000456   Section        0  dfltui.o(.text)
    .text                                    0x08000470   Section        0  f2d.o(.text)
    .text                                    0x08000496   Section        0  d2f.o(.text)
    .text                                    0x080004ce   Section        0  uidiv.o(.text)
    .text                                    0x080004fa   Section        0  uldiv.o(.text)
    .text                                    0x0800055c   Section        0  llshl.o(.text)
    .text                                    0x0800057a   Section        0  llsshr.o(.text)
    .text                                    0x0800059e   Section        0  fepilogue.o(.text)
    .text                                    0x0800059e   Section        0  iusefp.o(.text)
    .text                                    0x0800060c   Section        0  depilogue.o(.text)
    .text                                    0x080006c6   Section        0  ddiv.o(.text)
    .text                                    0x080007a4   Section        0  dfixul.o(.text)
    .text                                    0x080007d4   Section       48  cdrcmple.o(.text)
    .text                                    0x08000804   Section       36  init.o(.text)
    i.BusFault_Handler                       0x08000828   Section        0  stm32f1xx_it.o(i.BusFault_Handler)
    i.DMA1_Channel3_IRQHandler               0x0800082c   Section        0  stm32f1xx_it.o(i.DMA1_Channel3_IRQHandler)
    i.DMA1_Channel6_IRQHandler               0x0800083c   Section        0  stm32f1xx_it.o(i.DMA1_Channel6_IRQHandler)
    i.DMA1_Channel7_IRQHandler               0x0800084c   Section        0  stm32f1xx_it.o(i.DMA1_Channel7_IRQHandler)
    i.DMA_SetConfig                          0x0800085c   Section        0  stm32f1xx_hal_dma.o(i.DMA_SetConfig)
    DMA_SetConfig                            0x0800085d   Thumb Code    44  stm32f1xx_hal_dma.o(i.DMA_SetConfig)
    i.DebugMon_Handler                       0x08000888   Section        0  stm32f1xx_it.o(i.DebugMon_Handler)
    i.Error_Handler                          0x0800088a   Section        0  main.o(i.Error_Handler)
    i.HAL_DMA_Abort                          0x08000890   Section        0  stm32f1xx_hal_dma.o(i.HAL_DMA_Abort)
    i.HAL_DMA_Abort_IT                       0x080008e8   Section        0  stm32f1xx_hal_dma.o(i.HAL_DMA_Abort_IT)
    i.HAL_DMA_IRQHandler                     0x08000998   Section        0  stm32f1xx_hal_dma.o(i.HAL_DMA_IRQHandler)
    i.HAL_DMA_Init                           0x08000b34   Section        0  stm32f1xx_hal_dma.o(i.HAL_DMA_Init)
    i.HAL_DMA_Start_IT                       0x08000b9c   Section        0  stm32f1xx_hal_dma.o(i.HAL_DMA_Start_IT)
    i.HAL_Delay                              0x08000c38   Section        0  stm32f1xx_hal.o(i.HAL_Delay)
    i.HAL_GPIO_Init                          0x08000c60   Section        0  stm32f1xx_hal_gpio.o(i.HAL_GPIO_Init)
    i.HAL_GPIO_ReadPin                       0x08000f80   Section        0  stm32f1xx_hal_gpio.o(i.HAL_GPIO_ReadPin)
    i.HAL_GPIO_TogglePin                     0x08000f90   Section        0  stm32f1xx_hal_gpio.o(i.HAL_GPIO_TogglePin)
    i.HAL_GPIO_WritePin                      0x08000fa4   Section        0  stm32f1xx_hal_gpio.o(i.HAL_GPIO_WritePin)
    i.HAL_GetTick                            0x08000fb0   Section        0  stm32f1xx_hal.o(i.HAL_GetTick)
    i.HAL_IncTick                            0x08000fbc   Section        0  stm32f1xx_hal.o(i.HAL_IncTick)
    i.HAL_Init                               0x08000fd4   Section        0  stm32f1xx_hal.o(i.HAL_Init)
    i.HAL_InitTick                           0x08000ffc   Section        0  stm32f1xx_hal_timebase_tim.o(i.HAL_InitTick)
    i.HAL_MspInit                            0x0800109c   Section        0  stm32f1xx_hal_msp.o(i.HAL_MspInit)
    i.HAL_NVIC_EnableIRQ                     0x080010fc   Section        0  stm32f1xx_hal_cortex.o(i.HAL_NVIC_EnableIRQ)
    i.HAL_NVIC_SetPriority                   0x0800111c   Section        0  stm32f1xx_hal_cortex.o(i.HAL_NVIC_SetPriority)
    i.HAL_NVIC_SetPriorityGrouping           0x08001198   Section        0  stm32f1xx_hal_cortex.o(i.HAL_NVIC_SetPriorityGrouping)
    i.HAL_RCC_ClockConfig                    0x080011c0   Section        0  stm32f1xx_hal_rcc.o(i.HAL_RCC_ClockConfig)
    i.HAL_RCC_GetClockConfig                 0x0800134c   Section        0  stm32f1xx_hal_rcc.o(i.HAL_RCC_GetClockConfig)
    i.HAL_RCC_GetHCLKFreq                    0x08001390   Section        0  stm32f1xx_hal_rcc.o(i.HAL_RCC_GetHCLKFreq)
    i.HAL_RCC_GetPCLK1Freq                   0x0800139c   Section        0  stm32f1xx_hal_rcc.o(i.HAL_RCC_GetPCLK1Freq)
    i.HAL_RCC_GetPCLK2Freq                   0x080013bc   Section        0  stm32f1xx_hal_rcc.o(i.HAL_RCC_GetPCLK2Freq)
    i.HAL_RCC_GetSysClockFreq                0x080013dc   Section        0  stm32f1xx_hal_rcc.o(i.HAL_RCC_GetSysClockFreq)
    i.HAL_RCC_OscConfig                      0x08001470   Section        0  stm32f1xx_hal_rcc.o(i.HAL_RCC_OscConfig)
    i.HAL_TIMEx_BreakCallback                0x080018d4   Section        0  stm32f1xx_hal_tim_ex.o(i.HAL_TIMEx_BreakCallback)
    i.HAL_TIMEx_CommutCallback               0x080018d6   Section        0  stm32f1xx_hal_tim_ex.o(i.HAL_TIMEx_CommutCallback)
    i.HAL_TIMEx_MasterConfigSynchronization  0x080018d8   Section        0  stm32f1xx_hal_tim_ex.o(i.HAL_TIMEx_MasterConfigSynchronization)
    i.HAL_TIM_Base_Init                      0x0800195c   Section        0  stm32f1xx_hal_tim.o(i.HAL_TIM_Base_Init)
    i.HAL_TIM_Base_MspInit                   0x080019c2   Section        0  stm32f1xx_hal_tim.o(i.HAL_TIM_Base_MspInit)
    i.HAL_TIM_Base_Start_IT                  0x080019c4   Section        0  stm32f1xx_hal_tim.o(i.HAL_TIM_Base_Start_IT)
    i.HAL_TIM_IC_CaptureCallback             0x08001a3c   Section        0  stm32f1xx_hal_tim.o(i.HAL_TIM_IC_CaptureCallback)
    i.HAL_TIM_IRQHandler                     0x08001a3e   Section        0  stm32f1xx_hal_tim.o(i.HAL_TIM_IRQHandler)
    i.HAL_TIM_MspPostInit                    0x08001bd4   Section        0  tim.o(i.HAL_TIM_MspPostInit)
    i.HAL_TIM_OC_DelayElapsedCallback        0x08001c2c   Section        0  stm32f1xx_hal_tim.o(i.HAL_TIM_OC_DelayElapsedCallback)
    i.HAL_TIM_PWM_ConfigChannel              0x08001c2e   Section        0  stm32f1xx_hal_tim.o(i.HAL_TIM_PWM_ConfigChannel)
    i.HAL_TIM_PWM_Init                       0x08001d2a   Section        0  stm32f1xx_hal_tim.o(i.HAL_TIM_PWM_Init)
    i.HAL_TIM_PWM_MspInit                    0x08001d90   Section        0  tim.o(i.HAL_TIM_PWM_MspInit)
    i.HAL_TIM_PWM_PulseFinishedCallback      0x08001dc0   Section        0  stm32f1xx_hal_tim.o(i.HAL_TIM_PWM_PulseFinishedCallback)
    i.HAL_TIM_PWM_Start                      0x08001dc4   Section        0  stm32f1xx_hal_tim.o(i.HAL_TIM_PWM_Start)
    i.HAL_TIM_PWM_Stop                       0x08001e98   Section        0  stm32f1xx_hal_tim.o(i.HAL_TIM_PWM_Stop)
    i.HAL_TIM_PeriodElapsedCallback          0x08001f34   Section        0  main.o(i.HAL_TIM_PeriodElapsedCallback)
    i.HAL_TIM_TriggerCallback                0x08001f4c   Section        0  stm32f1xx_hal_tim.o(i.HAL_TIM_TriggerCallback)
    i.HAL_UARTEx_ReceiveToIdle_DMA           0x08001f4e   Section        0  stm32f1xx_hal_uart.o(i.HAL_UARTEx_ReceiveToIdle_DMA)
    i.HAL_UARTEx_RxEventCallback             0x08001fc0   Section        0  stm32f1xx_hal_uart.o(i.HAL_UARTEx_RxEventCallback)
    i.HAL_UART_ErrorCallback                 0x08001fc2   Section        0  stm32f1xx_hal_uart.o(i.HAL_UART_ErrorCallback)
    i.HAL_UART_IRQHandler                    0x08001fc4   Section        0  stm32f1xx_hal_uart.o(i.HAL_UART_IRQHandler)
    i.HAL_UART_Init                          0x08002210   Section        0  stm32f1xx_hal_uart.o(i.HAL_UART_Init)
    i.HAL_UART_MspInit                       0x08002284   Section        0  usart.o(i.HAL_UART_MspInit)
    i.HAL_UART_RxCpltCallback                0x0800249c   Section        0  stm32f1xx_hal_uart.o(i.HAL_UART_RxCpltCallback)
    i.HAL_UART_RxHalfCpltCallback            0x0800249e   Section        0  stm32f1xx_hal_uart.o(i.HAL_UART_RxHalfCpltCallback)
    i.HAL_UART_Transmit                      0x080024a0   Section        0  stm32f1xx_hal_uart.o(i.HAL_UART_Transmit)
    i.HAL_UART_TxCpltCallback                0x08002572   Section        0  stm32f1xx_hal_uart.o(i.HAL_UART_TxCpltCallback)
    i.HardFault_Handler                      0x08002574   Section        0  stm32f1xx_it.o(i.HardFault_Handler)
    i.KeyFunction                            0x08002578   Section        0  user_key.o(i.KeyFunction)
    i.MX_DMA_Init                            0x0800261c   Section        0  dma.o(i.MX_DMA_Init)
    i.MX_FREERTOS_Init                       0x08002670   Section        0  freertos.o(i.MX_FREERTOS_Init)
    i.MX_GPIO_Init                           0x080026ec   Section        0  gpio.o(i.MX_GPIO_Init)
    i.MX_TIM3_Init                           0x080027ec   Section        0  tim.o(i.MX_TIM3_Init)
    i.MX_USART1_UART_Init                    0x08002868   Section        0  usart.o(i.MX_USART1_UART_Init)
    i.MX_USART2_UART_Init                    0x080028a0   Section        0  usart.o(i.MX_USART2_UART_Init)
    i.MX_USART3_UART_Init                    0x080028d8   Section        0  usart.o(i.MX_USART3_UART_Init)
    i.MemManage_Handler                      0x08002910   Section        0  stm32f1xx_it.o(i.MemManage_Handler)
    i.NMI_Handler                            0x08002914   Section        0  stm32f1xx_it.o(i.NMI_Handler)
    i.Ods_Cfg                                0x08002918   Section        0  user_radar.o(i.Ods_Cfg)
    i.RCC_Delay                              0x0800303c   Section        0  stm32f1xx_hal_rcc.o(i.RCC_Delay)
    RCC_Delay                                0x0800303d   Thumb Code    36  stm32f1xx_hal_rcc.o(i.RCC_Delay)
    i.Radar_Resolver                         0x08003064   Section        0  user_radar.o(i.Radar_Resolver)
    i.StartDefaultTask                       0x08003240   Section        0  freertos.o(i.StartDefaultTask)
    i.StartFunTask                           0x0800324c   Section        0  user_fun.o(i.StartFunTask)
    i.StartKeyTask                           0x08003310   Section        0  user_key.o(i.StartKeyTask)
    i.StartRadarTask                         0x08003370   Section        0  user_radar.o(i.StartRadarTask)
    i.SysTick_Handler                        0x08003448   Section        0  port.o(i.SysTick_Handler)
    i.SystemClock_Config                     0x0800347c   Section        0  main.o(i.SystemClock_Config)
    i.SystemInit                             0x080034e4   Section        0  system_stm32f1xx.o(i.SystemInit)
    i.TIM1_UP_IRQHandler                     0x080034e8   Section        0  stm32f1xx_it.o(i.TIM1_UP_IRQHandler)
    i.TIM_Base_SetConfig                     0x080034f8   Section        0  stm32f1xx_hal_tim.o(i.TIM_Base_SetConfig)
    i.TIM_CCxChannelCmd                      0x0800356c   Section        0  stm32f1xx_hal_tim.o(i.TIM_CCxChannelCmd)
    i.TIM_OC1_SetConfig                      0x08003590   Section        0  stm32f1xx_hal_tim.o(i.TIM_OC1_SetConfig)
    TIM_OC1_SetConfig                        0x08003591   Thumb Code    90  stm32f1xx_hal_tim.o(i.TIM_OC1_SetConfig)
    i.TIM_OC2_SetConfig                      0x080035f0   Section        0  stm32f1xx_hal_tim.o(i.TIM_OC2_SetConfig)
    i.TIM_OC3_SetConfig                      0x08003658   Section        0  stm32f1xx_hal_tim.o(i.TIM_OC3_SetConfig)
    TIM_OC3_SetConfig                        0x08003659   Thumb Code    98  stm32f1xx_hal_tim.o(i.TIM_OC3_SetConfig)
    i.TIM_OC4_SetConfig                      0x080036c0   Section        0  stm32f1xx_hal_tim.o(i.TIM_OC4_SetConfig)
    TIM_OC4_SetConfig                        0x080036c1   Thumb Code    68  stm32f1xx_hal_tim.o(i.TIM_OC4_SetConfig)
    i.UART_DMAAbortOnError                   0x08003708   Section        0  stm32f1xx_hal_uart.o(i.UART_DMAAbortOnError)
    UART_DMAAbortOnError                     0x08003709   Thumb Code    20  stm32f1xx_hal_uart.o(i.UART_DMAAbortOnError)
    i.UART_DMAError                          0x0800371c   Section        0  stm32f1xx_hal_uart.o(i.UART_DMAError)
    UART_DMAError                            0x0800371d   Thumb Code    80  stm32f1xx_hal_uart.o(i.UART_DMAError)
    i.UART_DMAReceiveCplt                    0x0800376c   Section        0  stm32f1xx_hal_uart.o(i.UART_DMAReceiveCplt)
    UART_DMAReceiveCplt                      0x0800376d   Thumb Code   104  stm32f1xx_hal_uart.o(i.UART_DMAReceiveCplt)
    i.UART_DMARxHalfCplt                     0x080037d4   Section        0  stm32f1xx_hal_uart.o(i.UART_DMARxHalfCplt)
    UART_DMARxHalfCplt                       0x080037d5   Thumb Code    32  stm32f1xx_hal_uart.o(i.UART_DMARxHalfCplt)
    i.UART_EndRxTransfer                     0x080037f4   Section        0  stm32f1xx_hal_uart.o(i.UART_EndRxTransfer)
    UART_EndRxTransfer                       0x080037f5   Thumb Code    54  stm32f1xx_hal_uart.o(i.UART_EndRxTransfer)
    i.UART_EndTransmit_IT                    0x0800382a   Section        0  stm32f1xx_hal_uart.o(i.UART_EndTransmit_IT)
    UART_EndTransmit_IT                      0x0800382b   Thumb Code    32  stm32f1xx_hal_uart.o(i.UART_EndTransmit_IT)
    i.UART_EndTxTransfer                     0x0800384a   Section        0  stm32f1xx_hal_uart.o(i.UART_EndTxTransfer)
    UART_EndTxTransfer                       0x0800384b   Thumb Code    20  stm32f1xx_hal_uart.o(i.UART_EndTxTransfer)
    i.UART_Receive_IT                        0x0800385e   Section        0  stm32f1xx_hal_uart.o(i.UART_Receive_IT)
    UART_Receive_IT                          0x0800385f   Thumb Code   228  stm32f1xx_hal_uart.o(i.UART_Receive_IT)
    i.UART_SetConfig                         0x08003944   Section        0  stm32f1xx_hal_uart.o(i.UART_SetConfig)
    UART_SetConfig                           0x08003945   Thumb Code   248  stm32f1xx_hal_uart.o(i.UART_SetConfig)
    i.UART_Start_Receive_DMA                 0x08003a40   Section        0  stm32f1xx_hal_uart.o(i.UART_Start_Receive_DMA)
    i.UART_Transmit_IT                       0x08003ad8   Section        0  stm32f1xx_hal_uart.o(i.UART_Transmit_IT)
    UART_Transmit_IT                         0x08003ad9   Thumb Code    96  stm32f1xx_hal_uart.o(i.UART_Transmit_IT)
    i.UART_WaitOnFlagUntilTimeout            0x08003b38   Section        0  stm32f1xx_hal_uart.o(i.UART_WaitOnFlagUntilTimeout)
    UART_WaitOnFlagUntilTimeout              0x08003b39   Thumb Code   108  stm32f1xx_hal_uart.o(i.UART_WaitOnFlagUntilTimeout)
    i.USART2_IRQHandler                      0x08003ba4   Section        0  stm32f1xx_it.o(i.USART2_IRQHandler)
    i.USART3_IRQHandler                      0x08003bcc   Section        0  stm32f1xx_it.o(i.USART3_IRQHandler)
    i.UsageFault_Handler                     0x08003bf8   Section        0  stm32f1xx_it.o(i.UsageFault_Handler)
    i.__0printf                              0x08003bfc   Section        0  printfa.o(i.__0printf)
    i.__NVIC_GetPriorityGrouping             0x08003c1c   Section        0  stm32f1xx_hal_cortex.o(i.__NVIC_GetPriorityGrouping)
    __NVIC_GetPriorityGrouping               0x08003c1d   Thumb Code    10  stm32f1xx_hal_cortex.o(i.__NVIC_GetPriorityGrouping)
    i.__NVIC_SetPriority                     0x08003c2c   Section        0  stm32f1xx_hal_cortex.o(i.__NVIC_SetPriority)
    __NVIC_SetPriority                       0x08003c2d   Thumb Code    32  stm32f1xx_hal_cortex.o(i.__NVIC_SetPriority)
    i.__scatterload_copy                     0x08003c54   Section       14  handlers.o(i.__scatterload_copy)
    i.__scatterload_null                     0x08003c62   Section        2  handlers.o(i.__scatterload_null)
    i.__scatterload_zeroinit                 0x08003c64   Section       14  handlers.o(i.__scatterload_zeroinit)
    i._fp_digits                             0x08003c74   Section        0  printfa.o(i._fp_digits)
    _fp_digits                               0x08003c75   Thumb Code   334  printfa.o(i._fp_digits)
    i._printf_core                           0x08003dd8   Section        0  printfa.o(i._printf_core)
    _printf_core                             0x08003dd9   Thumb Code  1744  printfa.o(i._printf_core)
    i._printf_post_padding                   0x080044b4   Section        0  printfa.o(i._printf_post_padding)
    _printf_post_padding                     0x080044b5   Thumb Code    36  printfa.o(i._printf_post_padding)
    i._printf_pre_padding                    0x080044d8   Section        0  printfa.o(i._printf_pre_padding)
    _printf_pre_padding                      0x080044d9   Thumb Code    46  printfa.o(i._printf_pre_padding)
    i.fputc                                  0x08004508   Section        0  main.o(i.fputc)
    i.main                                   0x08004520   Section        0  main.o(i.main)
    i.makeFreeRtosPriority                   0x0800456c   Section        0  cmsis_os.o(i.makeFreeRtosPriority)
    makeFreeRtosPriority                     0x0800456d   Thumb Code    14  cmsis_os.o(i.makeFreeRtosPriority)
    i.osDelay                                0x0800457a   Section        0  cmsis_os.o(i.osDelay)
    i.osKernelStart                          0x08004592   Section        0  cmsis_os.o(i.osKernelStart)
    i.osThreadCreate                         0x0800459c   Section        0  cmsis_os.o(i.osThreadCreate)
    i.prvAddCurrentTaskToDelayedList         0x080045fc   Section        0  tasks.o(i.prvAddCurrentTaskToDelayedList)
    prvAddCurrentTaskToDelayedList           0x080045fd   Thumb Code   124  tasks.o(i.prvAddCurrentTaskToDelayedList)
    i.prvAddNewTaskToReadyList               0x08004694   Section        0  tasks.o(i.prvAddNewTaskToReadyList)
    prvAddNewTaskToReadyList                 0x08004695   Thumb Code   150  tasks.o(i.prvAddNewTaskToReadyList)
    i.prvCheckTasksWaitingTermination        0x08004748   Section        0  tasks.o(i.prvCheckTasksWaitingTermination)
    prvCheckTasksWaitingTermination          0x08004749   Thumb Code    60  tasks.o(i.prvCheckTasksWaitingTermination)
    i.prvDeleteTCB                           0x08004790   Section        0  tasks.o(i.prvDeleteTCB)
    prvDeleteTCB                             0x08004791   Thumb Code    80  tasks.o(i.prvDeleteTCB)
    i.prvHeapInit                            0x080047e0   Section        0  heap_4.o(i.prvHeapInit)
    prvHeapInit                              0x080047e1   Thumb Code    98  heap_4.o(i.prvHeapInit)
    i.prvIdleTask                            0x0800485c   Section        0  tasks.o(i.prvIdleTask)
    prvIdleTask                              0x0800485d   Thumb Code    32  tasks.o(i.prvIdleTask)
    i.prvInitialiseNewTask                   0x08004884   Section        0  tasks.o(i.prvInitialiseNewTask)
    prvInitialiseNewTask                     0x08004885   Thumb Code   170  tasks.o(i.prvInitialiseNewTask)
    i.prvInitialiseTaskLists                 0x08004930   Section        0  tasks.o(i.prvInitialiseTaskLists)
    prvInitialiseTaskLists                   0x08004931   Thumb Code    70  tasks.o(i.prvInitialiseTaskLists)
    i.prvInsertBlockIntoFreeList             0x08004998   Section        0  heap_4.o(i.prvInsertBlockIntoFreeList)
    prvInsertBlockIntoFreeList               0x08004999   Thumb Code    96  heap_4.o(i.prvInsertBlockIntoFreeList)
    i.prvResetNextTaskUnblockTime            0x08004a00   Section        0  tasks.o(i.prvResetNextTaskUnblockTime)
    prvResetNextTaskUnblockTime              0x08004a01   Thumb Code    42  tasks.o(i.prvResetNextTaskUnblockTime)
    i.prvTaskExitError                       0x08004a34   Section        0  port.o(i.prvTaskExitError)
    prvTaskExitError                         0x08004a35   Thumb Code    60  port.o(i.prvTaskExitError)
    i.pvPortMalloc                           0x08004a74   Section        0  heap_4.o(i.pvPortMalloc)
    i.pxPortInitialiseStack                  0x08004bb0   Section        0  port.o(i.pxPortInitialiseStack)
    i.uxListRemove                           0x08004bd4   Section        0  list.o(i.uxListRemove)
    i.vApplicationGetIdleTaskMemory          0x08004bfc   Section        0  freertos.o(i.vApplicationGetIdleTaskMemory)
    i.vListInitialise                        0x08004c14   Section        0  list.o(i.vListInitialise)
    i.vListInitialiseItem                    0x08004c2e   Section        0  list.o(i.vListInitialiseItem)
    i.vListInsert                            0x08004c34   Section        0  list.o(i.vListInsert)
    i.vListInsertEnd                         0x08004c68   Section        0  list.o(i.vListInsertEnd)
    i.vPortEnterCritical                     0x08004c80   Section        0  port.o(i.vPortEnterCritical)
    i.vPortExitCritical                      0x08004cd4   Section        0  port.o(i.vPortExitCritical)
    i.vPortFree                              0x08004d10   Section        0  heap_4.o(i.vPortFree)
    i.vPortSetupTimerInterrupt               0x08004da4   Section        0  port.o(i.vPortSetupTimerInterrupt)
    i.vTaskDelay                             0x08004dcc   Section        0  tasks.o(i.vTaskDelay)
    i.vTaskStartScheduler                    0x08004e28   Section        0  tasks.o(i.vTaskStartScheduler)
    i.vTaskSuspendAll                        0x08004ed8   Section        0  tasks.o(i.vTaskSuspendAll)
    i.vTaskSwitchContext                     0x08004ee8   Section        0  tasks.o(i.vTaskSwitchContext)
    i.xPortStartScheduler                    0x08004f74   Section        0  port.o(i.xPortStartScheduler)
    i.xTaskCreate                            0x0800506c   Section        0  tasks.o(i.xTaskCreate)
    i.xTaskCreateStatic                      0x080050d0   Section        0  tasks.o(i.xTaskCreateStatic)
    i.xTaskIncrementTick                     0x08005188   Section        0  tasks.o(i.xTaskIncrementTick)
    i.xTaskResumeAll                         0x080052d0   Section        0  tasks.o(i.xTaskResumeAll)
    .constdata                               0x080053d4   Section      112  freertos.o(.constdata)
    .constdata                               0x08005444   Section       24  system_stm32f1xx.o(.constdata)
    .conststring                             0x0800545c   Section       40  freertos.o(.conststring)
    .conststring                             0x08005484   Section      155  user_radar.o(.conststring)
    .data                                    0x20000000   Section        8  user_key.o(.data)
    .data                                    0x20000008   Section       16  freertos.o(.data)
    .data                                    0x20000018   Section        9  stm32f1xx_hal.o(.data)
    .data                                    0x20000024   Section        4  system_stm32f1xx.o(.data)
    .data                                    0x20000028   Section       60  tasks.o(.data)
    pxDelayedTaskList                        0x2000002c   Data           4  tasks.o(.data)
    pxOverflowDelayedTaskList                0x20000030   Data           4  tasks.o(.data)
    uxDeletedTasksWaitingCleanUp             0x20000034   Data           4  tasks.o(.data)
    uxCurrentNumberOfTasks                   0x20000038   Data           4  tasks.o(.data)
    xTickCount                               0x2000003c   Data           4  tasks.o(.data)
    uxTopReadyPriority                       0x20000040   Data           4  tasks.o(.data)
    xSchedulerRunning                        0x20000044   Data           4  tasks.o(.data)
    uxPendedTicks                            0x20000048   Data           4  tasks.o(.data)
    xYieldPending                            0x2000004c   Data           4  tasks.o(.data)
    xNumOfOverflows                          0x20000050   Data           4  tasks.o(.data)
    uxTaskNumber                             0x20000054   Data           4  tasks.o(.data)
    xNextTaskUnblockTime                     0x20000058   Data           4  tasks.o(.data)
    xIdleTaskHandle                          0x2000005c   Data           4  tasks.o(.data)
    uxSchedulerSuspended                     0x20000060   Data           4  tasks.o(.data)
    .data                                    0x20000064   Section       24  heap_4.o(.data)
    xStart                                   0x20000064   Data           8  heap_4.o(.data)
    pxEnd                                    0x2000006c   Data           4  heap_4.o(.data)
    xFreeBytesRemaining                      0x20000070   Data           4  heap_4.o(.data)
    xMinimumEverFreeBytesRemaining           0x20000074   Data           4  heap_4.o(.data)
    xBlockAllocatedBit                       0x20000078   Data           4  heap_4.o(.data)
    .data                                    0x2000007c   Section       12  port.o(.data)
    uxCriticalNesting                        0x2000007c   Data           4  port.o(.data)
    ucMaxSysCallPriority                     0x20000080   Data           1  port.o(.data)
    ulMaxPRIGROUPValue                       0x20000084   Data           4  port.o(.data)
    .data                                    0x20000088   Section        4  stdout.o(.data)
    .bss                                     0x2000008c   Section     1072  main.o(.bss)
    .bss                                     0x200004bc   Section      596  freertos.o(.bss)
    xIdleTaskTCBBuffer                       0x200004bc   Data          84  freertos.o(.bss)
    xIdleStack                               0x20000510   Data         512  freertos.o(.bss)
    .bss                                     0x20000710   Section       72  tim.o(.bss)
    .bss                                     0x20000758   Section      408  usart.o(.bss)
    .bss                                     0x200008f0   Section       72  stm32f1xx_hal_timebase_tim.o(.bss)
    .bss                                     0x20000938   Section       48  user_radar.o(.bss)
    .bss                                     0x20000968   Section      240  tasks.o(.bss)
    pxReadyTasksLists                        0x20000968   Data         140  tasks.o(.bss)
    xDelayedTaskList1                        0x200009f4   Data          20  tasks.o(.bss)
    xDelayedTaskList2                        0x20000a08   Data          20  tasks.o(.bss)
    xPendingReadyList                        0x20000a1c   Data          20  tasks.o(.bss)
    xTasksWaitingTermination                 0x20000a30   Data          20  tasks.o(.bss)
    xSuspendedTaskList                       0x20000a44   Data          20  tasks.o(.bss)
    .bss                                     0x20000a58   Section     3072  heap_4.o(.bss)
    ucHeap                                   0x20000a58   Data        3072  heap_4.o(.bss)
    STACK                                    0x20001658   Section     1024  startup_stm32f103xb.o(STACK)

    Global Symbols

    Symbol Name                              Value     Ov Type        Size  Object(Section)

    BuildAttributes$$THM_ISAv4$P$D$K$B$S$PE$A:L22UL41UL21$X:L11$S22US41US21$IEEE1$IW$USESV6$~STKCKD$USESV7$~SHL$OTIME$ROPI$EBA8$MICROLIB$REQ8$PRES8$EABIv2 0x00000000   Number         0  anon$$obj.o ABSOLUTE
    __ARM_use_no_argv                        0x00000000   Number         0  main.o ABSOLUTE
    _printf_a                                0x00000000   Number         0  stubs.o ABSOLUTE
    _printf_c                                0x00000000   Number         0  stubs.o ABSOLUTE
    _printf_charcount                        0x00000000   Number         0  stubs.o ABSOLUTE
    _printf_d                                0x00000000   Number         0  stubs.o ABSOLUTE
    _printf_e                                0x00000000   Number         0  stubs.o ABSOLUTE
    _printf_f                                0x00000000   Number         0  stubs.o ABSOLUTE
    _printf_flags                            0x00000000   Number         0  stubs.o ABSOLUTE
    _printf_fp_dec                           0x00000000   Number         0  stubs.o ABSOLUTE
    _printf_fp_hex                           0x00000000   Number         0  stubs.o ABSOLUTE
    _printf_g                                0x00000000   Number         0  stubs.o ABSOLUTE
    _printf_i                                0x00000000   Number         0  stubs.o ABSOLUTE
    _printf_int_dec                          0x00000000   Number         0  stubs.o ABSOLUTE
    _printf_l                                0x00000000   Number         0  stubs.o ABSOLUTE
    _printf_lc                               0x00000000   Number         0  stubs.o ABSOLUTE
    _printf_ll                               0x00000000   Number         0  stubs.o ABSOLUTE
    _printf_lld                              0x00000000   Number         0  stubs.o ABSOLUTE
    _printf_lli                              0x00000000   Number         0  stubs.o ABSOLUTE
    _printf_llo                              0x00000000   Number         0  stubs.o ABSOLUTE
    _printf_llu                              0x00000000   Number         0  stubs.o ABSOLUTE
    _printf_llx                              0x00000000   Number         0  stubs.o ABSOLUTE
    _printf_longlong_dec                     0x00000000   Number         0  stubs.o ABSOLUTE
    _printf_longlong_hex                     0x00000000   Number         0  stubs.o ABSOLUTE
    _printf_longlong_oct                     0x00000000   Number         0  stubs.o ABSOLUTE
    _printf_ls                               0x00000000   Number         0  stubs.o ABSOLUTE
    _printf_mbtowc                           0x00000000   Number         0  stubs.o ABSOLUTE
    _printf_n                                0x00000000   Number         0  stubs.o ABSOLUTE
    _printf_o                                0x00000000   Number         0  stubs.o ABSOLUTE
    _printf_p                                0x00000000   Number         0  stubs.o ABSOLUTE
    _printf_percent                          0x00000000   Number         0  stubs.o ABSOLUTE
    _printf_pre_padding                      0x00000000   Number         0  stubs.o ABSOLUTE
    _printf_return_value                     0x00000000   Number         0  stubs.o ABSOLUTE
    _printf_s                                0x00000000   Number         0  stubs.o ABSOLUTE
    _printf_sizespec                         0x00000000   Number         0  stubs.o ABSOLUTE
    _printf_str                              0x00000000   Number         0  stubs.o ABSOLUTE
    _printf_truncate_signed                  0x00000000   Number         0  stubs.o ABSOLUTE
    _printf_truncate_unsigned                0x00000000   Number         0  stubs.o ABSOLUTE
    _printf_u                                0x00000000   Number         0  stubs.o ABSOLUTE
    _printf_wc                               0x00000000   Number         0  stubs.o ABSOLUTE
    _printf_wctomb                           0x00000000   Number         0  stubs.o ABSOLUTE
    _printf_widthprec                        0x00000000   Number         0  stubs.o ABSOLUTE
    _printf_x                                0x00000000   Number         0  stubs.o ABSOLUTE
    __cpp_initialize__aeabi_                  - Undefined Weak Reference
    __cxa_finalize                            - Undefined Weak Reference
    __decompress                              - Undefined Weak Reference
    _clock_init                               - Undefined Weak Reference
    _microlib_exit                            - Undefined Weak Reference
    __Vectors_Size                           0x000000ec   Number         0  startup_stm32f103xb.o ABSOLUTE
    __Vectors                                0x08000000   Data           4  startup_stm32f103xb.o(RESET)
    __Vectors_End                            0x080000ec   Data           0  startup_stm32f103xb.o(RESET)
    __main                                   0x080000ed   Thumb Code     0  entry.o(.ARM.Collect$$$$00000000)
    _main_stk                                0x080000ed   Thumb Code     0  entry2.o(.ARM.Collect$$$$00000001)
    _main_scatterload                        0x080000f1   Thumb Code     0  entry5.o(.ARM.Collect$$$$00000004)
    __main_after_scatterload                 0x080000f5   Thumb Code     0  entry5.o(.ARM.Collect$$$$00000004)
    _main_clock                              0x080000f5   Thumb Code     0  entry7b.o(.ARM.Collect$$$$00000008)
    _main_cpp_init                           0x080000f5   Thumb Code     0  entry8b.o(.ARM.Collect$$$$0000000A)
    _main_init                               0x080000f5   Thumb Code     0  entry9a.o(.ARM.Collect$$$$0000000B)
    __rt_final_cpp                           0x080000fd   Thumb Code     0  entry10a.o(.ARM.Collect$$$$0000000D)
    __rt_final_exit                          0x080000fd   Thumb Code     0  entry11a.o(.ARM.Collect$$$$0000000F)
    SVC_Handler                              0x08000101   Thumb Code    32  port.o(.emb_text)
    __asm___6_port_c_39a90d8d__prvStartFirstTask 0x08000125   Thumb Code    28  port.o(.emb_text)
    PendSV_Handler                           0x08000145   Thumb Code    72  port.o(.emb_text)
    vPortGetIPSR                             0x08000191   Thumb Code     6  port.o(.emb_text)
    Reset_Handler                            0x08000199   Thumb Code     8  startup_stm32f103xb.o(.text)
    ADC1_2_IRQHandler                        0x080001b3   Thumb Code     0  startup_stm32f103xb.o(.text)
    CAN1_RX1_IRQHandler                      0x080001b3   Thumb Code     0  startup_stm32f103xb.o(.text)
    CAN1_SCE_IRQHandler                      0x080001b3   Thumb Code     0  startup_stm32f103xb.o(.text)
    DMA1_Channel1_IRQHandler                 0x080001b3   Thumb Code     0  startup_stm32f103xb.o(.text)
    DMA1_Channel2_IRQHandler                 0x080001b3   Thumb Code     0  startup_stm32f103xb.o(.text)
    DMA1_Channel4_IRQHandler                 0x080001b3   Thumb Code     0  startup_stm32f103xb.o(.text)
    DMA1_Channel5_IRQHandler                 0x080001b3   Thumb Code     0  startup_stm32f103xb.o(.text)
    EXTI0_IRQHandler                         0x080001b3   Thumb Code     0  startup_stm32f103xb.o(.text)
    EXTI15_10_IRQHandler                     0x080001b3   Thumb Code     0  startup_stm32f103xb.o(.text)
    EXTI1_IRQHandler                         0x080001b3   Thumb Code     0  startup_stm32f103xb.o(.text)
    EXTI2_IRQHandler                         0x080001b3   Thumb Code     0  startup_stm32f103xb.o(.text)
    EXTI3_IRQHandler                         0x080001b3   Thumb Code     0  startup_stm32f103xb.o(.text)
    EXTI4_IRQHandler                         0x080001b3   Thumb Code     0  startup_stm32f103xb.o(.text)
    EXTI9_5_IRQHandler                       0x080001b3   Thumb Code     0  startup_stm32f103xb.o(.text)
    FLASH_IRQHandler                         0x080001b3   Thumb Code     0  startup_stm32f103xb.o(.text)
    I2C1_ER_IRQHandler                       0x080001b3   Thumb Code     0  startup_stm32f103xb.o(.text)
    I2C1_EV_IRQHandler                       0x080001b3   Thumb Code     0  startup_stm32f103xb.o(.text)
    I2C2_ER_IRQHandler                       0x080001b3   Thumb Code     0  startup_stm32f103xb.o(.text)
    I2C2_EV_IRQHandler                       0x080001b3   Thumb Code     0  startup_stm32f103xb.o(.text)
    PVD_IRQHandler                           0x080001b3   Thumb Code     0  startup_stm32f103xb.o(.text)
    RCC_IRQHandler                           0x080001b3   Thumb Code     0  startup_stm32f103xb.o(.text)
    RTC_Alarm_IRQHandler                     0x080001b3   Thumb Code     0  startup_stm32f103xb.o(.text)
    RTC_IRQHandler                           0x080001b3   Thumb Code     0  startup_stm32f103xb.o(.text)
    SPI1_IRQHandler                          0x080001b3   Thumb Code     0  startup_stm32f103xb.o(.text)
    SPI2_IRQHandler                          0x080001b3   Thumb Code     0  startup_stm32f103xb.o(.text)
    TAMPER_IRQHandler                        0x080001b3   Thumb Code     0  startup_stm32f103xb.o(.text)
    TIM1_BRK_IRQHandler                      0x080001b3   Thumb Code     0  startup_stm32f103xb.o(.text)
    TIM1_CC_IRQHandler                       0x080001b3   Thumb Code     0  startup_stm32f103xb.o(.text)
    TIM1_TRG_COM_IRQHandler                  0x080001b3   Thumb Code     0  startup_stm32f103xb.o(.text)
    TIM2_IRQHandler                          0x080001b3   Thumb Code     0  startup_stm32f103xb.o(.text)
    TIM3_IRQHandler                          0x080001b3   Thumb Code     0  startup_stm32f103xb.o(.text)
    TIM4_IRQHandler                          0x080001b3   Thumb Code     0  startup_stm32f103xb.o(.text)
    USART1_IRQHandler                        0x080001b3   Thumb Code     0  startup_stm32f103xb.o(.text)
    USBWakeUp_IRQHandler                     0x080001b3   Thumb Code     0  startup_stm32f103xb.o(.text)
    USB_HP_CAN1_TX_IRQHandler                0x080001b3   Thumb Code     0  startup_stm32f103xb.o(.text)
    USB_LP_CAN1_RX0_IRQHandler               0x080001b3   Thumb Code     0  startup_stm32f103xb.o(.text)
    WWDG_IRQHandler                          0x080001b3   Thumb Code     0  startup_stm32f103xb.o(.text)
    __aeabi_llsr                             0x080001bd   Thumb Code    32  llushr.o(.text)
    _ll_ushift_r                             0x080001bd   Thumb Code     0  llushr.o(.text)
    __aeabi_memcpy                           0x080001dd   Thumb Code    36  memcpya.o(.text)
    __aeabi_memcpy4                          0x080001dd   Thumb Code     0  memcpya.o(.text)
    __aeabi_memcpy8                          0x080001dd   Thumb Code     0  memcpya.o(.text)
    __aeabi_memset                           0x08000201   Thumb Code    14  memseta.o(.text)
    __aeabi_memset4                          0x08000201   Thumb Code     0  memseta.o(.text)
    __aeabi_memset8                          0x08000201   Thumb Code     0  memseta.o(.text)
    __aeabi_memclr                           0x0800020f   Thumb Code     4  memseta.o(.text)
    __aeabi_memclr4                          0x0800020f   Thumb Code     0  memseta.o(.text)
    __aeabi_memclr8                          0x0800020f   Thumb Code     0  memseta.o(.text)
    memset                                   0x08000213   Thumb Code    18  memseta.o(.text)
    __aeabi_dadd                             0x08000225   Thumb Code   322  dadd.o(.text)
    __aeabi_dsub                             0x08000367   Thumb Code     6  dadd.o(.text)
    __aeabi_drsub                            0x0800036d   Thumb Code     6  dadd.o(.text)
    __aeabi_dmul                             0x08000373   Thumb Code   228  dmul.o(.text)
    __aeabi_ui2d                             0x08000457   Thumb Code    26  dfltui.o(.text)
    __aeabi_f2d                              0x08000471   Thumb Code    38  f2d.o(.text)
    __aeabi_d2f                              0x08000497   Thumb Code    56  d2f.o(.text)
    __aeabi_uidiv                            0x080004cf   Thumb Code     0  uidiv.o(.text)
    __aeabi_uidivmod                         0x080004cf   Thumb Code    44  uidiv.o(.text)
    __aeabi_uldivmod                         0x080004fb   Thumb Code    98  uldiv.o(.text)
    __aeabi_llsl                             0x0800055d   Thumb Code    30  llshl.o(.text)
    _ll_shift_l                              0x0800055d   Thumb Code     0  llshl.o(.text)
    __aeabi_lasr                             0x0800057b   Thumb Code    36  llsshr.o(.text)
    _ll_sshift_r                             0x0800057b   Thumb Code     0  llsshr.o(.text)
    __I$use$fp                               0x0800059f   Thumb Code     0  iusefp.o(.text)
    _float_round                             0x0800059f   Thumb Code    18  fepilogue.o(.text)
    _float_epilogue                          0x080005b1   Thumb Code    92  fepilogue.o(.text)
    _double_round                            0x0800060d   Thumb Code    30  depilogue.o(.text)
    _double_epilogue                         0x0800062b   Thumb Code   156  depilogue.o(.text)
    __aeabi_ddiv                             0x080006c7   Thumb Code   222  ddiv.o(.text)
    __aeabi_d2ulz                            0x080007a5   Thumb Code    48  dfixul.o(.text)
    __aeabi_cdrcmple                         0x080007d5   Thumb Code    48  cdrcmple.o(.text)
    __scatterload                            0x08000805   Thumb Code    28  init.o(.text)
    __scatterload_rt2                        0x08000805   Thumb Code     0  init.o(.text)
    BusFault_Handler                         0x08000829   Thumb Code     4  stm32f1xx_it.o(i.BusFault_Handler)
    DMA1_Channel3_IRQHandler                 0x0800082d   Thumb Code    10  stm32f1xx_it.o(i.DMA1_Channel3_IRQHandler)
    DMA1_Channel6_IRQHandler                 0x0800083d   Thumb Code    10  stm32f1xx_it.o(i.DMA1_Channel6_IRQHandler)
    DMA1_Channel7_IRQHandler                 0x0800084d   Thumb Code    10  stm32f1xx_it.o(i.DMA1_Channel7_IRQHandler)
    DebugMon_Handler                         0x08000889   Thumb Code     2  stm32f1xx_it.o(i.DebugMon_Handler)
    Error_Handler                            0x0800088b   Thumb Code     6  main.o(i.Error_Handler)
    HAL_DMA_Abort                            0x08000891   Thumb Code    86  stm32f1xx_hal_dma.o(i.HAL_DMA_Abort)
    HAL_DMA_Abort_IT                         0x080008e9   Thumb Code   172  stm32f1xx_hal_dma.o(i.HAL_DMA_Abort_IT)
    HAL_DMA_IRQHandler                       0x08000999   Thumb Code   408  stm32f1xx_hal_dma.o(i.HAL_DMA_IRQHandler)
    HAL_DMA_Init                             0x08000b35   Thumb Code   100  stm32f1xx_hal_dma.o(i.HAL_DMA_Init)
    HAL_DMA_Start_IT                         0x08000b9d   Thumb Code   156  stm32f1xx_hal_dma.o(i.HAL_DMA_Start_IT)
    HAL_Delay                                0x08000c39   Thumb Code    36  stm32f1xx_hal.o(i.HAL_Delay)
    HAL_GPIO_Init                            0x08000c61   Thumb Code   766  stm32f1xx_hal_gpio.o(i.HAL_GPIO_Init)
    HAL_GPIO_ReadPin                         0x08000f81   Thumb Code    16  stm32f1xx_hal_gpio.o(i.HAL_GPIO_ReadPin)
    HAL_GPIO_TogglePin                       0x08000f91   Thumb Code    20  stm32f1xx_hal_gpio.o(i.HAL_GPIO_TogglePin)
    HAL_GPIO_WritePin                        0x08000fa5   Thumb Code    12  stm32f1xx_hal_gpio.o(i.HAL_GPIO_WritePin)
    HAL_GetTick                              0x08000fb1   Thumb Code     6  stm32f1xx_hal.o(i.HAL_GetTick)
    HAL_IncTick                              0x08000fbd   Thumb Code    16  stm32f1xx_hal.o(i.HAL_IncTick)
    HAL_Init                                 0x08000fd5   Thumb Code    34  stm32f1xx_hal.o(i.HAL_Init)
    HAL_InitTick                             0x08000ffd   Thumb Code   138  stm32f1xx_hal_timebase_tim.o(i.HAL_InitTick)
    HAL_MspInit                              0x0800109d   Thumb Code    86  stm32f1xx_hal_msp.o(i.HAL_MspInit)
    HAL_NVIC_EnableIRQ                       0x080010fd   Thumb Code    32  stm32f1xx_hal_cortex.o(i.HAL_NVIC_EnableIRQ)
    HAL_NVIC_SetPriority                     0x0800111d   Thumb Code   124  stm32f1xx_hal_cortex.o(i.HAL_NVIC_SetPriority)
    HAL_NVIC_SetPriorityGrouping             0x08001199   Thumb Code    32  stm32f1xx_hal_cortex.o(i.HAL_NVIC_SetPriorityGrouping)
    HAL_RCC_ClockConfig                      0x080011c1   Thumb Code   376  stm32f1xx_hal_rcc.o(i.HAL_RCC_ClockConfig)
    HAL_RCC_GetClockConfig                   0x0800134d   Thumb Code    58  stm32f1xx_hal_rcc.o(i.HAL_RCC_GetClockConfig)
    HAL_RCC_GetHCLKFreq                      0x08001391   Thumb Code     6  stm32f1xx_hal_rcc.o(i.HAL_RCC_GetHCLKFreq)
    HAL_RCC_GetPCLK1Freq                     0x0800139d   Thumb Code    22  stm32f1xx_hal_rcc.o(i.HAL_RCC_GetPCLK1Freq)
    HAL_RCC_GetPCLK2Freq                     0x080013bd   Thumb Code    22  stm32f1xx_hal_rcc.o(i.HAL_RCC_GetPCLK2Freq)
    HAL_RCC_GetSysClockFreq                  0x080013dd   Thumb Code   116  stm32f1xx_hal_rcc.o(i.HAL_RCC_GetSysClockFreq)
    HAL_RCC_OscConfig                        0x08001471   Thumb Code  1114  stm32f1xx_hal_rcc.o(i.HAL_RCC_OscConfig)
    HAL_TIMEx_BreakCallback                  0x080018d5   Thumb Code     2  stm32f1xx_hal_tim_ex.o(i.HAL_TIMEx_BreakCallback)
    HAL_TIMEx_CommutCallback                 0x080018d7   Thumb Code     2  stm32f1xx_hal_tim_ex.o(i.HAL_TIMEx_CommutCallback)
    HAL_TIMEx_MasterConfigSynchronization    0x080018d9   Thumb Code   118  stm32f1xx_hal_tim_ex.o(i.HAL_TIMEx_MasterConfigSynchronization)
    HAL_TIM_Base_Init                        0x0800195d   Thumb Code   102  stm32f1xx_hal_tim.o(i.HAL_TIM_Base_Init)
    HAL_TIM_Base_MspInit                     0x080019c3   Thumb Code     2  stm32f1xx_hal_tim.o(i.HAL_TIM_Base_MspInit)
    HAL_TIM_Base_Start_IT                    0x080019c5   Thumb Code   106  stm32f1xx_hal_tim.o(i.HAL_TIM_Base_Start_IT)
    HAL_TIM_IC_CaptureCallback               0x08001a3d   Thumb Code     2  stm32f1xx_hal_tim.o(i.HAL_TIM_IC_CaptureCallback)
    HAL_TIM_IRQHandler                       0x08001a3f   Thumb Code   406  stm32f1xx_hal_tim.o(i.HAL_TIM_IRQHandler)
    HAL_TIM_MspPostInit                      0x08001bd5   Thumb Code    74  tim.o(i.HAL_TIM_MspPostInit)
    HAL_TIM_OC_DelayElapsedCallback          0x08001c2d   Thumb Code     2  stm32f1xx_hal_tim.o(i.HAL_TIM_OC_DelayElapsedCallback)
    HAL_TIM_PWM_ConfigChannel                0x08001c2f   Thumb Code   252  stm32f1xx_hal_tim.o(i.HAL_TIM_PWM_ConfigChannel)
    HAL_TIM_PWM_Init                         0x08001d2b   Thumb Code   102  stm32f1xx_hal_tim.o(i.HAL_TIM_PWM_Init)
    HAL_TIM_PWM_MspInit                      0x08001d91   Thumb Code    40  tim.o(i.HAL_TIM_PWM_MspInit)
    HAL_TIM_PWM_PulseFinishedCallback        0x08001dc1   Thumb Code     2  stm32f1xx_hal_tim.o(i.HAL_TIM_PWM_PulseFinishedCallback)
    HAL_TIM_PWM_Start                        0x08001dc5   Thumb Code   198  stm32f1xx_hal_tim.o(i.HAL_TIM_PWM_Start)
    HAL_TIM_PWM_Stop                         0x08001e99   Thumb Code   152  stm32f1xx_hal_tim.o(i.HAL_TIM_PWM_Stop)
    HAL_TIM_PeriodElapsedCallback            0x08001f35   Thumb Code    18  main.o(i.HAL_TIM_PeriodElapsedCallback)
    HAL_TIM_TriggerCallback                  0x08001f4d   Thumb Code     2  stm32f1xx_hal_tim.o(i.HAL_TIM_TriggerCallback)
    HAL_UARTEx_ReceiveToIdle_DMA             0x08001f4f   Thumb Code   114  stm32f1xx_hal_uart.o(i.HAL_UARTEx_ReceiveToIdle_DMA)
    HAL_UARTEx_RxEventCallback               0x08001fc1   Thumb Code     2  stm32f1xx_hal_uart.o(i.HAL_UARTEx_RxEventCallback)
    HAL_UART_ErrorCallback                   0x08001fc3   Thumb Code     2  stm32f1xx_hal_uart.o(i.HAL_UART_ErrorCallback)
    HAL_UART_IRQHandler                      0x08001fc5   Thumb Code   582  stm32f1xx_hal_uart.o(i.HAL_UART_IRQHandler)
    HAL_UART_Init                            0x08002211   Thumb Code   114  stm32f1xx_hal_uart.o(i.HAL_UART_Init)
    HAL_UART_MspInit                         0x08002285   Thumb Code   494  usart.o(i.HAL_UART_MspInit)
    HAL_UART_RxCpltCallback                  0x0800249d   Thumb Code     2  stm32f1xx_hal_uart.o(i.HAL_UART_RxCpltCallback)
    HAL_UART_RxHalfCpltCallback              0x0800249f   Thumb Code     2  stm32f1xx_hal_uart.o(i.HAL_UART_RxHalfCpltCallback)
    HAL_UART_Transmit                        0x080024a1   Thumb Code   210  stm32f1xx_hal_uart.o(i.HAL_UART_Transmit)
    HAL_UART_TxCpltCallback                  0x08002573   Thumb Code     2  stm32f1xx_hal_uart.o(i.HAL_UART_TxCpltCallback)
    HardFault_Handler                        0x08002575   Thumb Code     4  stm32f1xx_it.o(i.HardFault_Handler)
    KeyFunction                              0x08002579   Thumb Code   162  user_key.o(i.KeyFunction)
    MX_DMA_Init                              0x0800261d   Thumb Code    80  dma.o(i.MX_DMA_Init)
    MX_FREERTOS_Init                         0x08002671   Thumb Code   102  freertos.o(i.MX_FREERTOS_Init)
    MX_GPIO_Init                             0x080026ed   Thumb Code   244  gpio.o(i.MX_GPIO_Init)
    MX_TIM3_Init                             0x080027ed   Thumb Code   114  tim.o(i.MX_TIM3_Init)
    MX_USART1_UART_Init                      0x08002869   Thumb Code    46  usart.o(i.MX_USART1_UART_Init)
    MX_USART2_UART_Init                      0x080028a1   Thumb Code    46  usart.o(i.MX_USART2_UART_Init)
    MX_USART3_UART_Init                      0x080028d9   Thumb Code    46  usart.o(i.MX_USART3_UART_Init)
    MemManage_Handler                        0x08002911   Thumb Code     4  stm32f1xx_it.o(i.MemManage_Handler)
    NMI_Handler                              0x08002915   Thumb Code     4  stm32f1xx_it.o(i.NMI_Handler)
    Ods_Cfg                                  0x08002919   Thumb Code  1810  user_radar.o(i.Ods_Cfg)
    Radar_Resolver                           0x08003065   Thumb Code   414  user_radar.o(i.Radar_Resolver)
    StartDefaultTask                         0x08003241   Thumb Code    10  freertos.o(i.StartDefaultTask)
    StartFunTask                             0x0800324d   Thumb Code   184  user_fun.o(i.StartFunTask)
    StartKeyTask                             0x08003311   Thumb Code    84  user_key.o(i.StartKeyTask)
    StartRadarTask                           0x08003371   Thumb Code   192  user_radar.o(i.StartRadarTask)
    SysTick_Handler                          0x08003449   Thumb Code    46  port.o(i.SysTick_Handler)
    SystemClock_Config                       0x0800347d   Thumb Code   104  main.o(i.SystemClock_Config)
    SystemInit                               0x080034e5   Thumb Code     2  system_stm32f1xx.o(i.SystemInit)
    TIM1_UP_IRQHandler                       0x080034e9   Thumb Code    10  stm32f1xx_it.o(i.TIM1_UP_IRQHandler)
    TIM_Base_SetConfig                       0x080034f9   Thumb Code   104  stm32f1xx_hal_tim.o(i.TIM_Base_SetConfig)
    TIM_CCxChannelCmd                        0x0800356d   Thumb Code    34  stm32f1xx_hal_tim.o(i.TIM_CCxChannelCmd)
    TIM_OC2_SetConfig                        0x080035f1   Thumb Code   100  stm32f1xx_hal_tim.o(i.TIM_OC2_SetConfig)
    UART_Start_Receive_DMA                   0x08003a41   Thumb Code   138  stm32f1xx_hal_uart.o(i.UART_Start_Receive_DMA)
    USART2_IRQHandler                        0x08003ba5   Thumb Code    28  stm32f1xx_it.o(i.USART2_IRQHandler)
    USART3_IRQHandler                        0x08003bcd   Thumb Code    30  stm32f1xx_it.o(i.USART3_IRQHandler)
    UsageFault_Handler                       0x08003bf9   Thumb Code     4  stm32f1xx_it.o(i.UsageFault_Handler)
    __0printf                                0x08003bfd   Thumb Code    22  printfa.o(i.__0printf)
    __1printf                                0x08003bfd   Thumb Code     0  printfa.o(i.__0printf)
    __2printf                                0x08003bfd   Thumb Code     0  printfa.o(i.__0printf)
    __c89printf                              0x08003bfd   Thumb Code     0  printfa.o(i.__0printf)
    printf                                   0x08003bfd   Thumb Code     0  printfa.o(i.__0printf)
    __scatterload_copy                       0x08003c55   Thumb Code    14  handlers.o(i.__scatterload_copy)
    __scatterload_null                       0x08003c63   Thumb Code     2  handlers.o(i.__scatterload_null)
    __scatterload_zeroinit                   0x08003c65   Thumb Code    14  handlers.o(i.__scatterload_zeroinit)
    fputc                                    0x08004509   Thumb Code    20  main.o(i.fputc)
    main                                     0x08004521   Thumb Code    58  main.o(i.main)
    osDelay                                  0x0800457b   Thumb Code    24  cmsis_os.o(i.osDelay)
    osKernelStart                            0x08004593   Thumb Code    10  cmsis_os.o(i.osKernelStart)
    osThreadCreate                           0x0800459d   Thumb Code    94  cmsis_os.o(i.osThreadCreate)
    pvPortMalloc                             0x08004a75   Thumb Code   296  heap_4.o(i.pvPortMalloc)
    pxPortInitialiseStack                    0x08004bb1   Thumb Code    30  port.o(i.pxPortInitialiseStack)
    uxListRemove                             0x08004bd5   Thumb Code    40  list.o(i.uxListRemove)
    vApplicationGetIdleTaskMemory            0x08004bfd   Thumb Code    14  freertos.o(i.vApplicationGetIdleTaskMemory)
    vListInitialise                          0x08004c15   Thumb Code    26  list.o(i.vListInitialise)
    vListInitialiseItem                      0x08004c2f   Thumb Code     6  list.o(i.vListInitialiseItem)
    vListInsert                              0x08004c35   Thumb Code    52  list.o(i.vListInsert)
    vListInsertEnd                           0x08004c69   Thumb Code    24  list.o(i.vListInsertEnd)
    vPortEnterCritical                       0x08004c81   Thumb Code    76  port.o(i.vPortEnterCritical)
    vPortExitCritical                        0x08004cd5   Thumb Code    56  port.o(i.vPortExitCritical)
    vPortFree                                0x08004d11   Thumb Code   140  heap_4.o(i.vPortFree)
    vPortSetupTimerInterrupt                 0x08004da5   Thumb Code    36  port.o(i.vPortSetupTimerInterrupt)
    vTaskDelay                               0x08004dcd   Thumb Code    82  tasks.o(i.vTaskDelay)
    vTaskStartScheduler                      0x08004e29   Thumb Code   146  tasks.o(i.vTaskStartScheduler)
    vTaskSuspendAll                          0x08004ed9   Thumb Code    12  tasks.o(i.vTaskSuspendAll)
    vTaskSwitchContext                       0x08004ee9   Thumb Code   118  tasks.o(i.vTaskSwitchContext)
    xPortStartScheduler                      0x08004f75   Thumb Code   228  port.o(i.xPortStartScheduler)
    xTaskCreate                              0x0800506d   Thumb Code   100  tasks.o(i.xTaskCreate)
    xTaskCreateStatic                        0x080050d1   Thumb Code   184  tasks.o(i.xTaskCreateStatic)
    xTaskIncrementTick                       0x08005189   Thumb Code   282  tasks.o(i.xTaskIncrementTick)
    xTaskResumeAll                           0x080052d1   Thumb Code   224  tasks.o(i.xTaskResumeAll)
    AHBPrescTable                            0x08005444   Data          16  system_stm32f1xx.o(.constdata)
    APBPrescTable                            0x08005454   Data           8  system_stm32f1xx.o(.constdata)
    Region$$Table$$Base                      0x08005520   Number         0  anon$$obj.o(Region$$Table)
    Region$$Table$$Limit                     0x08005540   Number         0  anon$$obj.o(Region$$Table)
    KeyRamSW1                                0x20000000   Data           8  user_key.o(.data)
    keyTaskHandle                            0x20000008   Data           4  freertos.o(.data)
    funTaskHandle                            0x2000000c   Data           4  freertos.o(.data)
    RadarTaskHandle                          0x20000010   Data           4  freertos.o(.data)
    defaultTaskHandle                        0x20000014   Data           4  freertos.o(.data)
    uwTick                                   0x20000018   Data           4  stm32f1xx_hal.o(.data)
    uwTickPrio                               0x2000001c   Data           4  stm32f1xx_hal.o(.data)
    uwTickFreq                               0x20000020   Data           1  stm32f1xx_hal.o(.data)
    SystemCoreClock                          0x20000024   Data           4  system_stm32f1xx.o(.data)
    pxCurrentTCB                             0x20000028   Data           4  tasks.o(.data)
    __stdout                                 0x20000088   Data           4  stdout.o(.data)
    SysRam                                   0x2000008c   Data        1072  main.o(.bss)
    htim3                                    0x20000710   Data          72  tim.o(.bss)
    huart1                                   0x20000758   Data          68  usart.o(.bss)
    huart2                                   0x2000079c   Data          68  usart.o(.bss)
    huart3                                   0x200007e0   Data          68  usart.o(.bss)
    hdma_usart2_tx                           0x20000824   Data          68  usart.o(.bss)
    hdma_usart2_rx                           0x20000868   Data          68  usart.o(.bss)
    hdma_usart3_rx                           0x200008ac   Data          68  usart.o(.bss)
    htim1                                    0x200008f0   Data          72  stm32f1xx_hal_timebase_tim.o(.bss)
    RadarRam                                 0x20000938   Data          48  user_radar.o(.bss)
    __initial_sp                             0x20001a58   Data           0  startup_stm32f103xb.o(STACK)



==============================================================================

Memory Map of the image

  Image Entry point : 0x080000ed

  Load Region LR_IROM1 (Base: 0x08000000, Size: 0x000055cc, Max: 0x00020000, ABSOLUTE)

    Execution Region ER_IROM1 (Exec base: 0x08000000, Load base: 0x08000000, Size: 0x00005540, Max: 0x00020000, ABSOLUTE)

    Exec Addr    Load Addr    Size         Type   Attr      Idx    E Section Name        Object

    0x08000000   0x08000000   0x000000ec   Data   RO            3    RESET               startup_stm32f103xb.o
    0x080000ec   0x080000ec   0x00000000   Code   RO         4414  * .ARM.Collect$$$$00000000  mc_w.l(entry.o)
    0x080000ec   0x080000ec   0x00000004   Code   RO         4698    .ARM.Collect$$$$00000001  mc_w.l(entry2.o)
    0x080000f0   0x080000f0   0x00000004   Code   RO         4701    .ARM.Collect$$$$00000004  mc_w.l(entry5.o)
    0x080000f4   0x080000f4   0x00000000   Code   RO         4703    .ARM.Collect$$$$00000008  mc_w.l(entry7b.o)
    0x080000f4   0x080000f4   0x00000000   Code   RO         4705    .ARM.Collect$$$$0000000A  mc_w.l(entry8b.o)
    0x080000f4   0x080000f4   0x00000008   Code   RO         4706    .ARM.Collect$$$$0000000B  mc_w.l(entry9a.o)
    0x080000fc   0x080000fc   0x00000000   Code   RO         4708    .ARM.Collect$$$$0000000D  mc_w.l(entry10a.o)
    0x080000fc   0x080000fc   0x00000000   Code   RO         4710    .ARM.Collect$$$$0000000F  mc_w.l(entry11a.o)
    0x080000fc   0x080000fc   0x00000004   Code   RO         4699    .ARM.Collect$$$$00002712  mc_w.l(entry2.o)
    0x08000100   0x08000100   0x00000096   Code   RO         4337    .emb_text           port.o
    0x08000196   0x08000196   0x00000002   PAD
    0x08000198   0x08000198   0x00000024   Code   RO            4    .text               startup_stm32f103xb.o
    0x080001bc   0x080001bc   0x00000020   Code   RO         4417    .text               mc_w.l(llushr.o)
    0x080001dc   0x080001dc   0x00000024   Code   RO         4419    .text               mc_w.l(memcpya.o)
    0x08000200   0x08000200   0x00000024   Code   RO         4423    .text               mc_w.l(memseta.o)
    0x08000224   0x08000224   0x0000014e   Code   RO         4688    .text               mf_w.l(dadd.o)
    0x08000372   0x08000372   0x000000e4   Code   RO         4690    .text               mf_w.l(dmul.o)
    0x08000456   0x08000456   0x0000001a   Code   RO         4692    .text               mf_w.l(dfltui.o)
    0x08000470   0x08000470   0x00000026   Code   RO         4694    .text               mf_w.l(f2d.o)
    0x08000496   0x08000496   0x00000038   Code   RO         4696    .text               mf_w.l(d2f.o)
    0x080004ce   0x080004ce   0x0000002c   Code   RO         4713    .text               mc_w.l(uidiv.o)
    0x080004fa   0x080004fa   0x00000062   Code   RO         4715    .text               mc_w.l(uldiv.o)
    0x0800055c   0x0800055c   0x0000001e   Code   RO         4717    .text               mc_w.l(llshl.o)
    0x0800057a   0x0800057a   0x00000024   Code   RO         4719    .text               mc_w.l(llsshr.o)
    0x0800059e   0x0800059e   0x00000000   Code   RO         4721    .text               mc_w.l(iusefp.o)
    0x0800059e   0x0800059e   0x0000006e   Code   RO         4722    .text               mf_w.l(fepilogue.o)
    0x0800060c   0x0800060c   0x000000ba   Code   RO         4724    .text               mf_w.l(depilogue.o)
    0x080006c6   0x080006c6   0x000000de   Code   RO         4726    .text               mf_w.l(ddiv.o)
    0x080007a4   0x080007a4   0x00000030   Code   RO         4728    .text               mf_w.l(dfixul.o)
    0x080007d4   0x080007d4   0x00000030   Code   RO         4730    .text               mf_w.l(cdrcmple.o)
    0x08000804   0x08000804   0x00000024   Code   RO         4732    .text               mc_w.l(init.o)
    0x08000828   0x08000828   0x00000004   Code   RO          499    i.BusFault_Handler  stm32f1xx_it.o
    0x0800082c   0x0800082c   0x00000010   Code   RO          500    i.DMA1_Channel3_IRQHandler  stm32f1xx_it.o
    0x0800083c   0x0800083c   0x00000010   Code   RO          501    i.DMA1_Channel6_IRQHandler  stm32f1xx_it.o
    0x0800084c   0x0800084c   0x00000010   Code   RO          502    i.DMA1_Channel7_IRQHandler  stm32f1xx_it.o
    0x0800085c   0x0800085c   0x0000002c   Code   RO         1118    i.DMA_SetConfig     stm32f1xx_hal_dma.o
    0x08000888   0x08000888   0x00000002   Code   RO          503    i.DebugMon_Handler  stm32f1xx_it.o
    0x0800088a   0x0800088a   0x00000006   Code   RO          230    i.Error_Handler     main.o
    0x08000890   0x08000890   0x00000056   Code   RO         1119    i.HAL_DMA_Abort     stm32f1xx_hal_dma.o
    0x080008e6   0x080008e6   0x00000002   PAD
    0x080008e8   0x080008e8   0x000000b0   Code   RO         1120    i.HAL_DMA_Abort_IT  stm32f1xx_hal_dma.o
    0x08000998   0x08000998   0x0000019c   Code   RO         1124    i.HAL_DMA_IRQHandler  stm32f1xx_hal_dma.o
    0x08000b34   0x08000b34   0x00000068   Code   RO         1125    i.HAL_DMA_Init      stm32f1xx_hal_dma.o
    0x08000b9c   0x08000b9c   0x0000009c   Code   RO         1129    i.HAL_DMA_Start_IT  stm32f1xx_hal_dma.o
    0x08000c38   0x08000c38   0x00000028   Code   RO          742    i.HAL_Delay         stm32f1xx_hal.o
    0x08000c60   0x08000c60   0x00000320   Code   RO         1055    i.HAL_GPIO_Init     stm32f1xx_hal_gpio.o
    0x08000f80   0x08000f80   0x00000010   Code   RO         1057    i.HAL_GPIO_ReadPin  stm32f1xx_hal_gpio.o
    0x08000f90   0x08000f90   0x00000014   Code   RO         1058    i.HAL_GPIO_TogglePin  stm32f1xx_hal_gpio.o
    0x08000fa4   0x08000fa4   0x0000000c   Code   RO         1059    i.HAL_GPIO_WritePin  stm32f1xx_hal_gpio.o
    0x08000fb0   0x08000fb0   0x0000000c   Code   RO          746    i.HAL_GetTick       stm32f1xx_hal.o
    0x08000fbc   0x08000fbc   0x00000018   Code   RO          752    i.HAL_IncTick       stm32f1xx_hal.o
    0x08000fd4   0x08000fd4   0x00000028   Code   RO          753    i.HAL_Init          stm32f1xx_hal.o
    0x08000ffc   0x08000ffc   0x000000a0   Code   RO          617    i.HAL_InitTick      stm32f1xx_hal_timebase_tim.o
    0x0800109c   0x0800109c   0x00000060   Code   RO          593    i.HAL_MspInit       stm32f1xx_hal_msp.o
    0x080010fc   0x080010fc   0x00000020   Code   RO         1215    i.HAL_NVIC_EnableIRQ  stm32f1xx_hal_cortex.o
    0x0800111c   0x0800111c   0x0000007c   Code   RO         1221    i.HAL_NVIC_SetPriority  stm32f1xx_hal_cortex.o
    0x08001198   0x08001198   0x00000028   Code   RO         1222    i.HAL_NVIC_SetPriorityGrouping  stm32f1xx_hal_cortex.o
    0x080011c0   0x080011c0   0x0000018c   Code   RO          910    i.HAL_RCC_ClockConfig  stm32f1xx_hal_rcc.o
    0x0800134c   0x0800134c   0x00000044   Code   RO          914    i.HAL_RCC_GetClockConfig  stm32f1xx_hal_rcc.o
    0x08001390   0x08001390   0x0000000c   Code   RO          915    i.HAL_RCC_GetHCLKFreq  stm32f1xx_hal_rcc.o
    0x0800139c   0x0800139c   0x00000020   Code   RO          917    i.HAL_RCC_GetPCLK1Freq  stm32f1xx_hal_rcc.o
    0x080013bc   0x080013bc   0x00000020   Code   RO          918    i.HAL_RCC_GetPCLK2Freq  stm32f1xx_hal_rcc.o
    0x080013dc   0x080013dc   0x00000094   Code   RO          919    i.HAL_RCC_GetSysClockFreq  stm32f1xx_hal_rcc.o
    0x08001470   0x08001470   0x00000464   Code   RO          922    i.HAL_RCC_OscConfig  stm32f1xx_hal_rcc.o
    0x080018d4   0x080018d4   0x00000002   Code   RO         2458    i.HAL_TIMEx_BreakCallback  stm32f1xx_hal_tim_ex.o
    0x080018d6   0x080018d6   0x00000002   Code   RO         2459    i.HAL_TIMEx_CommutCallback  stm32f1xx_hal_tim_ex.o
    0x080018d8   0x080018d8   0x00000084   Code   RO         2477    i.HAL_TIMEx_MasterConfigSynchronization  stm32f1xx_hal_tim_ex.o
    0x0800195c   0x0800195c   0x00000066   Code   RO         1743    i.HAL_TIM_Base_Init  stm32f1xx_hal_tim.o
    0x080019c2   0x080019c2   0x00000002   Code   RO         1745    i.HAL_TIM_Base_MspInit  stm32f1xx_hal_tim.o
    0x080019c4   0x080019c4   0x00000078   Code   RO         1748    i.HAL_TIM_Base_Start_IT  stm32f1xx_hal_tim.o
    0x08001a3c   0x08001a3c   0x00000002   Code   RO         1777    i.HAL_TIM_IC_CaptureCallback  stm32f1xx_hal_tim.o
    0x08001a3e   0x08001a3e   0x00000196   Code   RO         1791    i.HAL_TIM_IRQHandler  stm32f1xx_hal_tim.o
    0x08001bd4   0x08001bd4   0x00000058   Code   RO          397    i.HAL_TIM_MspPostInit  tim.o
    0x08001c2c   0x08001c2c   0x00000002   Code   RO         1794    i.HAL_TIM_OC_DelayElapsedCallback  stm32f1xx_hal_tim.o
    0x08001c2e   0x08001c2e   0x000000fc   Code   RO         1815    i.HAL_TIM_PWM_ConfigChannel  stm32f1xx_hal_tim.o
    0x08001d2a   0x08001d2a   0x00000066   Code   RO         1818    i.HAL_TIM_PWM_Init  stm32f1xx_hal_tim.o
    0x08001d90   0x08001d90   0x00000030   Code   RO          399    i.HAL_TIM_PWM_MspInit  tim.o
    0x08001dc0   0x08001dc0   0x00000002   Code   RO         1821    i.HAL_TIM_PWM_PulseFinishedCallback  stm32f1xx_hal_tim.o
    0x08001dc2   0x08001dc2   0x00000002   PAD
    0x08001dc4   0x08001dc4   0x000000d4   Code   RO         1823    i.HAL_TIM_PWM_Start  stm32f1xx_hal_tim.o
    0x08001e98   0x08001e98   0x0000009c   Code   RO         1826    i.HAL_TIM_PWM_Stop  stm32f1xx_hal_tim.o
    0x08001f34   0x08001f34   0x00000018   Code   RO          231    i.HAL_TIM_PeriodElapsedCallback  main.o
    0x08001f4c   0x08001f4c   0x00000002   Code   RO         1834    i.HAL_TIM_TriggerCallback  stm32f1xx_hal_tim.o
    0x08001f4e   0x08001f4e   0x00000072   Code   RO         2734    i.HAL_UARTEx_ReceiveToIdle_DMA  stm32f1xx_hal_uart.o
    0x08001fc0   0x08001fc0   0x00000002   Code   RO         2736    i.HAL_UARTEx_RxEventCallback  stm32f1xx_hal_uart.o
    0x08001fc2   0x08001fc2   0x00000002   Code   RO         2750    i.HAL_UART_ErrorCallback  stm32f1xx_hal_uart.o
    0x08001fc4   0x08001fc4   0x0000024c   Code   RO         2753    i.HAL_UART_IRQHandler  stm32f1xx_hal_uart.o
    0x08002210   0x08002210   0x00000072   Code   RO         2754    i.HAL_UART_Init     stm32f1xx_hal_uart.o
    0x08002282   0x08002282   0x00000002   PAD
    0x08002284   0x08002284   0x00000218   Code   RO          446    i.HAL_UART_MspInit  usart.o
    0x0800249c   0x0800249c   0x00000002   Code   RO         2760    i.HAL_UART_RxCpltCallback  stm32f1xx_hal_uart.o
    0x0800249e   0x0800249e   0x00000002   Code   RO         2761    i.HAL_UART_RxHalfCpltCallback  stm32f1xx_hal_uart.o
    0x080024a0   0x080024a0   0x000000d2   Code   RO         2762    i.HAL_UART_Transmit  stm32f1xx_hal_uart.o
    0x08002572   0x08002572   0x00000002   Code   RO         2765    i.HAL_UART_TxCpltCallback  stm32f1xx_hal_uart.o
    0x08002574   0x08002574   0x00000004   Code   RO          504    i.HardFault_Handler  stm32f1xx_it.o
    0x08002578   0x08002578   0x000000a2   Code   RO           13    i.KeyFunction       user_key.o
    0x0800261a   0x0800261a   0x00000002   PAD
    0x0800261c   0x0800261c   0x00000054   Code   RO          373    i.MX_DMA_Init       dma.o
    0x08002670   0x08002670   0x0000007c   Code   RO          323    i.MX_FREERTOS_Init  freertos.o
    0x080026ec   0x080026ec   0x00000100   Code   RO          299    i.MX_GPIO_Init      gpio.o
    0x080027ec   0x080027ec   0x0000007c   Code   RO          400    i.MX_TIM3_Init      tim.o
    0x08002868   0x08002868   0x00000038   Code   RO          447    i.MX_USART1_UART_Init  usart.o
    0x080028a0   0x080028a0   0x00000038   Code   RO          448    i.MX_USART2_UART_Init  usart.o
    0x080028d8   0x080028d8   0x00000038   Code   RO          449    i.MX_USART3_UART_Init  usart.o
    0x08002910   0x08002910   0x00000004   Code   RO          505    i.MemManage_Handler  stm32f1xx_it.o
    0x08002914   0x08002914   0x00000004   Code   RO          506    i.NMI_Handler       stm32f1xx_it.o
    0x08002918   0x08002918   0x00000724   Code   RO          656    i.Ods_Cfg           user_radar.o
    0x0800303c   0x0800303c   0x00000028   Code   RO          923    i.RCC_Delay         stm32f1xx_hal_rcc.o
    0x08003064   0x08003064   0x000001dc   Code   RO          657    i.Radar_Resolver    user_radar.o
    0x08003240   0x08003240   0x0000000a   Code   RO          324    i.StartDefaultTask  freertos.o
    0x0800324a   0x0800324a   0x00000002   PAD
    0x0800324c   0x0800324c   0x000000c4   Code   RO          202    i.StartFunTask      user_fun.o
    0x08003310   0x08003310   0x00000060   Code   RO           14    i.StartKeyTask      user_key.o
    0x08003370   0x08003370   0x000000d8   Code   RO          658    i.StartRadarTask    user_radar.o
    0x08003448   0x08003448   0x00000034   Code   RO         4338    i.SysTick_Handler   port.o
    0x0800347c   0x0800347c   0x00000068   Code   RO          232    i.SystemClock_Config  main.o
    0x080034e4   0x080034e4   0x00000002   Code   RO         3093    i.SystemInit        system_stm32f1xx.o
    0x080034e6   0x080034e6   0x00000002   PAD
    0x080034e8   0x080034e8   0x00000010   Code   RO          507    i.TIM1_UP_IRQHandler  stm32f1xx_it.o
    0x080034f8   0x080034f8   0x00000074   Code   RO         1836    i.TIM_Base_SetConfig  stm32f1xx_hal_tim.o
    0x0800356c   0x0800356c   0x00000022   Code   RO         1837    i.TIM_CCxChannelCmd  stm32f1xx_hal_tim.o
    0x0800358e   0x0800358e   0x00000002   PAD
    0x08003590   0x08003590   0x00000060   Code   RO         1849    i.TIM_OC1_SetConfig  stm32f1xx_hal_tim.o
    0x080035f0   0x080035f0   0x00000068   Code   RO         1850    i.TIM_OC2_SetConfig  stm32f1xx_hal_tim.o
    0x08003658   0x08003658   0x00000068   Code   RO         1851    i.TIM_OC3_SetConfig  stm32f1xx_hal_tim.o
    0x080036c0   0x080036c0   0x00000048   Code   RO         1852    i.TIM_OC4_SetConfig  stm32f1xx_hal_tim.o
    0x08003708   0x08003708   0x00000014   Code   RO         2767    i.UART_DMAAbortOnError  stm32f1xx_hal_uart.o
    0x0800371c   0x0800371c   0x00000050   Code   RO         2768    i.UART_DMAError     stm32f1xx_hal_uart.o
    0x0800376c   0x0800376c   0x00000068   Code   RO         2769    i.UART_DMAReceiveCplt  stm32f1xx_hal_uart.o
    0x080037d4   0x080037d4   0x00000020   Code   RO         2771    i.UART_DMARxHalfCplt  stm32f1xx_hal_uart.o
    0x080037f4   0x080037f4   0x00000036   Code   RO         2777    i.UART_EndRxTransfer  stm32f1xx_hal_uart.o
    0x0800382a   0x0800382a   0x00000020   Code   RO         2778    i.UART_EndTransmit_IT  stm32f1xx_hal_uart.o
    0x0800384a   0x0800384a   0x00000014   Code   RO         2779    i.UART_EndTxTransfer  stm32f1xx_hal_uart.o
    0x0800385e   0x0800385e   0x000000e4   Code   RO         2780    i.UART_Receive_IT   stm32f1xx_hal_uart.o
    0x08003942   0x08003942   0x00000002   PAD
    0x08003944   0x08003944   0x000000fc   Code   RO         2781    i.UART_SetConfig    stm32f1xx_hal_uart.o
    0x08003a40   0x08003a40   0x00000098   Code   RO         2782    i.UART_Start_Receive_DMA  stm32f1xx_hal_uart.o
    0x08003ad8   0x08003ad8   0x00000060   Code   RO         2784    i.UART_Transmit_IT  stm32f1xx_hal_uart.o
    0x08003b38   0x08003b38   0x0000006c   Code   RO         2785    i.UART_WaitOnFlagUntilTimeout  stm32f1xx_hal_uart.o
    0x08003ba4   0x08003ba4   0x00000028   Code   RO          508    i.USART2_IRQHandler  stm32f1xx_it.o
    0x08003bcc   0x08003bcc   0x0000002c   Code   RO          509    i.USART3_IRQHandler  stm32f1xx_it.o
    0x08003bf8   0x08003bf8   0x00000004   Code   RO          510    i.UsageFault_Handler  stm32f1xx_it.o
    0x08003bfc   0x08003bfc   0x00000020   Code   RO         4660    i.__0printf         mc_w.l(printfa.o)
    0x08003c1c   0x08003c1c   0x00000010   Code   RO         1228    i.__NVIC_GetPriorityGrouping  stm32f1xx_hal_cortex.o
    0x08003c2c   0x08003c2c   0x00000028   Code   RO         1229    i.__NVIC_SetPriority  stm32f1xx_hal_cortex.o
    0x08003c54   0x08003c54   0x0000000e   Code   RO         4736    i.__scatterload_copy  mc_w.l(handlers.o)
    0x08003c62   0x08003c62   0x00000002   Code   RO         4737    i.__scatterload_null  mc_w.l(handlers.o)
    0x08003c64   0x08003c64   0x0000000e   Code   RO         4738    i.__scatterload_zeroinit  mc_w.l(handlers.o)
    0x08003c72   0x08003c72   0x00000002   PAD
    0x08003c74   0x08003c74   0x00000164   Code   RO         4667    i._fp_digits        mc_w.l(printfa.o)
    0x08003dd8   0x08003dd8   0x000006dc   Code   RO         4668    i._printf_core      mc_w.l(printfa.o)
    0x080044b4   0x080044b4   0x00000024   Code   RO         4669    i._printf_post_padding  mc_w.l(printfa.o)
    0x080044d8   0x080044d8   0x0000002e   Code   RO         4670    i._printf_pre_padding  mc_w.l(printfa.o)
    0x08004506   0x08004506   0x00000002   PAD
    0x08004508   0x08004508   0x00000018   Code   RO          233    i.fputc             main.o
    0x08004520   0x08004520   0x0000004c   Code   RO          234    i.main              main.o
    0x0800456c   0x0800456c   0x0000000e   Code   RO         3909    i.makeFreeRtosPriority  cmsis_os.o
    0x0800457a   0x0800457a   0x00000018   Code   RO         3911    i.osDelay           cmsis_os.o
    0x08004592   0x08004592   0x0000000a   Code   RO         3914    i.osKernelStart     cmsis_os.o
    0x0800459c   0x0800459c   0x0000005e   Code   RO         3948    i.osThreadCreate    cmsis_os.o
    0x080045fa   0x080045fa   0x00000002   PAD
    0x080045fc   0x080045fc   0x00000098   Code   RO         3595    i.prvAddCurrentTaskToDelayedList  tasks.o
    0x08004694   0x08004694   0x000000b4   Code   RO         3596    i.prvAddNewTaskToReadyList  tasks.o
    0x08004748   0x08004748   0x00000048   Code   RO         3597    i.prvCheckTasksWaitingTermination  tasks.o
    0x08004790   0x08004790   0x00000050   Code   RO         3598    i.prvDeleteTCB      tasks.o
    0x080047e0   0x080047e0   0x0000007c   Code   RO         4276    i.prvHeapInit       heap_4.o
    0x0800485c   0x0800485c   0x00000028   Code   RO         3599    i.prvIdleTask       tasks.o
    0x08004884   0x08004884   0x000000aa   Code   RO         3600    i.prvInitialiseNewTask  tasks.o
    0x0800492e   0x0800492e   0x00000002   PAD
    0x08004930   0x08004930   0x00000068   Code   RO         3601    i.prvInitialiseTaskLists  tasks.o
    0x08004998   0x08004998   0x00000068   Code   RO         4277    i.prvInsertBlockIntoFreeList  heap_4.o
    0x08004a00   0x08004a00   0x00000034   Code   RO         3602    i.prvResetNextTaskUnblockTime  tasks.o
    0x08004a34   0x08004a34   0x00000040   Code   RO         4339    i.prvTaskExitError  port.o
    0x08004a74   0x08004a74   0x0000013c   Code   RO         4278    i.pvPortMalloc      heap_4.o
    0x08004bb0   0x08004bb0   0x00000024   Code   RO         4340    i.pxPortInitialiseStack  port.o
    0x08004bd4   0x08004bd4   0x00000028   Code   RO         3230    i.uxListRemove      list.o
    0x08004bfc   0x08004bfc   0x00000018   Code   RO          325    i.vApplicationGetIdleTaskMemory  freertos.o
    0x08004c14   0x08004c14   0x0000001a   Code   RO         3231    i.vListInitialise   list.o
    0x08004c2e   0x08004c2e   0x00000006   Code   RO         3232    i.vListInitialiseItem  list.o
    0x08004c34   0x08004c34   0x00000034   Code   RO         3233    i.vListInsert       list.o
    0x08004c68   0x08004c68   0x00000018   Code   RO         3234    i.vListInsertEnd    list.o
    0x08004c80   0x08004c80   0x00000054   Code   RO         4342    i.vPortEnterCritical  port.o
    0x08004cd4   0x08004cd4   0x0000003c   Code   RO         4343    i.vPortExitCritical  port.o
    0x08004d10   0x08004d10   0x00000094   Code   RO         4279    i.vPortFree         heap_4.o
    0x08004da4   0x08004da4   0x00000028   Code   RO         4344    i.vPortSetupTimerInterrupt  port.o
    0x08004dcc   0x08004dcc   0x0000005c   Code   RO         3610    i.vTaskDelay        tasks.o
    0x08004e28   0x08004e28   0x000000b0   Code   RO         3623    i.vTaskStartScheduler  tasks.o
    0x08004ed8   0x08004ed8   0x00000010   Code   RO         3625    i.vTaskSuspendAll   tasks.o
    0x08004ee8   0x08004ee8   0x0000008c   Code   RO         3626    i.vTaskSwitchContext  tasks.o
    0x08004f74   0x08004f74   0x000000f8   Code   RO         4346    i.xPortStartScheduler  port.o
    0x0800506c   0x0800506c   0x00000064   Code   RO         3628    i.xTaskCreate       tasks.o
    0x080050d0   0x080050d0   0x000000b8   Code   RO         3629    i.xTaskCreateStatic  tasks.o
    0x08005188   0x08005188   0x00000148   Code   RO         3636    i.xTaskIncrementTick  tasks.o
    0x080052d0   0x080052d0   0x00000104   Code   RO         3642    i.xTaskResumeAll    tasks.o
    0x080053d4   0x080053d4   0x00000070   Data   RO          327    .constdata          freertos.o
    0x08005444   0x08005444   0x00000018   Data   RO         3094    .constdata          system_stm32f1xx.o
    0x0800545c   0x0800545c   0x00000028   Data   RO          328    .conststring        freertos.o
    0x08005484   0x08005484   0x0000009b   Data   RO          660    .conststring        user_radar.o
    0x0800551f   0x0800551f   0x00000001   PAD
    0x08005520   0x08005520   0x00000020   Data   RO         4734    Region$$Table       anon$$obj.o


    Execution Region RW_IRAM1 (Exec base: 0x20000000, Load base: 0x08005540, Size: 0x00001a58, Max: 0x00005000, ABSOLUTE)

    Exec Addr    Load Addr    Size         Type   Attr      Idx    E Section Name        Object

    0x20000000   0x08005540   0x00000008   Data   RW           15    .data               user_key.o
    0x20000008   0x08005548   0x00000010   Data   RW          329    .data               freertos.o
    0x20000018   0x08005558   0x00000009   Data   RW          760    .data               stm32f1xx_hal.o
    0x20000021   0x08005561   0x00000003   PAD
    0x20000024   0x08005564   0x00000004   Data   RW         3095    .data               system_stm32f1xx.o
    0x20000028   0x08005568   0x0000003c   Data   RW         3645    .data               tasks.o
    0x20000064   0x080055a4   0x00000018   Data   RW         4284    .data               heap_4.o
    0x2000007c   0x080055bc   0x0000000c   Data   RW         4347    .data               port.o
    0x20000088   0x080055c8   0x00000004   Data   RW         4712    .data               mc_w.l(stdout.o)
    0x2000008c        -       0x00000430   Zero   RW          236    .bss                main.o
    0x200004bc        -       0x00000254   Zero   RW          326    .bss                freertos.o
    0x20000710        -       0x00000048   Zero   RW          401    .bss                tim.o
    0x20000758        -       0x00000198   Zero   RW          450    .bss                usart.o
    0x200008f0        -       0x00000048   Zero   RW          620    .bss                stm32f1xx_hal_timebase_tim.o
    0x20000938        -       0x00000030   Zero   RW          659    .bss                user_radar.o
    0x20000968        -       0x000000f0   Zero   RW         3644    .bss                tasks.o
    0x20000a58        -       0x00000c00   Zero   RW         4283    .bss                heap_4.o
    0x20001658        -       0x00000400   Zero   RW            1    STACK               startup_stm32f103xb.o


==============================================================================

Image component sizes


      Code (inc. data)   RO Data    RW Data    ZI Data      Debug   Object Name

       142          0          0          0          0      22051   cmsis_os.o
        84          4          0          0          0        742   dma.o
         0          0          0          0          0      18212   event_groups.o
       158         32        152         16        596       2622   freertos.o
       256         12          0          0          0        983   gpio.o
       692         62          0         24       3072       7195   heap_4.o
       148          0          0          0          0       3386   list.o
       234         28          0          0       1072       9053   main.o
       734         64          0         12          0      10312   port.o
        36          8        236          0       1024        796   startup_stm32f103xb.o
       116         24          0          9          0       5194   stm32f1xx_hal.o
       252         22          0          0          0      28638   stm32f1xx_hal_cortex.o
       978         12          0          0          0       4810   stm32f1xx_hal_dma.o
       848         34          0          0          0       3896   stm32f1xx_hal_gpio.o
        96         10          0          0          0        882   stm32f1xx_hal_msp.o
      1852        120          0          0          0       6561   stm32f1xx_hal_rcc.o
      1886         64          0          0          0      12488   stm32f1xx_hal_tim.o
       136         14          0          0          0       2365   stm32f1xx_hal_tim_ex.o
       160         22          0          0         72       1399   stm32f1xx_hal_timebase_tim.o
      2214         24          0          0          0      14766   stm32f1xx_hal_uart.o
       170         50          0          0          0       5379   stm32f1xx_it.o
         0          0          0          0          0        424   stream_buffer.o
         2          0         24          4          0       1095   system_stm32f1xx.o
      2146        270          0         60        240      16841   tasks.o
       260         32          0          0         72       2207   tim.o
       704         72          0          0        408       3125   usart.o
       196         12          0          0          0        575   user_fun.o
       258         18          0          8          0     456858   user_key.o
      2520       1126        155          0         48       3427   user_radar.o

    ----------------------------------------------------------------------
     17300       2136        600        136       6604     646282   Object Totals
         0          0         32          0          0          0   (incl. Generated)
        22          0          1          3          0          0   (incl. Padding)

    ----------------------------------------------------------------------

      Code (inc. data)   RO Data    RW Data    ZI Data      Debug   Library Member Name

         0          0          0          0          0          0   entry.o
         0          0          0          0          0          0   entry10a.o
         0          0          0          0          0          0   entry11a.o
         8          4          0          0          0          0   entry2.o
         4          0          0          0          0          0   entry5.o
         0          0          0          0          0          0   entry7b.o
         0          0          0          0          0          0   entry8b.o
         8          4          0          0          0          0   entry9a.o
        30          0          0          0          0          0   handlers.o
        36          8          0          0          0         68   init.o
         0          0          0          0          0          0   iusefp.o
        30          0          0          0          0         68   llshl.o
        36          0          0          0          0         68   llsshr.o
        32          0          0          0          0         68   llushr.o
        36          0          0          0          0         68   memcpya.o
        36          0          0          0          0        108   memseta.o
      2226         90          0          0          0        444   printfa.o
         0          0          0          4          0          0   stdout.o
        44          0          0          0          0         80   uidiv.o
        98          0          0          0          0         92   uldiv.o
        48          0          0          0          0         68   cdrcmple.o
        56          0          0          0          0         88   d2f.o
       334          0          0          0          0        148   dadd.o
       222          0          0          0          0        100   ddiv.o
       186          0          0          0          0        176   depilogue.o
        48          0          0          0          0         68   dfixul.o
        26          0          0          0          0         76   dfltui.o
       228          0          0          0          0         96   dmul.o
        38          0          0          0          0         68   f2d.o
       110          0          0          0          0        168   fepilogue.o

    ----------------------------------------------------------------------
      3924        106          0          4          0       2120   Library Totals
         4          0          0          0          0          0   (incl. Padding)

    ----------------------------------------------------------------------

      Code (inc. data)   RO Data    RW Data    ZI Data      Debug   Library Name

      2624        106          0          4          0       1064   mc_w.l
      1296          0          0          0          0       1056   mf_w.l

    ----------------------------------------------------------------------
      3924        106          0          4          0       2120   Library Totals

    ----------------------------------------------------------------------

==============================================================================


      Code (inc. data)   RO Data    RW Data    ZI Data      Debug   

     21224       2242        600        140       6604     640234   Grand Totals
     21224       2242        600        140       6604     640234   ELF Image Totals
     21224       2242        600        140          0          0   ROM Totals

==============================================================================

    Total RO  Size (Code + RO Data)                21824 (  21.31kB)
    Total RW  Size (RW Data + ZI Data)              6744 (   6.59kB)
    Total ROM Size (Code + RO Data + RW Data)      21964 (  21.45kB)

==============================================================================

